<?xml version="1.0"?>
<link_info>
   <banner>MSP430 Linker PC v4.3.1</banner>
   <copyright>Copyright (c) 2003-2014 Texas Instruments Incorporated</copyright>
   <link_time>0x542bef91</link_time>
   <link_errors>0x0</link_errors>
   <output_file>Patch Programmer.out</output_file>
   <entry_point>
      <name>_c_int00</name>
      <address>0xee8c</address>
   </entry_point>
   <input_file_list>
      <input_file id="fl-2">
         <path>.\</path>
         <kind>object</kind>
         <file>board.obj</file>
         <name>board.obj</name>
      </input_file>
      <input_file id="fl-3">
         <path>.\</path>
         <kind>object</kind>
         <file>PatchProgrammer_FW_Patch.obj</file>
         <name>PatchProgrammer_FW_Patch.obj</name>
      </input_file>
      <input_file id="fl-a">
         <path>C:\ti\PatchProgrammerMSP430FR5739-1.14\Patch Programmer Source\Patch Programmer CCS_FW_Patch\CC3000 Spi\Debug\</path>
         <kind>archive</kind>
         <file>CC3000 Spi.lib</file>
         <name>spi.obj</name>
      </input_file>
      <input_file id="fl-b">
         <path>C:\ti\PatchProgrammerMSP430FR5739-1.14\Patch Programmer Source\Patch Programmer CCS_FW_Patch\CC3000HostDriver\Debug\</path>
         <kind>archive</kind>
         <file>CC3000HostDriver.lib</file>
         <name>wlan.obj</name>
      </input_file>
      <input_file id="fl-c">
         <path>C:\ti\PatchProgrammerMSP430FR5739-1.14\Patch Programmer Source\Patch Programmer CCS_FW_Patch\CC3000HostDriver\Debug\</path>
         <kind>archive</kind>
         <file>CC3000HostDriver.lib</file>
         <name>nvmem.obj</name>
      </input_file>
      <input_file id="fl-d">
         <path>C:\ti\PatchProgrammerMSP430FR5739-1.14\Patch Programmer Source\Patch Programmer CCS_FW_Patch\CC3000HostDriver\Debug\</path>
         <kind>archive</kind>
         <file>CC3000HostDriver.lib</file>
         <name>hci.obj</name>
      </input_file>
      <input_file id="fl-e">
         <path>C:\ti\PatchProgrammerMSP430FR5739-1.14\Patch Programmer Source\Patch Programmer CCS_FW_Patch\CC3000HostDriver\Debug\</path>
         <kind>archive</kind>
         <file>CC3000HostDriver.lib</file>
         <name>evnt_handler.obj</name>
      </input_file>
      <input_file id="fl-f">
         <path>C:\ti\PatchProgrammerMSP430FR5739-1.14\Patch Programmer Source\Patch Programmer CCS_FW_Patch\CC3000HostDriver\Debug\</path>
         <kind>archive</kind>
         <file>CC3000HostDriver.lib</file>
         <name>cc3000_common.obj</name>
      </input_file>
      <input_file id="fl-39">
         <path>c:\ti\ccsv6\tools\compiler\msp430_4.3.1\lib\</path>
         <kind>archive</kind>
         <file>rts430x.lib</file>
         <name>boot.obj</name>
      </input_file>
      <input_file id="fl-3a">
         <path>c:\ti\ccsv6\tools\compiler\msp430_4.3.1\lib\</path>
         <kind>archive</kind>
         <file>rts430x.lib</file>
         <name>copy_decompress_none.obj</name>
      </input_file>
      <input_file id="fl-3b">
         <path>c:\ti\ccsv6\tools\compiler\msp430_4.3.1\lib\</path>
         <kind>archive</kind>
         <file>rts430x.lib</file>
         <name>copy_decompress_rle.obj</name>
      </input_file>
      <input_file id="fl-3c">
         <path>c:\ti\ccsv6\tools\compiler\msp430_4.3.1\lib\</path>
         <kind>archive</kind>
         <file>rts430x.lib</file>
         <name>copy_zero_init.obj</name>
      </input_file>
      <input_file id="fl-3d">
         <path>c:\ti\ccsv6\tools\compiler\msp430_4.3.1\lib\</path>
         <kind>archive</kind>
         <file>rts430x.lib</file>
         <name>cpy_util.obj</name>
      </input_file>
      <input_file id="fl-3e">
         <path>c:\ti\ccsv6\tools\compiler\msp430_4.3.1\lib\</path>
         <kind>archive</kind>
         <file>rts430x.lib</file>
         <name>div16u.obj</name>
      </input_file>
      <input_file id="fl-3f">
         <path>c:\ti\ccsv6\tools\compiler\msp430_4.3.1\lib\</path>
         <kind>archive</kind>
         <file>rts430x.lib</file>
         <name>errno.obj</name>
      </input_file>
      <input_file id="fl-40">
         <path>c:\ti\ccsv6\tools\compiler\msp430_4.3.1\lib\</path>
         <kind>archive</kind>
         <file>rts430x.lib</file>
         <name>exit.obj</name>
      </input_file>
      <input_file id="fl-41">
         <path>c:\ti\ccsv6\tools\compiler\msp430_4.3.1\lib\</path>
         <kind>archive</kind>
         <file>rts430x.lib</file>
         <name>lsl16.obj</name>
      </input_file>
      <input_file id="fl-42">
         <path>c:\ti\ccsv6\tools\compiler\msp430_4.3.1\lib\</path>
         <kind>archive</kind>
         <file>rts430x.lib</file>
         <name>lsl32.obj</name>
      </input_file>
      <input_file id="fl-43">
         <path>c:\ti\ccsv6\tools\compiler\msp430_4.3.1\lib\</path>
         <kind>archive</kind>
         <file>rts430x.lib</file>
         <name>lsr32.obj</name>
      </input_file>
      <input_file id="fl-44">
         <path>c:\ti\ccsv6\tools\compiler\msp430_4.3.1\lib\</path>
         <kind>archive</kind>
         <file>rts430x.lib</file>
         <name>memcpy.obj</name>
      </input_file>
      <input_file id="fl-45">
         <path>c:\ti\ccsv6\tools\compiler\msp430_4.3.1\lib\</path>
         <kind>archive</kind>
         <file>rts430x.lib</file>
         <name>memset.obj</name>
      </input_file>
      <input_file id="fl-46">
         <path>c:\ti\ccsv6\tools\compiler\msp430_4.3.1\lib\</path>
         <kind>archive</kind>
         <file>rts430x.lib</file>
         <name>mpu_init.obj</name>
      </input_file>
      <input_file id="fl-47">
         <path>c:\ti\ccsv6\tools\compiler\msp430_4.3.1\lib\</path>
         <kind>archive</kind>
         <file>rts430x.lib</file>
         <name>pre_init.obj</name>
      </input_file>
      <input_file id="fl-48">
         <path>c:\ti\ccsv6\tools\compiler\msp430_4.3.1\lib\</path>
         <kind>archive</kind>
         <file>rts430x.lib</file>
         <name>_lock.obj</name>
      </input_file>
      <input_file id="fl-49">
         <path>c:\ti\ccsv6\tools\compiler\msp430_4.3.1\lib\</path>
         <kind>archive</kind>
         <file>rts430x.lib</file>
         <name>args_main.obj</name>
      </input_file>
      <input_file id="fl-4a">
         <path>c:\ti\ccsv6\tools\compiler\msp430_4.3.1\lib\</path>
         <kind>archive</kind>
         <file>rts430x.lib</file>
         <name>autoinit.obj</name>
      </input_file>
   </input_file_list>
   <object_component_list>
      <object_component id="oc-87">
         <name>.cinit</name>
         <load_address>0xc400</load_address>
         <run_address>0xc400</run_address>
         <size>0x13</size>
         <input_file_ref idref="fl-3"/>
      </object_component>
      <object_component id="oc-8f">
         <name>.cinit</name>
         <load_address>0xc414</load_address>
         <run_address>0xc414</run_address>
         <size>0x9</size>
         <input_file_ref idref="fl-a"/>
      </object_component>
      <object_component id="oc-a7">
         <name>.cinit</name>
         <load_address>0xc41e</load_address>
         <run_address>0xc41e</run_address>
         <size>0x8</size>
         <input_file_ref idref="fl-e"/>
      </object_component>
      <object_component id="oc-80">
         <name>.cinit</name>
         <load_address>0xc426</load_address>
         <run_address>0xc426</run_address>
         <size>0x6</size>
         <input_file_ref idref="fl-2"/>
      </object_component>
      <object_component id="oc-d3">
         <name>.cinit</name>
         <load_address>0xc42c</load_address>
         <run_address>0xc42c</run_address>
         <size>0x6</size>
         <input_file_ref idref="fl-3f"/>
      </object_component>
      <object_component id="oc-118">
         <name>.const:.string:fw_patch</name>
         <load_address>0xc434</load_address>
         <run_address>0xc434</run_address>
         <size>0x1644</size>
         <input_file_ref idref="fl-3"/>
      </object_component>
      <object_component id="oc-88">
         <name>.const:.string</name>
         <load_address>0xda78</load_address>
         <run_address>0xda78</run_address>
         <size>0x4</size>
         <input_file_ref idref="fl-3"/>
      </object_component>
      <object_component id="oc-13e">
         <name>.text:hci_event_handler</name>
         <load_address>0xdc00</load_address>
         <run_address>0xdc00</run_address>
         <size>0x41c</size>
         <input_file_ref idref="fl-e"/>
      </object_component>
      <object_component id="oc-140">
         <name>.text:hci_unsol_event_handler</name>
         <load_address>0xe01c</load_address>
         <run_address>0xe01c</run_address>
         <size>0x2ae</size>
         <input_file_ref idref="fl-e"/>
      </object_component>
      <object_component id="oc-14a">
         <name>.text:hci_patch_send</name>
         <load_address>0xe2ca</load_address>
         <run_address>0xe2ca</run_address>
         <size>0xdc</size>
         <input_file_ref idref="fl-d"/>
      </object_component>
      <object_component id="oc-13d">
         <name>.text:SpiWrite</name>
         <load_address>0xe3a6</load_address>
         <run_address>0xe3a6</run_address>
         <size>0xca</size>
         <input_file_ref idref="fl-a"/>
      </object_component>
      <object_component id="oc-145">
         <name>.text:hci_unsol_handle_patch_request</name>
         <load_address>0xe470</load_address>
         <run_address>0xe470</run_address>
         <size>0xb6</size>
         <input_file_ref idref="fl-e"/>
      </object_component>
      <object_component id="oc-12b">
         <name>.text:wlan_start</name>
         <load_address>0xe526</load_address>
         <run_address>0xe526</run_address>
         <size>0x9e</size>
         <input_file_ref idref="fl-b"/>
      </object_component>
      <object_component id="oc-120">
         <name>.text:pio_init</name>
         <load_address>0xe5c4</load_address>
         <run_address>0xe5c4</run_address>
         <size>0x84</size>
         <input_file_ref idref="fl-2"/>
      </object_component>
      <object_component id="oc-12f">
         <name>.text:nvmem_write</name>
         <load_address>0xe648</load_address>
         <run_address>0xe648</run_address>
         <size>0x7c</size>
         <input_file_ref idref="fl-c"/>
      </object_component>
      <object_component id="oc-11e">
         <name>.text:SpiReadDataCont</name>
         <load_address>0xe6c4</load_address>
         <run_address>0xe6c4</run_address>
         <size>0x76</size>
         <input_file_ref idref="fl-a"/>
      </object_component>
      <object_component id="oc-119">
         <name>.text:nvmem_write_patch</name>
         <load_address>0xe73a</load_address>
         <run_address>0xe73a</run_address>
         <size>0x76</size>
         <input_file_ref idref="fl-c"/>
      </object_component>
      <object_component id="oc-117">
         <name>.text:initDriver</name>
         <load_address>0xe7b0</load_address>
         <run_address>0xe7b0</run_address>
         <size>0x72</size>
         <input_file_ref idref="fl-3"/>
      </object_component>
      <object_component id="oc-12d">
         <name>.text:wlan_set_event_mask</name>
         <load_address>0xe822</load_address>
         <run_address>0xe822</run_address>
         <size>0x72</size>
         <input_file_ref idref="fl-b"/>
      </object_component>
      <object_component id="oc-10c">
         <name>.text:_isr:IntSpiGPIOHandler</name>
         <load_address>0xe894</load_address>
         <run_address>0xe894</run_address>
         <size>0x6c</size>
         <input_file_ref idref="fl-a"/>
      </object_component>
      <object_component id="oc-12c">
         <name>.text:wlan_smart_config_set_prefix</name>
         <load_address>0xe900</load_address>
         <run_address>0xe900</run_address>
         <size>0x6c</size>
         <input_file_ref idref="fl-b"/>
      </object_component>
      <object_component id="oc-11a">
         <name>.text:turnLedOn</name>
         <load_address>0xe96c</load_address>
         <run_address>0xe96c</run_address>
         <size>0x68</size>
         <input_file_ref idref="fl-2"/>
      </object_component>
      <object_component id="oc-144">
         <name>.text:set_socket_active_status</name>
         <load_address>0xe9d4</load_address>
         <run_address>0xe9d4</run_address>
         <size>0x60</size>
         <input_file_ref idref="fl-e"/>
      </object_component>
      <object_component id="oc-11d">
         <name>.text:SpiReadDataSynchronous</name>
         <load_address>0xea34</load_address>
         <run_address>0xea34</run_address>
         <size>0x54</size>
         <input_file_ref idref="fl-a"/>
      </object_component>
      <object_component id="oc-111">
         <name>.text:main</name>
         <load_address>0xea88</load_address>
         <run_address>0xea88</run_address>
         <size>0x50</size>
         <input_file_ref idref="fl-3"/>
      </object_component>
      <object_component id="oc-142">
         <name>.text:SpiFirstWrite</name>
         <load_address>0xead8</load_address>
         <run_address>0xead8</run_address>
         <size>0x4a</size>
         <input_file_ref idref="fl-a"/>
      </object_component>
      <object_component id="oc-110">
         <name>.text:_auto_init</name>
         <load_address>0xeb22</load_address>
         <run_address>0xeb22</run_address>
         <size>0x48</size>
         <input_file_ref idref="fl-4a"/>
      </object_component>
      <object_component id="oc-143">
         <name>.text:STREAM_TO_UINT32_f</name>
         <load_address>0xeb6a</load_address>
         <run_address>0xeb6a</run_address>
         <size>0x40</size>
         <input_file_ref idref="fl-f"/>
      </object_component>
      <object_component id="oc-147">
         <name>.text:hci_event_unsol_flowcontrol_handler</name>
         <load_address>0xebaa</load_address>
         <run_address>0xebaa</run_address>
         <size>0x40</size>
         <input_file_ref idref="fl-e"/>
      </object_component>
      <object_component id="oc-148">
         <name>.text:l_lsl_const</name>
         <load_address>0xebea</load_address>
         <run_address>0xebea</run_address>
         <size>0x3e</size>
         <input_file_ref idref="fl-42"/>
      </object_component>
      <object_component id="oc-13f">
         <name>.text:l_lsr_const</name>
         <load_address>0xec28</load_address>
         <run_address>0xec28</run_address>
         <size>0x3e</size>
         <input_file_ref idref="fl-43"/>
      </object_component>
      <object_component id="oc-13a">
         <name>.text:hci_data_command_send</name>
         <load_address>0xec66</load_address>
         <run_address>0xec66</run_address>
         <size>0x3c</size>
         <input_file_ref idref="fl-d"/>
      </object_component>
      <object_component id="oc-12a">
         <name>.text:wlan_init</name>
         <load_address>0xeca2</load_address>
         <run_address>0xeca2</run_address>
         <size>0x3a</size>
         <input_file_ref idref="fl-b"/>
      </object_component>
      <object_component id="oc-113">
         <name>.text:SpiWriteDataSynchronous</name>
         <load_address>0xecdc</load_address>
         <run_address>0xecdc</run_address>
         <size>0x36</size>
         <input_file_ref idref="fl-a"/>
      </object_component>
      <object_component id="oc-13b">
         <name>.text:hci_unsolicited_event_handler</name>
         <load_address>0xed12</load_address>
         <run_address>0xed12</run_address>
         <size>0x34</size>
         <input_file_ref idref="fl-e"/>
      </object_component>
      <object_component id="oc-121">
         <name>.text:init_spi</name>
         <load_address>0xed46</load_address>
         <run_address>0xed46</run_address>
         <size>0x34</size>
         <input_file_ref idref="fl-a"/>
      </object_component>
      <object_component id="oc-136">
         <name>.text:SimpleLink_Init_Start</name>
         <load_address>0xed7a</load_address>
         <run_address>0xed7a</run_address>
         <size>0x30</size>
         <input_file_ref idref="fl-b"/>
      </object_component>
      <object_component id="oc-146">
         <name>.text:update_socket_active_status</name>
         <load_address>0xedaa</load_address>
         <run_address>0xedaa</run_address>
         <size>0x30</size>
         <input_file_ref idref="fl-e"/>
      </object_component>
      <object_component id="oc-135">
         <name>.text:SpiOpen</name>
         <load_address>0xedda</load_address>
         <run_address>0xedda</run_address>
         <size>0x2e</size>
         <input_file_ref idref="fl-a"/>
      </object_component>
      <object_component id="oc-137">
         <name>.text:hci_command_send</name>
         <load_address>0xee08</load_address>
         <run_address>0xee08</run_address>
         <size>0x2e</size>
         <input_file_ref idref="fl-d"/>
      </object_component>
      <object_component id="oc-11f">
         <name>.text:SpiTriggerRxProcessing</name>
         <load_address>0xee36</load_address>
         <run_address>0xee36</run_address>
         <size>0x2c</size>
         <input_file_ref idref="fl-a"/>
      </object_component>
      <object_component id="oc-139">
         <name>.text:UINT32_TO_STREAM_f</name>
         <load_address>0xee62</load_address>
         <run_address>0xee62</run_address>
         <size>0x2a</size>
         <input_file_ref idref="fl-f"/>
      </object_component>
      <object_component id="oc-78">
         <name>.text:_isr:_c_int00_noexit</name>
         <load_address>0xee8c</load_address>
         <run_address>0xee8c</run_address>
         <size>0x2a</size>
         <input_file_ref idref="fl-39"/>
      </object_component>
      <object_component id="oc-12e">
         <name>.text:unsolicicted_events_timer_init</name>
         <load_address>0xeeb6</load_address>
         <run_address>0xeeb6</run_address>
         <size>0x20</size>
         <input_file_ref idref="fl-2"/>
      </object_component>
      <object_component id="oc-133">
         <name>.text:initLEDs</name>
         <load_address>0xeed6</load_address>
         <run_address>0xeed6</run_address>
         <size>0x1a</size>
         <input_file_ref idref="fl-2"/>
      </object_component>
      <object_component id="oc-132">
         <name>.text:initClk</name>
         <load_address>0xeef0</load_address>
         <run_address>0xeef0</run_address>
         <size>0x18</size>
         <input_file_ref idref="fl-2"/>
      </object_component>
      <object_component id="oc-cc">
         <name>.text</name>
         <load_address>0xef08</load_address>
         <run_address>0xef08</run_address>
         <size>0x16</size>
         <input_file_ref idref="fl-3e"/>
      </object_component>
      <object_component id="oc-130">
         <name>.text:STREAM_TO_UINT16_f</name>
         <load_address>0xef1e</load_address>
         <run_address>0xef1e</run_address>
         <size>0x14</size>
         <input_file_ref idref="fl-f"/>
      </object_component>
      <object_component id="oc-115">
         <name>.text:SSIContReadOperation</name>
         <load_address>0xef32</load_address>
         <run_address>0xef32</run_address>
         <size>0x12</size>
         <input_file_ref idref="fl-a"/>
      </object_component>
      <object_component id="oc-138">
         <name>.text:SimpleLinkWaitEvent</name>
         <load_address>0xef44</load_address>
         <run_address>0xef44</run_address>
         <size>0x12</size>
         <input_file_ref idref="fl-e"/>
      </object_component>
      <object_component id="oc-116">
         <name>.text:memcpy</name>
         <load_address>0xef56</load_address>
         <run_address>0xef56</run_address>
         <size>0x12</size>
         <input_file_ref idref="fl-44"/>
      </object_component>
      <object_component id="oc-13c">
         <name>.text:UINT16_TO_STREAM_f</name>
         <load_address>0xef68</load_address>
         <run_address>0xef68</run_address>
         <size>0x10</size>
         <input_file_ref idref="fl-f"/>
      </object_component>
      <object_component id="oc-123">
         <name>.text:WlanInterruptEnable</name>
         <load_address>0xef78</load_address>
         <run_address>0xef78</run_address>
         <size>0x10</size>
         <input_file_ref idref="fl-2"/>
      </object_component>
      <object_component id="oc-125">
         <name>.text:WriteWlanPin</name>
         <load_address>0xef88</load_address>
         <run_address>0xef88</run_address>
         <size>0x10</size>
         <input_file_ref idref="fl-2"/>
      </object_component>
      <object_component id="oc-149">
         <name>.text:l_lsl</name>
         <load_address>0xef98</load_address>
         <run_address>0xef98</run_address>
         <size>0x10</size>
         <input_file_ref idref="fl-42"/>
      </object_component>
      <object_component id="oc-114">
         <name>.text:SpiReadHeader</name>
         <load_address>0xefa8</load_address>
         <run_address>0xefa8</run_address>
         <size>0xe</size>
         <input_file_ref idref="fl-a"/>
      </object_component>
      <object_component id="oc-134">
         <name>.text:SpiReceiveHandler</name>
         <load_address>0xefb6</load_address>
         <run_address>0xefb6</run_address>
         <size>0xe</size>
         <input_file_ref idref="fl-b"/>
      </object_component>
      <object_component id="oc-11c">
         <name>.text:RXBufferIsEmpty</name>
         <load_address>0xefc4</load_address>
         <run_address>0xefc4</run_address>
         <size>0xa</size>
         <input_file_ref idref="fl-a"/>
      </object_component>
      <object_component id="oc-122">
         <name>.text:ReadWlanInterruptPin</name>
         <load_address>0xefce</load_address>
         <run_address>0xefce</run_address>
         <size>0xa</size>
         <input_file_ref idref="fl-2"/>
      </object_component>
      <object_component id="oc-11b">
         <name>.text:TXBufferIsEmpty</name>
         <load_address>0xefd8</load_address>
         <run_address>0xefd8</run_address>
         <size>0xa</size>
         <input_file_ref idref="fl-a"/>
      </object_component>
      <object_component id="oc-10d">
         <name>.text:_isr:TIMER1_A0_ISR</name>
         <load_address>0xefe2</load_address>
         <run_address>0xefe2</run_address>
         <size>0xa</size>
         <input_file_ref idref="fl-2"/>
      </object_component>
      <object_component id="oc-da">
         <name>.text</name>
         <load_address>0xefec</load_address>
         <run_address>0xefec</run_address>
         <size>0xa</size>
         <input_file_ref idref="fl-41"/>
      </object_component>
      <object_component id="oc-129">
         <name>.text:sendBootLoaderPatch</name>
         <load_address>0xeff6</load_address>
         <run_address>0xeff6</run_address>
         <size>0xa</size>
         <input_file_ref idref="fl-3"/>
      </object_component>
      <object_component id="oc-128">
         <name>.text:sendDriverPatch</name>
         <load_address>0xf000</load_address>
         <run_address>0xf000</run_address>
         <size>0xa</size>
         <input_file_ref idref="fl-3"/>
      </object_component>
      <object_component id="oc-127">
         <name>.text:sendWLFWPatch</name>
         <load_address>0xf00a</load_address>
         <run_address>0xf00a</run_address>
         <size>0xa</size>
         <input_file_ref idref="fl-3"/>
      </object_component>
      <object_component id="oc-131">
         <name>.text:SpiPauseSpi</name>
         <load_address>0xf014</load_address>
         <run_address>0xf014</run_address>
         <size>0x6</size>
         <input_file_ref idref="fl-a"/>
      </object_component>
      <object_component id="oc-141">
         <name>.text:SpiResumeSpi</name>
         <load_address>0xf01a</load_address>
         <run_address>0xf01a</run_address>
         <size>0x6</size>
         <input_file_ref idref="fl-a"/>
      </object_component>
      <object_component id="oc-124">
         <name>.text:WlanInterruptDisable</name>
         <load_address>0xf020</load_address>
         <run_address>0xf020</run_address>
         <size>0x6</size>
         <input_file_ref idref="fl-2"/>
      </object_component>
      <object_component id="oc-10b">
         <name>.text:_isr:Trap_ISR</name>
         <load_address>0xf026</load_address>
         <run_address>0xf026</run_address>
         <size>0x4</size>
         <input_file_ref idref="fl-2"/>
      </object_component>
      <object_component id="oc-10f">
         <name>.text:_system_pre_init</name>
         <load_address>0xf02a</load_address>
         <run_address>0xf02a</run_address>
         <size>0x4</size>
         <input_file_ref idref="fl-47"/>
      </object_component>
      <object_component id="oc-112">
         <name>.text:abort</name>
         <load_address>0xf02e</load_address>
         <run_address>0xf02e</run_address>
         <size>0x4</size>
         <input_file_ref idref="fl-40"/>
      </object_component>
      <object_component id="oc-126">
         <name>.text:CC3000_UsynchCallback</name>
         <load_address>0xf032</load_address>
         <run_address>0xf032</run_address>
         <size>0x2</size>
         <input_file_ref idref="fl-3"/>
      </object_component>
      <object_component id="oc-10e">
         <name>.text:_nop</name>
         <load_address>0xf034</load_address>
         <run_address>0xf034</run_address>
         <size>0x2</size>
         <input_file_ref idref="fl-48"/>
      </object_component>
      <object_component id="oc-7e">
         <name>.bss</name>
         <uninitialized>true</uninitialized>
         <run_address>0x1cf6</run_address>
         <size>0x2</size>
         <input_file_ref idref="fl-2"/>
      </object_component>
      <object_component id="oc-85">
         <name>.bss</name>
         <uninitialized>true</uninitialized>
         <run_address>0x1c00</run_address>
         <size>0x8e</size>
         <input_file_ref idref="fl-3"/>
      </object_component>
      <object_component id="oc-8d">
         <name>.bss</name>
         <uninitialized>true</uninitialized>
         <run_address>0x1ccc</run_address>
         <size>0x16</size>
         <input_file_ref idref="fl-a"/>
      </object_component>
      <object_component id="oc-95">
         <name>.bss</name>
         <uninitialized>true</uninitialized>
         <run_address>0x1c8e</run_address>
         <size>0x3e</size>
         <input_file_ref idref="fl-b"/>
      </object_component>
      <object_component id="oc-a5">
         <name>.bss</name>
         <uninitialized>true</uninitialized>
         <run_address>0x1cf2</run_address>
         <size>0x4</size>
         <input_file_ref idref="fl-e"/>
      </object_component>
      <object_component id="oc-b1">
         <name>.bss</name>
         <uninitialized>true</uninitialized>
         <run_address>0x1cea</run_address>
         <size>0x8</size>
         <input_file_ref idref="fl-39"/>
      </object_component>
      <object_component id="oc-d1">
         <name>.bss</name>
         <uninitialized>true</uninitialized>
         <run_address>0x1cf8</run_address>
         <size>0x2</size>
         <input_file_ref idref="fl-3f"/>
      </object_component>
      <object_component id="oc-fb">
         <name>.bss</name>
         <uninitialized>true</uninitialized>
         <run_address>0x1ce2</run_address>
         <size>0x8</size>
         <input_file_ref idref="fl-48"/>
      </object_component>
      <object_component id="oc-b3">
         <name>.stack</name>
         <uninitialized>true</uninitialized>
         <run_address>0x1f60</run_address>
         <size>0x2</size>
         <input_file_ref idref="fl-39"/>
      </object_component>
      <object_component id="oc-19d">
         <name>.stack</name>
         <uninitialized>true</uninitialized>
         <run_address>0x1f60</run_address>
         <size>0x0</size>
      </object_component>
      <object_component id="oc-90">
         <name>.FRAM_DATA</name>
         <uninitialized>true</uninitialized>
         <run_address>0xc200</run_address>
         <size>0x68</size>
         <input_file_ref idref="fl-a"/>
      </object_component>
      <object_component id="oc-65">
         <name>.int31</name>
         <load_address>0xffce</load_address>
         <run_address>0xffce</run_address>
         <size>0x2</size>
         <input_file_ref idref="fl-2"/>
      </object_component>
      <object_component id="oc-66">
         <name>.int32</name>
         <load_address>0xffd0</load_address>
         <run_address>0xffd0</run_address>
         <size>0x2</size>
         <input_file_ref idref="fl-2"/>
      </object_component>
      <object_component id="oc-67">
         <name>.int33</name>
         <load_address>0xffd2</load_address>
         <run_address>0xffd2</run_address>
         <size>0x2</size>
         <input_file_ref idref="fl-2"/>
      </object_component>
      <object_component id="oc-68">
         <name>.int34</name>
         <load_address>0xffd4</load_address>
         <run_address>0xffd4</run_address>
         <size>0x2</size>
         <input_file_ref idref="fl-2"/>
      </object_component>
      <object_component id="oc-69">
         <name>.int35</name>
         <load_address>0xffd6</load_address>
         <run_address>0xffd6</run_address>
         <size>0x2</size>
         <input_file_ref idref="fl-2"/>
      </object_component>
      <object_component id="oc-6a">
         <name>.int36</name>
         <load_address>0xffd8</load_address>
         <run_address>0xffd8</run_address>
         <size>0x2</size>
         <input_file_ref idref="fl-a"/>
      </object_component>
      <object_component id="oc-6b">
         <name>.int37</name>
         <load_address>0xffda</load_address>
         <run_address>0xffda</run_address>
         <size>0x2</size>
         <input_file_ref idref="fl-2"/>
      </object_component>
      <object_component id="oc-6c">
         <name>.int38</name>
         <load_address>0xffdc</load_address>
         <run_address>0xffdc</run_address>
         <size>0x2</size>
         <input_file_ref idref="fl-2"/>
      </object_component>
      <object_component id="oc-6d">
         <name>.int39</name>
         <load_address>0xffde</load_address>
         <run_address>0xffde</run_address>
         <size>0x2</size>
         <input_file_ref idref="fl-2"/>
      </object_component>
      <object_component id="oc-6e">
         <name>.int40</name>
         <load_address>0xffe0</load_address>
         <run_address>0xffe0</run_address>
         <size>0x2</size>
         <input_file_ref idref="fl-2"/>
      </object_component>
      <object_component id="oc-6f">
         <name>.int41</name>
         <load_address>0xffe2</load_address>
         <run_address>0xffe2</run_address>
         <size>0x2</size>
         <input_file_ref idref="fl-2"/>
      </object_component>
      <object_component id="oc-70">
         <name>.int42</name>
         <load_address>0xffe4</load_address>
         <run_address>0xffe4</run_address>
         <size>0x2</size>
         <input_file_ref idref="fl-2"/>
      </object_component>
      <object_component id="oc-71">
         <name>.int43</name>
         <load_address>0xffe6</load_address>
         <run_address>0xffe6</run_address>
         <size>0x2</size>
         <input_file_ref idref="fl-2"/>
      </object_component>
      <object_component id="oc-72">
         <name>.int44</name>
         <load_address>0xffe8</load_address>
         <run_address>0xffe8</run_address>
         <size>0x2</size>
         <input_file_ref idref="fl-2"/>
      </object_component>
      <object_component id="oc-73">
         <name>.int45</name>
         <load_address>0xffea</load_address>
         <run_address>0xffea</run_address>
         <size>0x2</size>
         <input_file_ref idref="fl-2"/>
      </object_component>
      <object_component id="oc-74">
         <name>.int46</name>
         <load_address>0xffec</load_address>
         <run_address>0xffec</run_address>
         <size>0x2</size>
         <input_file_ref idref="fl-2"/>
      </object_component>
      <object_component id="oc-75">
         <name>.int47</name>
         <load_address>0xffee</load_address>
         <run_address>0xffee</run_address>
         <size>0x2</size>
         <input_file_ref idref="fl-2"/>
      </object_component>
      <object_component id="oc-76">
         <name>.int48</name>
         <load_address>0xfff0</load_address>
         <run_address>0xfff0</run_address>
         <size>0x2</size>
         <input_file_ref idref="fl-2"/>
      </object_component>
      <object_component id="oc-77">
         <name>.int49</name>
         <load_address>0xfff2</load_address>
         <run_address>0xfff2</run_address>
         <size>0x2</size>
         <input_file_ref idref="fl-2"/>
      </object_component>
      <object_component id="oc-79">
         <name>.int50</name>
         <load_address>0xfff4</load_address>
         <run_address>0xfff4</run_address>
         <size>0x2</size>
         <input_file_ref idref="fl-2"/>
      </object_component>
      <object_component id="oc-7a">
         <name>.int51</name>
         <load_address>0xfff6</load_address>
         <run_address>0xfff6</run_address>
         <size>0x2</size>
         <input_file_ref idref="fl-2"/>
      </object_component>
      <object_component id="oc-7b">
         <name>.int52</name>
         <load_address>0xfff8</load_address>
         <run_address>0xfff8</run_address>
         <size>0x2</size>
         <input_file_ref idref="fl-2"/>
      </object_component>
      <object_component id="oc-7c">
         <name>.int53</name>
         <load_address>0xfffa</load_address>
         <run_address>0xfffa</run_address>
         <size>0x2</size>
         <input_file_ref idref="fl-2"/>
      </object_component>
      <object_component id="oc-7d">
         <name>.int54</name>
         <load_address>0xfffc</load_address>
         <run_address>0xfffc</run_address>
         <size>0x2</size>
         <input_file_ref idref="fl-2"/>
      </object_component>
      <object_component id="oc-b4">
         <name>.reset</name>
         <load_address>0xfffe</load_address>
         <run_address>0xfffe</run_address>
         <size>0x2</size>
         <input_file_ref idref="fl-39"/>
      </object_component>
      <object_component id="oc-7f">
         <name>.debug_info</name>
         <load_address>0x0</load_address>
         <run_address>0x0</run_address>
         <size>0x1211</size>
         <input_file_ref idref="fl-2"/>
      </object_component>
      <object_component id="oc-86">
         <name>.debug_info</name>
         <load_address>0x1211</load_address>
         <run_address>0x1211</run_address>
         <size>0x1191</size>
         <input_file_ref idref="fl-3"/>
      </object_component>
      <object_component id="oc-8e">
         <name>.debug_info</name>
         <load_address>0x23a2</load_address>
         <run_address>0x23a2</run_address>
         <size>0x1d4a</size>
         <input_file_ref idref="fl-a"/>
      </object_component>
      <object_component id="oc-96">
         <name>.debug_info</name>
         <load_address>0x40ec</load_address>
         <run_address>0x40ec</run_address>
         <size>0x159d</size>
         <input_file_ref idref="fl-b"/>
      </object_component>
      <object_component id="oc-9b">
         <name>.debug_info</name>
         <load_address>0x5689</load_address>
         <run_address>0x5689</run_address>
         <size>0xde7</size>
         <input_file_ref idref="fl-c"/>
      </object_component>
      <object_component id="oc-a0">
         <name>.debug_info</name>
         <load_address>0x6470</load_address>
         <run_address>0x6470</run_address>
         <size>0xa53</size>
         <input_file_ref idref="fl-d"/>
      </object_component>
      <object_component id="oc-a6">
         <name>.debug_info</name>
         <load_address>0x6ec3</load_address>
         <run_address>0x6ec3</run_address>
         <size>0x1fd7</size>
         <input_file_ref idref="fl-e"/>
      </object_component>
      <object_component id="oc-ac">
         <name>.debug_info</name>
         <load_address>0x8e9a</load_address>
         <run_address>0x8e9a</run_address>
         <size>0x831</size>
         <input_file_ref idref="fl-f"/>
      </object_component>
      <object_component id="oc-b2">
         <name>.debug_info</name>
         <load_address>0x96cb</load_address>
         <run_address>0x96cb</run_address>
         <size>0x3d9</size>
         <input_file_ref idref="fl-39"/>
      </object_component>
      <object_component id="oc-b9">
         <name>.debug_info</name>
         <load_address>0x9aa4</load_address>
         <run_address>0x9aa4</run_address>
         <size>0x286</size>
         <input_file_ref idref="fl-3a"/>
      </object_component>
      <object_component id="oc-be">
         <name>.debug_info</name>
         <load_address>0x9d2a</load_address>
         <run_address>0x9d2a</run_address>
         <size>0x27b</size>
         <input_file_ref idref="fl-3b"/>
      </object_component>
      <object_component id="oc-c3">
         <name>.debug_info</name>
         <load_address>0x9fa5</load_address>
         <run_address>0x9fa5</run_address>
         <size>0x284</size>
         <input_file_ref idref="fl-3c"/>
      </object_component>
      <object_component id="oc-c8">
         <name>.debug_info</name>
         <load_address>0xa229</load_address>
         <run_address>0xa229</run_address>
         <size>0x8e</size>
         <input_file_ref idref="fl-3d"/>
      </object_component>
      <object_component id="oc-cd">
         <name>.debug_info</name>
         <load_address>0xa2b7</load_address>
         <run_address>0xa2b7</run_address>
         <size>0xbe</size>
         <input_file_ref idref="fl-3e"/>
      </object_component>
      <object_component id="oc-d2">
         <name>.debug_info</name>
         <load_address>0xa375</load_address>
         <run_address>0xa375</run_address>
         <size>0x16c</size>
         <input_file_ref idref="fl-3f"/>
      </object_component>
      <object_component id="oc-d5">
         <name>.debug_info</name>
         <load_address>0xa4e1</load_address>
         <run_address>0xa4e1</run_address>
         <size>0x29b</size>
         <input_file_ref idref="fl-40"/>
      </object_component>
      <object_component id="oc-db">
         <name>.debug_info</name>
         <load_address>0xa77c</load_address>
         <run_address>0xa77c</run_address>
         <size>0xbb</size>
         <input_file_ref idref="fl-41"/>
      </object_component>
      <object_component id="oc-df">
         <name>.debug_info</name>
         <load_address>0xa837</load_address>
         <run_address>0xa837</run_address>
         <size>0xf1</size>
         <input_file_ref idref="fl-42"/>
      </object_component>
      <object_component id="oc-e3">
         <name>.debug_info</name>
         <load_address>0xa928</load_address>
         <run_address>0xa928</run_address>
         <size>0xc1</size>
         <input_file_ref idref="fl-43"/>
      </object_component>
      <object_component id="oc-e7">
         <name>.debug_info</name>
         <load_address>0xa9e9</load_address>
         <run_address>0xa9e9</run_address>
         <size>0x2ba</size>
         <input_file_ref idref="fl-44"/>
      </object_component>
      <object_component id="oc-ec">
         <name>.debug_info</name>
         <load_address>0xaca3</load_address>
         <run_address>0xaca3</run_address>
         <size>0x1ed</size>
         <input_file_ref idref="fl-45"/>
      </object_component>
      <object_component id="oc-f1">
         <name>.debug_info</name>
         <load_address>0xae90</load_address>
         <run_address>0xae90</run_address>
         <size>0x270</size>
         <input_file_ref idref="fl-46"/>
      </object_component>
      <object_component id="oc-f6">
         <name>.debug_info</name>
         <load_address>0xb100</load_address>
         <run_address>0xb100</run_address>
         <size>0x22d</size>
         <input_file_ref idref="fl-47"/>
      </object_component>
      <object_component id="oc-fc">
         <name>.debug_info</name>
         <load_address>0xb32d</load_address>
         <run_address>0xb32d</run_address>
         <size>0x249</size>
         <input_file_ref idref="fl-48"/>
      </object_component>
      <object_component id="oc-101">
         <name>.debug_info</name>
         <load_address>0xb576</load_address>
         <run_address>0xb576</run_address>
         <size>0x288</size>
         <input_file_ref idref="fl-49"/>
      </object_component>
      <object_component id="oc-106">
         <name>.debug_info</name>
         <load_address>0xb7fe</load_address>
         <run_address>0xb7fe</run_address>
         <size>0x34f</size>
         <input_file_ref idref="fl-4a"/>
      </object_component>
      <object_component id="oc-19e">
         <name>.debug_info</name>
         <load_address>0xbb4d</load_address>
         <run_address>0xbb4d</run_address>
         <size>0xe1</size>
      </object_component>
      <object_component id="oc-81">
         <name>.debug_frame</name>
         <load_address>0x0</load_address>
         <run_address>0x0</run_address>
         <size>0x11a</size>
         <input_file_ref idref="fl-2"/>
      </object_component>
      <object_component id="oc-89">
         <name>.debug_frame</name>
         <load_address>0x11a</load_address>
         <run_address>0x11a</run_address>
         <size>0xc5</size>
         <input_file_ref idref="fl-3"/>
      </object_component>
      <object_component id="oc-91">
         <name>.debug_frame</name>
         <load_address>0x1df</load_address>
         <run_address>0x1df</run_address>
         <size>0x1c5</size>
         <input_file_ref idref="fl-a"/>
      </object_component>
      <object_component id="oc-97">
         <name>.debug_frame</name>
         <load_address>0x3a4</load_address>
         <run_address>0x3a4</run_address>
         <size>0xe4</size>
         <input_file_ref idref="fl-b"/>
      </object_component>
      <object_component id="oc-9c">
         <name>.debug_frame</name>
         <load_address>0x488</load_address>
         <run_address>0x488</run_address>
         <size>0x98</size>
         <input_file_ref idref="fl-c"/>
      </object_component>
      <object_component id="oc-a1">
         <name>.debug_frame</name>
         <load_address>0x520</load_address>
         <run_address>0x520</run_address>
         <size>0xa5</size>
         <input_file_ref idref="fl-d"/>
      </object_component>
      <object_component id="oc-a8">
         <name>.debug_frame</name>
         <load_address>0x5c5</load_address>
         <run_address>0x5c5</run_address>
         <size>0x157</size>
         <input_file_ref idref="fl-e"/>
      </object_component>
      <object_component id="oc-ad">
         <name>.debug_frame</name>
         <load_address>0x71c</load_address>
         <run_address>0x71c</run_address>
         <size>0x8f</size>
         <input_file_ref idref="fl-f"/>
      </object_component>
      <object_component id="oc-b5">
         <name>.debug_frame</name>
         <load_address>0x7ab</load_address>
         <run_address>0x7ab</run_address>
         <size>0x42</size>
         <input_file_ref idref="fl-39"/>
      </object_component>
      <object_component id="oc-ba">
         <name>.debug_frame</name>
         <load_address>0x7ed</load_address>
         <run_address>0x7ed</run_address>
         <size>0x32</size>
         <input_file_ref idref="fl-3a"/>
      </object_component>
      <object_component id="oc-bf">
         <name>.debug_frame</name>
         <load_address>0x81f</load_address>
         <run_address>0x81f</run_address>
         <size>0x32</size>
         <input_file_ref idref="fl-3b"/>
      </object_component>
      <object_component id="oc-c4">
         <name>.debug_frame</name>
         <load_address>0x851</load_address>
         <run_address>0x851</run_address>
         <size>0x32</size>
         <input_file_ref idref="fl-3c"/>
      </object_component>
      <object_component id="oc-d6">
         <name>.debug_frame</name>
         <load_address>0x883</load_address>
         <run_address>0x883</run_address>
         <size>0x47</size>
         <input_file_ref idref="fl-40"/>
      </object_component>
      <object_component id="oc-e8">
         <name>.debug_frame</name>
         <load_address>0x8ca</load_address>
         <run_address>0x8ca</run_address>
         <size>0x47</size>
         <input_file_ref idref="fl-44"/>
      </object_component>
      <object_component id="oc-ed">
         <name>.debug_frame</name>
         <load_address>0x911</load_address>
         <run_address>0x911</run_address>
         <size>0x32</size>
         <input_file_ref idref="fl-45"/>
      </object_component>
      <object_component id="oc-f2">
         <name>.debug_frame</name>
         <load_address>0x943</load_address>
         <run_address>0x943</run_address>
         <size>0x32</size>
         <input_file_ref idref="fl-46"/>
      </object_component>
      <object_component id="oc-f7">
         <name>.debug_frame</name>
         <load_address>0x975</load_address>
         <run_address>0x975</run_address>
         <size>0x47</size>
         <input_file_ref idref="fl-47"/>
      </object_component>
      <object_component id="oc-fd">
         <name>.debug_frame</name>
         <load_address>0x9bc</load_address>
         <run_address>0x9bc</run_address>
         <size>0x47</size>
         <input_file_ref idref="fl-48"/>
      </object_component>
      <object_component id="oc-102">
         <name>.debug_frame</name>
         <load_address>0xa03</load_address>
         <run_address>0xa03</run_address>
         <size>0x32</size>
         <input_file_ref idref="fl-49"/>
      </object_component>
      <object_component id="oc-107">
         <name>.debug_frame</name>
         <load_address>0xa35</load_address>
         <run_address>0xa35</run_address>
         <size>0x53</size>
         <input_file_ref idref="fl-4a"/>
      </object_component>
      <object_component id="oc-82">
         <name>.debug_line</name>
         <load_address>0x0</load_address>
         <run_address>0x0</run_address>
         <size>0x1ed</size>
         <input_file_ref idref="fl-2"/>
      </object_component>
      <object_component id="oc-8a">
         <name>.debug_line</name>
         <load_address>0x1ed</load_address>
         <run_address>0x1ed</run_address>
         <size>0x13d</size>
         <input_file_ref idref="fl-3"/>
      </object_component>
      <object_component id="oc-92">
         <name>.debug_line</name>
         <load_address>0x32a</load_address>
         <run_address>0x32a</run_address>
         <size>0x302</size>
         <input_file_ref idref="fl-a"/>
      </object_component>
      <object_component id="oc-98">
         <name>.debug_line</name>
         <load_address>0x62c</load_address>
         <run_address>0x62c</run_address>
         <size>0x164</size>
         <input_file_ref idref="fl-b"/>
      </object_component>
      <object_component id="oc-9d">
         <name>.debug_line</name>
         <load_address>0x790</load_address>
         <run_address>0x790</run_address>
         <size>0xda</size>
         <input_file_ref idref="fl-c"/>
      </object_component>
      <object_component id="oc-a2">
         <name>.debug_line</name>
         <load_address>0x86a</load_address>
         <run_address>0x86a</run_address>
         <size>0x111</size>
         <input_file_ref idref="fl-d"/>
      </object_component>
      <object_component id="oc-a9">
         <name>.debug_line</name>
         <load_address>0x97b</load_address>
         <run_address>0x97b</run_address>
         <size>0x3b9</size>
         <input_file_ref idref="fl-e"/>
      </object_component>
      <object_component id="oc-ae">
         <name>.debug_line</name>
         <load_address>0xd34</load_address>
         <run_address>0xd34</run_address>
         <size>0xf1</size>
         <input_file_ref idref="fl-f"/>
      </object_component>
      <object_component id="oc-b6">
         <name>.debug_line</name>
         <load_address>0xe25</load_address>
         <run_address>0xe25</run_address>
         <size>0x45</size>
         <input_file_ref idref="fl-39"/>
      </object_component>
      <object_component id="oc-bb">
         <name>.debug_line</name>
         <load_address>0xe6a</load_address>
         <run_address>0xe6a</run_address>
         <size>0x37</size>
         <input_file_ref idref="fl-3a"/>
      </object_component>
      <object_component id="oc-c0">
         <name>.debug_line</name>
         <load_address>0xea1</load_address>
         <run_address>0xea1</run_address>
         <size>0x36</size>
         <input_file_ref idref="fl-3b"/>
      </object_component>
      <object_component id="oc-c5">
         <name>.debug_line</name>
         <load_address>0xed7</load_address>
         <run_address>0xed7</run_address>
         <size>0x31</size>
         <input_file_ref idref="fl-3c"/>
      </object_component>
      <object_component id="oc-c9">
         <name>.debug_line</name>
         <load_address>0xf08</load_address>
         <run_address>0xf08</run_address>
         <size>0x2d</size>
         <input_file_ref idref="fl-3d"/>
      </object_component>
      <object_component id="oc-ce">
         <name>.debug_line</name>
         <load_address>0xf35</load_address>
         <run_address>0xf35</run_address>
         <size>0x43</size>
         <input_file_ref idref="fl-3e"/>
      </object_component>
      <object_component id="oc-d7">
         <name>.debug_line</name>
         <load_address>0xf78</load_address>
         <run_address>0xf78</run_address>
         <size>0x3d</size>
         <input_file_ref idref="fl-40"/>
      </object_component>
      <object_component id="oc-dc">
         <name>.debug_line</name>
         <load_address>0xfb5</load_address>
         <run_address>0xfb5</run_address>
         <size>0x3b</size>
         <input_file_ref idref="fl-41"/>
      </object_component>
      <object_component id="oc-e0">
         <name>.debug_line</name>
         <load_address>0xff0</load_address>
         <run_address>0xff0</run_address>
         <size>0x6d</size>
         <input_file_ref idref="fl-42"/>
      </object_component>
      <object_component id="oc-e4">
         <name>.debug_line</name>
         <load_address>0x105d</load_address>
         <run_address>0x105d</run_address>
         <size>0x59</size>
         <input_file_ref idref="fl-43"/>
      </object_component>
      <object_component id="oc-e9">
         <name>.debug_line</name>
         <load_address>0x10b6</load_address>
         <run_address>0x10b6</run_address>
         <size>0x45</size>
         <input_file_ref idref="fl-44"/>
      </object_component>
      <object_component id="oc-ee">
         <name>.debug_line</name>
         <load_address>0x10fb</load_address>
         <run_address>0x10fb</run_address>
         <size>0x41</size>
         <input_file_ref idref="fl-45"/>
      </object_component>
      <object_component id="oc-f3">
         <name>.debug_line</name>
         <load_address>0x113c</load_address>
         <run_address>0x113c</run_address>
         <size>0x2b</size>
         <input_file_ref idref="fl-46"/>
      </object_component>
      <object_component id="oc-f8">
         <name>.debug_line</name>
         <load_address>0x1167</load_address>
         <run_address>0x1167</run_address>
         <size>0x3e</size>
         <input_file_ref idref="fl-47"/>
      </object_component>
      <object_component id="oc-fe">
         <name>.debug_line</name>
         <load_address>0x11a5</load_address>
         <run_address>0x11a5</run_address>
         <size>0x38</size>
         <input_file_ref idref="fl-48"/>
      </object_component>
      <object_component id="oc-103">
         <name>.debug_line</name>
         <load_address>0x11dd</load_address>
         <run_address>0x11dd</run_address>
         <size>0x2c</size>
         <input_file_ref idref="fl-49"/>
      </object_component>
      <object_component id="oc-108">
         <name>.debug_line</name>
         <load_address>0x1209</load_address>
         <run_address>0x1209</run_address>
         <size>0x62</size>
         <input_file_ref idref="fl-4a"/>
      </object_component>
      <object_component id="oc-83">
         <name>.debug_abbrev</name>
         <load_address>0x0</load_address>
         <run_address>0x0</run_address>
         <size>0x1bf</size>
         <input_file_ref idref="fl-2"/>
      </object_component>
      <object_component id="oc-8b">
         <name>.debug_abbrev</name>
         <load_address>0x1bf</load_address>
         <run_address>0x1bf</run_address>
         <size>0x1db</size>
         <input_file_ref idref="fl-3"/>
      </object_component>
      <object_component id="oc-93">
         <name>.debug_abbrev</name>
         <load_address>0x39a</load_address>
         <run_address>0x39a</run_address>
         <size>0x21d</size>
         <input_file_ref idref="fl-a"/>
      </object_component>
      <object_component id="oc-99">
         <name>.debug_abbrev</name>
         <load_address>0x5b7</load_address>
         <run_address>0x5b7</run_address>
         <size>0x21b</size>
         <input_file_ref idref="fl-b"/>
      </object_component>
      <object_component id="oc-9e">
         <name>.debug_abbrev</name>
         <load_address>0x7d2</load_address>
         <run_address>0x7d2</run_address>
         <size>0x150</size>
         <input_file_ref idref="fl-c"/>
      </object_component>
      <object_component id="oc-a3">
         <name>.debug_abbrev</name>
         <load_address>0x922</load_address>
         <run_address>0x922</run_address>
         <size>0xea</size>
         <input_file_ref idref="fl-d"/>
      </object_component>
      <object_component id="oc-aa">
         <name>.debug_abbrev</name>
         <load_address>0xa0c</load_address>
         <run_address>0xa0c</run_address>
         <size>0x248</size>
         <input_file_ref idref="fl-e"/>
      </object_component>
      <object_component id="oc-af">
         <name>.debug_abbrev</name>
         <load_address>0xc54</load_address>
         <run_address>0xc54</run_address>
         <size>0xca</size>
         <input_file_ref idref="fl-f"/>
      </object_component>
      <object_component id="oc-b7">
         <name>.debug_abbrev</name>
         <load_address>0xd1e</load_address>
         <run_address>0xd1e</run_address>
         <size>0x118</size>
         <input_file_ref idref="fl-39"/>
      </object_component>
      <object_component id="oc-bc">
         <name>.debug_abbrev</name>
         <load_address>0xe36</load_address>
         <run_address>0xe36</run_address>
         <size>0xcb</size>
         <input_file_ref idref="fl-3a"/>
      </object_component>
      <object_component id="oc-c1">
         <name>.debug_abbrev</name>
         <load_address>0xf01</load_address>
         <run_address>0xf01</run_address>
         <size>0x101</size>
         <input_file_ref idref="fl-3b"/>
      </object_component>
      <object_component id="oc-c6">
         <name>.debug_abbrev</name>
         <load_address>0x1002</load_address>
         <run_address>0x1002</run_address>
         <size>0xbd</size>
         <input_file_ref idref="fl-3c"/>
      </object_component>
      <object_component id="oc-ca">
         <name>.debug_abbrev</name>
         <load_address>0x10bf</load_address>
         <run_address>0x10bf</run_address>
         <size>0x31</size>
         <input_file_ref idref="fl-3d"/>
      </object_component>
      <object_component id="oc-cf">
         <name>.debug_abbrev</name>
         <load_address>0x10f0</load_address>
         <run_address>0x10f0</run_address>
         <size>0x37</size>
         <input_file_ref idref="fl-3e"/>
      </object_component>
      <object_component id="oc-d4">
         <name>.debug_abbrev</name>
         <load_address>0x1127</load_address>
         <run_address>0x1127</run_address>
         <size>0x31</size>
         <input_file_ref idref="fl-3f"/>
      </object_component>
      <object_component id="oc-d8">
         <name>.debug_abbrev</name>
         <load_address>0x1158</load_address>
         <run_address>0x1158</run_address>
         <size>0xfe</size>
         <input_file_ref idref="fl-40"/>
      </object_component>
      <object_component id="oc-dd">
         <name>.debug_abbrev</name>
         <load_address>0x1256</load_address>
         <run_address>0x1256</run_address>
         <size>0x37</size>
         <input_file_ref idref="fl-41"/>
      </object_component>
      <object_component id="oc-e1">
         <name>.debug_abbrev</name>
         <load_address>0x128d</load_address>
         <run_address>0x128d</run_address>
         <size>0x37</size>
         <input_file_ref idref="fl-42"/>
      </object_component>
      <object_component id="oc-e5">
         <name>.debug_abbrev</name>
         <load_address>0x12c4</load_address>
         <run_address>0x12c4</run_address>
         <size>0x37</size>
         <input_file_ref idref="fl-43"/>
      </object_component>
      <object_component id="oc-ea">
         <name>.debug_abbrev</name>
         <load_address>0x12fb</load_address>
         <run_address>0x12fb</run_address>
         <size>0x9f</size>
         <input_file_ref idref="fl-44"/>
      </object_component>
      <object_component id="oc-ef">
         <name>.debug_abbrev</name>
         <load_address>0x139a</load_address>
         <run_address>0x139a</run_address>
         <size>0x9f</size>
         <input_file_ref idref="fl-45"/>
      </object_component>
      <object_component id="oc-f4">
         <name>.debug_abbrev</name>
         <load_address>0x1439</load_address>
         <run_address>0x1439</run_address>
         <size>0xa6</size>
         <input_file_ref idref="fl-46"/>
      </object_component>
      <object_component id="oc-f9">
         <name>.debug_abbrev</name>
         <load_address>0x14df</load_address>
         <run_address>0x14df</run_address>
         <size>0x68</size>
         <input_file_ref idref="fl-47"/>
      </object_component>
      <object_component id="oc-ff">
         <name>.debug_abbrev</name>
         <load_address>0x1547</load_address>
         <run_address>0x1547</run_address>
         <size>0xa9</size>
         <input_file_ref idref="fl-48"/>
      </object_component>
      <object_component id="oc-104">
         <name>.debug_abbrev</name>
         <load_address>0x15f0</load_address>
         <run_address>0x15f0</run_address>
         <size>0xec</size>
         <input_file_ref idref="fl-49"/>
      </object_component>
      <object_component id="oc-109">
         <name>.debug_abbrev</name>
         <load_address>0x16dc</load_address>
         <run_address>0x16dc</run_address>
         <size>0x11d</size>
         <input_file_ref idref="fl-4a"/>
      </object_component>
      <object_component id="oc-19f">
         <name>.debug_abbrev</name>
         <load_address>0x17f9</load_address>
         <run_address>0x17f9</run_address>
         <size>0xf</size>
      </object_component>
      <object_component id="oc-84">
         <name>.debug_aranges</name>
         <load_address>0x0</load_address>
         <run_address>0x0</run_address>
         <size>0x70</size>
         <input_file_ref idref="fl-2"/>
      </object_component>
      <object_component id="oc-8c">
         <name>.debug_aranges</name>
         <load_address>0x70</load_address>
         <run_address>0x70</run_address>
         <size>0x48</size>
         <input_file_ref idref="fl-3"/>
      </object_component>
      <object_component id="oc-94">
         <name>.debug_aranges</name>
         <load_address>0xb8</load_address>
         <run_address>0xb8</run_address>
         <size>0x90</size>
         <input_file_ref idref="fl-a"/>
      </object_component>
      <object_component id="oc-9a">
         <name>.debug_aranges</name>
         <load_address>0x148</load_address>
         <run_address>0x148</run_address>
         <size>0x48</size>
         <input_file_ref idref="fl-b"/>
      </object_component>
      <object_component id="oc-9f">
         <name>.debug_aranges</name>
         <load_address>0x190</load_address>
         <run_address>0x190</run_address>
         <size>0x28</size>
         <input_file_ref idref="fl-c"/>
      </object_component>
      <object_component id="oc-a4">
         <name>.debug_aranges</name>
         <load_address>0x1b8</load_address>
         <run_address>0x1b8</run_address>
         <size>0x30</size>
         <input_file_ref idref="fl-d"/>
      </object_component>
      <object_component id="oc-ab">
         <name>.debug_aranges</name>
         <load_address>0x1e8</load_address>
         <run_address>0x1e8</run_address>
         <size>0x58</size>
         <input_file_ref idref="fl-e"/>
      </object_component>
      <object_component id="oc-b0">
         <name>.debug_aranges</name>
         <load_address>0x240</load_address>
         <run_address>0x240</run_address>
         <size>0x38</size>
         <input_file_ref idref="fl-f"/>
      </object_component>
      <object_component id="oc-b8">
         <name>.debug_aranges</name>
         <load_address>0x278</load_address>
         <run_address>0x278</run_address>
         <size>0x20</size>
         <input_file_ref idref="fl-39"/>
      </object_component>
      <object_component id="oc-bd">
         <name>.debug_aranges</name>
         <load_address>0x298</load_address>
         <run_address>0x298</run_address>
         <size>0x18</size>
         <input_file_ref idref="fl-3a"/>
      </object_component>
      <object_component id="oc-c2">
         <name>.debug_aranges</name>
         <load_address>0x2b0</load_address>
         <run_address>0x2b0</run_address>
         <size>0x18</size>
         <input_file_ref idref="fl-3b"/>
      </object_component>
      <object_component id="oc-c7">
         <name>.debug_aranges</name>
         <load_address>0x2c8</load_address>
         <run_address>0x2c8</run_address>
         <size>0x18</size>
         <input_file_ref idref="fl-3c"/>
      </object_component>
      <object_component id="oc-cb">
         <name>.debug_aranges</name>
         <load_address>0x2e0</load_address>
         <run_address>0x2e0</run_address>
         <size>0x18</size>
         <input_file_ref idref="fl-3d"/>
      </object_component>
      <object_component id="oc-d0">
         <name>.debug_aranges</name>
         <load_address>0x2f8</load_address>
         <run_address>0x2f8</run_address>
         <size>0x20</size>
         <input_file_ref idref="fl-3e"/>
      </object_component>
      <object_component id="oc-d9">
         <name>.debug_aranges</name>
         <load_address>0x318</load_address>
         <run_address>0x318</run_address>
         <size>0x20</size>
         <input_file_ref idref="fl-40"/>
      </object_component>
      <object_component id="oc-de">
         <name>.debug_aranges</name>
         <load_address>0x338</load_address>
         <run_address>0x338</run_address>
         <size>0x20</size>
         <input_file_ref idref="fl-41"/>
      </object_component>
      <object_component id="oc-e2">
         <name>.debug_aranges</name>
         <load_address>0x358</load_address>
         <run_address>0x358</run_address>
         <size>0x28</size>
         <input_file_ref idref="fl-42"/>
      </object_component>
      <object_component id="oc-e6">
         <name>.debug_aranges</name>
         <load_address>0x380</load_address>
         <run_address>0x380</run_address>
         <size>0x20</size>
         <input_file_ref idref="fl-43"/>
      </object_component>
      <object_component id="oc-eb">
         <name>.debug_aranges</name>
         <load_address>0x3a0</load_address>
         <run_address>0x3a0</run_address>
         <size>0x20</size>
         <input_file_ref idref="fl-44"/>
      </object_component>
      <object_component id="oc-f0">
         <name>.debug_aranges</name>
         <load_address>0x3c0</load_address>
         <run_address>0x3c0</run_address>
         <size>0x18</size>
         <input_file_ref idref="fl-45"/>
      </object_component>
      <object_component id="oc-f5">
         <name>.debug_aranges</name>
         <load_address>0x3d8</load_address>
         <run_address>0x3d8</run_address>
         <size>0x18</size>
         <input_file_ref idref="fl-46"/>
      </object_component>
      <object_component id="oc-fa">
         <name>.debug_aranges</name>
         <load_address>0x3f0</load_address>
         <run_address>0x3f0</run_address>
         <size>0x20</size>
         <input_file_ref idref="fl-47"/>
      </object_component>
      <object_component id="oc-100">
         <name>.debug_aranges</name>
         <load_address>0x410</load_address>
         <run_address>0x410</run_address>
         <size>0x20</size>
         <input_file_ref idref="fl-48"/>
      </object_component>
      <object_component id="oc-105">
         <name>.debug_aranges</name>
         <load_address>0x430</load_address>
         <run_address>0x430</run_address>
         <size>0x18</size>
         <input_file_ref idref="fl-49"/>
      </object_component>
      <object_component id="oc-10a">
         <name>.debug_aranges</name>
         <load_address>0x448</load_address>
         <run_address>0x448</run_address>
         <size>0x20</size>
         <input_file_ref idref="fl-4a"/>
      </object_component>
   </object_component_list>
   <logical_group_list>
      <logical_group id="lg-4" display="no" color="cyan">
         <name>.cio</name>
         <run_address>0xc400</run_address>
         <size>0x0</size>
         <contents>
         </contents>
      </logical_group>
      <logical_group id="lg-5" display="no" color="cyan">
         <name>.sysmem</name>
         <run_address>0xc400</run_address>
         <size>0x0</size>
         <contents>
         </contents>
      </logical_group>
      <logical_group id="lg-3" display="no" color="cyan">
         <name>READ_WRITE_MEMORY</name>
         <run_address>0xc400</run_address>
         <size>0x0</size>
         <contents>
            <logical_group_ref idref="lg-4"/>
            <logical_group_ref idref="lg-5"/>
         </contents>
      </logical_group>
      <logical_group id="lg-7" display="no" color="cyan">
         <name>.cinit</name>
         <load_address>0xc400</load_address>
         <run_address>0xc400</run_address>
         <size>0x34</size>
         <contents>
            <object_component_ref idref="oc-87"/>
            <object_component_ref idref="oc-8f"/>
            <object_component_ref idref="oc-a7"/>
            <object_component_ref idref="oc-80"/>
            <object_component_ref idref="oc-d3"/>
         </contents>
      </logical_group>
      <logical_group id="lg-8" display="no" color="cyan">
         <name>.pinit</name>
         <run_address>0xc434</run_address>
         <size>0x0</size>
         <contents>
         </contents>
      </logical_group>
      <logical_group id="lg-9" display="no" color="cyan">
         <name>.init_array</name>
         <run_address>0xc434</run_address>
         <size>0x0</size>
         <contents>
         </contents>
      </logical_group>
      <logical_group id="lg-a" display="no" color="cyan">
         <name>.mspabi.exidx</name>
         <run_address>0xc434</run_address>
         <size>0x0</size>
         <contents>
         </contents>
      </logical_group>
      <logical_group id="lg-b" display="no" color="cyan">
         <name>.mspabi.extab</name>
         <run_address>0xc434</run_address>
         <size>0x0</size>
         <contents>
         </contents>
      </logical_group>
      <logical_group id="lg-c" display="no" color="cyan">
         <name>.const</name>
         <load_address>0xc434</load_address>
         <run_address>0xc434</run_address>
         <size>0x1648</size>
         <contents>
            <object_component_ref idref="oc-118"/>
            <object_component_ref idref="oc-88"/>
         </contents>
      </logical_group>
      <logical_group id="lg-6" display="no" color="cyan">
         <name>READ_ONLY_MEMORY</name>
         <load_address>0xc400</load_address>
         <run_address>0xc400</run_address>
         <size>0x167c</size>
         <contents>
            <logical_group_ref idref="lg-7"/>
            <logical_group_ref idref="lg-8"/>
            <logical_group_ref idref="lg-9"/>
            <logical_group_ref idref="lg-a"/>
            <logical_group_ref idref="lg-b"/>
            <logical_group_ref idref="lg-c"/>
         </contents>
      </logical_group>
      <logical_group id="lg-e" display="no" color="cyan">
         <name>.text</name>
         <load_address>0xdc00</load_address>
         <run_address>0xdc00</run_address>
         <size>0x1436</size>
         <contents>
            <object_component_ref idref="oc-13e"/>
            <object_component_ref idref="oc-140"/>
            <object_component_ref idref="oc-14a"/>
            <object_component_ref idref="oc-13d"/>
            <object_component_ref idref="oc-145"/>
            <object_component_ref idref="oc-12b"/>
            <object_component_ref idref="oc-120"/>
            <object_component_ref idref="oc-12f"/>
            <object_component_ref idref="oc-11e"/>
            <object_component_ref idref="oc-119"/>
            <object_component_ref idref="oc-117"/>
            <object_component_ref idref="oc-12d"/>
            <object_component_ref idref="oc-10c"/>
            <object_component_ref idref="oc-12c"/>
            <object_component_ref idref="oc-11a"/>
            <object_component_ref idref="oc-144"/>
            <object_component_ref idref="oc-11d"/>
            <object_component_ref idref="oc-111"/>
            <object_component_ref idref="oc-142"/>
            <object_component_ref idref="oc-110"/>
            <object_component_ref idref="oc-143"/>
            <object_component_ref idref="oc-147"/>
            <object_component_ref idref="oc-148"/>
            <object_component_ref idref="oc-13f"/>
            <object_component_ref idref="oc-13a"/>
            <object_component_ref idref="oc-12a"/>
            <object_component_ref idref="oc-113"/>
            <object_component_ref idref="oc-13b"/>
            <object_component_ref idref="oc-121"/>
            <object_component_ref idref="oc-136"/>
            <object_component_ref idref="oc-146"/>
            <object_component_ref idref="oc-135"/>
            <object_component_ref idref="oc-137"/>
            <object_component_ref idref="oc-11f"/>
            <object_component_ref idref="oc-139"/>
            <object_component_ref idref="oc-78"/>
            <object_component_ref idref="oc-12e"/>
            <object_component_ref idref="oc-133"/>
            <object_component_ref idref="oc-132"/>
            <object_component_ref idref="oc-cc"/>
            <object_component_ref idref="oc-130"/>
            <object_component_ref idref="oc-115"/>
            <object_component_ref idref="oc-138"/>
            <object_component_ref idref="oc-116"/>
            <object_component_ref idref="oc-13c"/>
            <object_component_ref idref="oc-123"/>
            <object_component_ref idref="oc-125"/>
            <object_component_ref idref="oc-149"/>
            <object_component_ref idref="oc-114"/>
            <object_component_ref idref="oc-134"/>
            <object_component_ref idref="oc-11c"/>
            <object_component_ref idref="oc-122"/>
            <object_component_ref idref="oc-11b"/>
            <object_component_ref idref="oc-10d"/>
            <object_component_ref idref="oc-da"/>
            <object_component_ref idref="oc-129"/>
            <object_component_ref idref="oc-128"/>
            <object_component_ref idref="oc-127"/>
            <object_component_ref idref="oc-131"/>
            <object_component_ref idref="oc-141"/>
            <object_component_ref idref="oc-124"/>
            <object_component_ref idref="oc-10b"/>
            <object_component_ref idref="oc-10f"/>
            <object_component_ref idref="oc-112"/>
            <object_component_ref idref="oc-126"/>
            <object_component_ref idref="oc-10e"/>
         </contents>
      </logical_group>
      <logical_group id="lg-d" display="no" color="cyan">
         <name>EXECUTABLE_MEMORY</name>
         <load_address>0xdc00</load_address>
         <run_address>0xdc00</run_address>
         <size>0x1436</size>
         <contents>
            <logical_group_ref idref="lg-e"/>
         </contents>
      </logical_group>
      <logical_group id="lg-2" display="no" color="cyan">
         <name>ALL_FRAM</name>
         <load_address>0xc400</load_address>
         <run_address>0xc400</run_address>
         <size>0x2c36</size>
         <contents>
            <logical_group_ref idref="lg-3"/>
            <logical_group_ref idref="lg-6"/>
            <logical_group_ref idref="lg-d"/>
         </contents>
      </logical_group>
      <logical_group id="lg-f" display="no" color="cyan">
         <name>.bss</name>
         <run_address>0x1c00</run_address>
         <size>0xfa</size>
         <contents>
            <object_component_ref idref="oc-7e"/>
            <object_component_ref idref="oc-85"/>
            <object_component_ref idref="oc-8d"/>
            <object_component_ref idref="oc-95"/>
            <object_component_ref idref="oc-a5"/>
            <object_component_ref idref="oc-b1"/>
            <object_component_ref idref="oc-d1"/>
            <object_component_ref idref="oc-fb"/>
         </contents>
      </logical_group>
      <logical_group id="lg-10" display="no" color="cyan">
         <name>.data</name>
         <run_address>0x1c00</run_address>
         <size>0x0</size>
         <contents>
         </contents>
      </logical_group>
      <logical_group id="lg-11" display="no" color="cyan">
         <name>.stack</name>
         <run_address>0x1f60</run_address>
         <size>0xa0</size>
         <contents>
            <object_component_ref idref="oc-b3"/>
            <object_component_ref idref="oc-19d"/>
         </contents>
      </logical_group>
      <logical_group id="lg-12" display="no" color="cyan">
         <name>.FRAM_DATA</name>
         <run_address>0xc200</run_address>
         <size>0x68</size>
         <contents>
            <object_component_ref idref="oc-90"/>
         </contents>
      </logical_group>
      <logical_group id="lg-13" display="no" color="cyan">
         <name>.infoA</name>
         <run_address>0x0</run_address>
         <size>0x0</size>
         <contents>
         </contents>
      </logical_group>
      <logical_group id="lg-14" display="no" color="cyan">
         <name>.infoB</name>
         <run_address>0x0</run_address>
         <size>0x0</size>
         <contents>
         </contents>
      </logical_group>
      <logical_group id="lg-15" display="no" color="cyan">
         <name>.int00</name>
         <run_address>0x0</run_address>
         <size>0x0</size>
         <contents>
         </contents>
      </logical_group>
      <logical_group id="lg-16" display="no" color="cyan">
         <name>.int01</name>
         <run_address>0x0</run_address>
         <size>0x0</size>
         <contents>
         </contents>
      </logical_group>
      <logical_group id="lg-17" display="no" color="cyan">
         <name>.int02</name>
         <run_address>0x0</run_address>
         <size>0x0</size>
         <contents>
         </contents>
      </logical_group>
      <logical_group id="lg-18" display="no" color="cyan">
         <name>.int03</name>
         <run_address>0x0</run_address>
         <size>0x0</size>
         <contents>
         </contents>
      </logical_group>
      <logical_group id="lg-19" display="no" color="cyan">
         <name>.int04</name>
         <run_address>0x0</run_address>
         <size>0x0</size>
         <contents>
         </contents>
      </logical_group>
      <logical_group id="lg-1a" display="no" color="cyan">
         <name>.int05</name>
         <run_address>0x0</run_address>
         <size>0x0</size>
         <contents>
         </contents>
      </logical_group>
      <logical_group id="lg-1b" display="no" color="cyan">
         <name>.int06</name>
         <run_address>0x0</run_address>
         <size>0x0</size>
         <contents>
         </contents>
      </logical_group>
      <logical_group id="lg-1c" display="no" color="cyan">
         <name>.int07</name>
         <run_address>0x0</run_address>
         <size>0x0</size>
         <contents>
         </contents>
      </logical_group>
      <logical_group id="lg-1d" display="no" color="cyan">
         <name>.int08</name>
         <run_address>0x0</run_address>
         <size>0x0</size>
         <contents>
         </contents>
      </logical_group>
      <logical_group id="lg-1e" display="no" color="cyan">
         <name>.int09</name>
         <run_address>0x0</run_address>
         <size>0x0</size>
         <contents>
         </contents>
      </logical_group>
      <logical_group id="lg-1f" display="no" color="cyan">
         <name>.int10</name>
         <run_address>0x0</run_address>
         <size>0x0</size>
         <contents>
         </contents>
      </logical_group>
      <logical_group id="lg-20" display="no" color="cyan">
         <name>.int11</name>
         <run_address>0x0</run_address>
         <size>0x0</size>
         <contents>
         </contents>
      </logical_group>
      <logical_group id="lg-21" display="no" color="cyan">
         <name>.int12</name>
         <run_address>0x0</run_address>
         <size>0x0</size>
         <contents>
         </contents>
      </logical_group>
      <logical_group id="lg-22" display="no" color="cyan">
         <name>.int13</name>
         <run_address>0x0</run_address>
         <size>0x0</size>
         <contents>
[...]
      </symbol>
      <symbol id="sm-347">
         <name>__TI_int44</name>
         <value>0xffe8</value>
         <object_component_ref idref="oc-72"/>
      </symbol>
      <symbol id="sm-348">
         <name>__TI_int45</name>
         <value>0xffea</value>
         <object_component_ref idref="oc-73"/>
      </symbol>
      <symbol id="sm-349">
         <name>__TI_int42</name>
         <value>0xffe4</value>
         <object_component_ref idref="oc-70"/>
      </symbol>
      <symbol id="sm-34a">
         <name>__TI_int43</name>
         <value>0xffe6</value>
         <object_component_ref idref="oc-71"/>
      </symbol>
      <symbol id="sm-34b">
         <name>__TI_int40</name>
         <value>0xffe0</value>
         <object_component_ref idref="oc-6e"/>
      </symbol>
      <symbol id="sm-34c">
         <name>__TI_int41</name>
         <value>0xffe2</value>
         <object_component_ref idref="oc-6f"/>
      </symbol>
      <symbol id="sm-34d">
         <name>__TI_int54</name>
         <value>0xfffc</value>
         <object_component_ref idref="oc-7d"/>
      </symbol>
      <symbol id="sm-34e">
         <name>__TI_int52</name>
         <value>0xfff8</value>
         <object_component_ref idref="oc-7b"/>
      </symbol>
      <symbol id="sm-34f">
         <name>__TI_int53</name>
         <value>0xfffa</value>
         <object_component_ref idref="oc-7c"/>
      </symbol>
      <symbol id="sm-350">
         <name>__TI_int50</name>
         <value>0xfff4</value>
         <object_component_ref idref="oc-79"/>
      </symbol>
      <symbol id="sm-351">
         <name>__TI_int51</name>
         <value>0xfff6</value>
         <object_component_ref idref="oc-7a"/>
      </symbol>
      <symbol id="sm-352">
         <name>WlanInterruptEnable</name>
         <value>0xef78</value>
         <object_component_ref idref="oc-123"/>
      </symbol>
      <symbol id="sm-353">
         <name>pio_init</name>
         <value>0xe5c4</value>
         <object_component_ref idref="oc-120"/>
      </symbol>
      <symbol id="sm-354">
         <name>initClk</name>
         <value>0xeef0</value>
         <object_component_ref idref="oc-132"/>
      </symbol>
      <symbol id="sm-355">
         <name>turnLedOn</name>
         <value>0xe96c</value>
         <object_component_ref idref="oc-11a"/>
      </symbol>
      <symbol id="sm-356">
         <name>unsolicicted_events_timer_init</name>
         <value>0xeeb6</value>
         <object_component_ref idref="oc-12e"/>
      </symbol>
      <symbol id="sm-357">
         <name>WlanInterruptDisable</name>
         <value>0xf020</value>
         <object_component_ref idref="oc-124"/>
      </symbol>
      <symbol id="sm-378">
         <name>fw_patch</name>
         <value>0xc434</value>
         <object_component_ref idref="oc-118"/>
      </symbol>
      <symbol id="sm-379">
         <name>sendWLFWPatch</name>
         <value>0xf00a</value>
         <object_component_ref idref="oc-127"/>
      </symbol>
      <symbol id="sm-37a">
         <name>sendDriverPatch</name>
         <value>0xf000</value>
         <object_component_ref idref="oc-128"/>
      </symbol>
      <symbol id="sm-37b">
         <name>main</name>
         <value>0xea88</value>
         <object_component_ref idref="oc-111"/>
      </symbol>
      <symbol id="sm-37c">
         <name>cRMParamsFromEeprom</name>
         <value>0x1c04</value>
         <object_component_ref idref="oc-85"/>
      </symbol>
      <symbol id="sm-37d">
         <name>return_status</name>
         <value>0x1c03</value>
         <object_component_ref idref="oc-85"/>
      </symbol>
      <symbol id="sm-37e">
         <name>ucStatus_FW</name>
         <value>0x1c02</value>
         <object_component_ref idref="oc-85"/>
      </symbol>
      <symbol id="sm-37f">
         <name>cMacFromEeprom</name>
         <value>0x1c84</value>
         <object_component_ref idref="oc-85"/>
      </symbol>
      <symbol id="sm-380">
         <name>initDriver</name>
         <value>0xe7b0</value>
         <object_component_ref idref="oc-117"/>
      </symbol>
      <symbol id="sm-381">
         <name>fw_length</name>
         <value>0x1c00</value>
         <object_component_ref idref="oc-85"/>
      </symbol>
      <symbol id="sm-382">
         <name>CC3000_UsynchCallback</name>
         <value>0xf032</value>
         <object_component_ref idref="oc-126"/>
      </symbol>
      <symbol id="sm-383">
         <name>aucCC3000_prefix</name>
         <value>0x1c8a</value>
         <object_component_ref idref="oc-85"/>
      </symbol>
      <symbol id="sm-384">
         <name>sendBootLoaderPatch</name>
         <value>0xeff6</value>
         <object_component_ref idref="oc-129"/>
      </symbol>
      <symbol id="sm-3d8">
         <name>IntSpiGPIOHandler</name>
         <value>0xe894</value>
         <object_component_ref idref="oc-10c"/>
      </symbol>
      <symbol id="sm-3d9">
         <name>tSpiReadHeader</name>
         <value>0x1cdc</value>
         <object_component_ref idref="oc-8d"/>
      </symbol>
      <symbol id="sm-3da">
         <name>__TI_int36</name>
         <value>0xffd8</value>
         <object_component_ref idref="oc-6a"/>
      </symbol>
      <symbol id="sm-3db">
         <name>SpiPauseSpi</name>
         <value>0xf014</value>
         <object_component_ref idref="oc-131"/>
      </symbol>
      <symbol id="sm-3dc">
         <name>SpiTriggerRxProcessing</name>
         <value>0xee36</value>
         <object_component_ref idref="oc-11f"/>
      </symbol>
      <symbol id="sm-3dd">
         <name>sSpiInformation</name>
         <value>0x1ccc</value>
         <object_component_ref idref="oc-8d"/>
      </symbol>
      <symbol id="sm-3de">
         <name>SpiWriteDataSynchronous</name>
         <value>0xecdc</value>
         <object_component_ref idref="oc-113"/>
      </symbol>
      <symbol id="sm-3df">
         <name>SpiReadDataCont</name>
         <value>0xe6c4</value>
         <object_component_ref idref="oc-11e"/>
      </symbol>
      <symbol id="sm-3e0">
         <name>SpiWrite</name>
         <value>0xe3a6</value>
         <object_component_ref idref="oc-13d"/>
      </symbol>
      <symbol id="sm-3e1">
         <name>RXBufferIsEmpty</name>
         <value>0xefc4</value>
         <object_component_ref idref="oc-11c"/>
      </symbol>
      <symbol id="sm-3e2">
         <name>TXBufferIsEmpty</name>
         <value>0xefd8</value>
         <object_component_ref idref="oc-11b"/>
      </symbol>
      <symbol id="sm-3e3">
         <name>SpiReadHeader</name>
         <value>0xefa8</value>
         <object_component_ref idref="oc-114"/>
      </symbol>
      <symbol id="sm-3e4">
         <name>SSIContReadOperation</name>
         <value>0xef32</value>
         <object_component_ref idref="oc-115"/>
      </symbol>
      <symbol id="sm-3e5">
         <name>wlan_tx_buffer</name>
         <value>0xc22c</value>
         <object_component_ref idref="oc-90"/>
      </symbol>
      <symbol id="sm-3e6">
         <name>spi_buffer</name>
         <value>0xc200</value>
         <object_component_ref idref="oc-90"/>
      </symbol>
      <symbol id="sm-3e7">
         <name>SpiFirstWrite</name>
         <value>0xead8</value>
         <object_component_ref idref="oc-142"/>
      </symbol>
      <symbol id="sm-3e8">
         <name>SpiResumeSpi</name>
         <value>0xf01a</value>
         <object_component_ref idref="oc-141"/>
      </symbol>
      <symbol id="sm-3e9">
         <name>SpiOpen</name>
         <value>0xedda</value>
         <object_component_ref idref="oc-135"/>
      </symbol>
      <symbol id="sm-3ea">
         <name>init_spi</name>
         <value>0xed46</value>
         <object_component_ref idref="oc-121"/>
      </symbol>
      <symbol id="sm-3eb">
         <name>SpiReadDataSynchronous</name>
         <value>0xea34</value>
         <object_component_ref idref="oc-11d"/>
      </symbol>
      <symbol id="sm-412">
         <name>wlan_set_event_mask</name>
         <value>0xe822</value>
         <object_component_ref idref="oc-12d"/>
      </symbol>
      <symbol id="sm-413">
         <name>tSLInformation</name>
         <value>0x1c8e</value>
         <object_component_ref idref="oc-95"/>
      </symbol>
      <symbol id="sm-414">
         <name>SpiReceiveHandler</name>
         <value>0xefb6</value>
         <object_component_ref idref="oc-134"/>
      </symbol>
      <symbol id="sm-415">
         <name>wlan_start</name>
         <value>0xe526</value>
         <object_component_ref idref="oc-12b"/>
      </symbol>
      <symbol id="sm-416">
         <name>wlan_init</name>
         <value>0xeca2</value>
         <object_component_ref idref="oc-12a"/>
      </symbol>
      <symbol id="sm-417">
         <name>wlan_smart_config_set_prefix</name>
         <value>0xe900</value>
         <object_component_ref idref="oc-12c"/>
      </symbol>
      <symbol id="sm-42b">
         <name>nvmem_write_patch</name>
         <value>0xe73a</value>
         <object_component_ref idref="oc-119"/>
      </symbol>
      <symbol id="sm-42c">
         <name>nvmem_write</name>
         <value>0xe648</value>
         <object_component_ref idref="oc-12f"/>
      </symbol>
      <symbol id="sm-441">
         <name>hci_command_send</name>
         <value>0xee08</value>
         <object_component_ref idref="oc-137"/>
      </symbol>
      <symbol id="sm-442">
         <name>hci_data_command_send</name>
         <value>0xec66</value>
         <object_component_ref idref="oc-13a"/>
      </symbol>
      <symbol id="sm-443">
         <name>hci_patch_send</name>
         <value>0xe2ca</value>
         <object_component_ref idref="oc-14a"/>
      </symbol>
      <symbol id="sm-4ba">
         <name>hci_unsolicited_event_handler</name>
         <value>0xed12</value>
         <object_component_ref idref="oc-13b"/>
      </symbol>
      <symbol id="sm-4bb">
         <name>hci_unsol_handle_patch_request</name>
         <value>0xe470</value>
         <object_component_ref idref="oc-145"/>
      </symbol>
      <symbol id="sm-4bc">
         <name>SimpleLinkWaitEvent</name>
         <value>0xef44</value>
         <object_component_ref idref="oc-138"/>
      </symbol>
      <symbol id="sm-4bd">
         <name>socket_active_status</name>
         <value>0x1cf2</value>
         <object_component_ref idref="oc-a5"/>
      </symbol>
      <symbol id="sm-4be">
         <name>hci_event_handler</name>
         <value>0xdc00</value>
         <object_component_ref idref="oc-13e"/>
      </symbol>
      <symbol id="sm-4bf">
         <name>hci_unsol_event_handler</name>
         <value>0xe01c</value>
         <object_component_ref idref="oc-140"/>
      </symbol>
      <symbol id="sm-4c0">
         <name>set_socket_active_status</name>
         <value>0xe9d4</value>
         <object_component_ref idref="oc-144"/>
      </symbol>
      <symbol id="sm-4d2">
         <name>UINT32_TO_STREAM_f</name>
         <value>0xee62</value>
         <object_component_ref idref="oc-139"/>
      </symbol>
      <symbol id="sm-4d3">
         <name>UINT16_TO_STREAM_f</name>
         <value>0xef68</value>
         <object_component_ref idref="oc-13c"/>
      </symbol>
      <symbol id="sm-4d4">
         <name>STREAM_TO_UINT32_f</name>
         <value>0xeb6a</value>
         <object_component_ref idref="oc-143"/>
      </symbol>
      <symbol id="sm-4d5">
         <name>STREAM_TO_UINT16_f</name>
         <value>0xef1e</value>
         <object_component_ref idref="oc-130"/>
      </symbol>
      <symbol id="sm-4e8">
         <name>_c_int00_noexit</name>
         <value>0xee8c</value>
         <object_component_ref idref="oc-78"/>
      </symbol>
      <symbol id="sm-4e9">
         <name>_c_int00</name>
         <value>0xee8c</value>
         <object_component_ref idref="oc-78"/>
      </symbol>
      <symbol id="sm-4ea">
         <name>_stack</name>
         <value>0x1f60</value>
         <object_component_ref idref="oc-b3"/>
      </symbol>
      <symbol id="sm-4eb">
         <name>__TI_dtors_ptr</name>
         <value>0x1cee</value>
         <object_component_ref idref="oc-b1"/>
      </symbol>
      <symbol id="sm-4ec">
         <name>__TI_cleanup_ptr</name>
         <value>0x1cea</value>
         <object_component_ref idref="oc-b1"/>
      </symbol>
      <symbol id="sm-4ed">
         <name>_reset_vector</name>
         <value>0xfffe</value>
         <object_component_ref idref="oc-b4"/>
      </symbol>
      <symbol id="sm-51f">
         <name>__remu</name>
         <value>0xef08</value>
         <object_component_ref idref="oc-cc"/>
      </symbol>
      <symbol id="sm-520">
         <name>__divu</name>
         <value>0xef08</value>
         <object_component_ref idref="oc-cc"/>
      </symbol>
      <symbol id="sm-52a">
         <name>_Errno</name>
         <value>0x1cf8</value>
         <object_component_ref idref="oc-d1"/>
      </symbol>
      <symbol id="sm-537">
         <name>C$$EXIT</name>
         <value>0xf02e</value>
         <object_component_ref idref="oc-112"/>
      </symbol>
      <symbol id="sm-538">
         <name>abort</name>
         <value>0xf02e</value>
         <object_component_ref idref="oc-112"/>
      </symbol>
      <symbol id="sm-539">
         <name>__TI_exit</name>
         <value>0x1</value>
      </symbol>
      <symbol id="sm-546">
         <name>I_LSL</name>
         <value>0xefec</value>
         <object_component_ref idref="oc-da"/>
      </symbol>
      <symbol id="sm-556">
         <name>L_LSL_3</name>
         <value>0xec1a</value>
         <object_component_ref idref="oc-148"/>
      </symbol>
      <symbol id="sm-557">
         <name>L_LSL_2</name>
         <value>0xec1e</value>
         <object_component_ref idref="oc-148"/>
      </symbol>
      <symbol id="sm-558">
         <name>L_LSL_1</name>
         <value>0xec22</value>
         <object_component_ref idref="oc-148"/>
      </symbol>
      <symbol id="sm-559">
         <name>L_LSL_7</name>
         <value>0xec0a</value>
         <object_component_ref idref="oc-148"/>
      </symbol>
      <symbol id="sm-55a">
         <name>L_LSL_6</name>
         <value>0xec0e</value>
         <object_component_ref idref="oc-148"/>
      </symbol>
      <symbol id="sm-55b">
         <name>L_LSL_5</name>
         <value>0xec12</value>
         <object_component_ref idref="oc-148"/>
      </symbol>
      <symbol id="sm-55c">
         <name>L_LSL_4</name>
         <value>0xec16</value>
         <object_component_ref idref="oc-148"/>
      </symbol>
      <symbol id="sm-55d">
         <name>L_LSL_9</name>
         <value>0xec02</value>
         <object_component_ref idref="oc-148"/>
      </symbol>
      <symbol id="sm-55e">
         <name>L_LSL_8</name>
         <value>0xec06</value>
         <object_component_ref idref="oc-148"/>
      </symbol>
      <symbol id="sm-55f">
         <name>L_LSL</name>
         <value>0xef98</value>
         <object_component_ref idref="oc-149"/>
      </symbol>
      <symbol id="sm-560">
         <name>L_LSL_12</name>
         <value>0xebf6</value>
         <object_component_ref idref="oc-148"/>
      </symbol>
      <symbol id="sm-561">
         <name>L_LSL_13</name>
         <value>0xebf2</value>
         <object_component_ref idref="oc-148"/>
      </symbol>
      <symbol id="sm-562">
         <name>L_LSL_10</name>
         <value>0xebfe</value>
         <object_component_ref idref="oc-148"/>
      </symbol>
      <symbol id="sm-563">
         <name>L_LSL_11</name>
         <value>0xebfa</value>
         <object_component_ref idref="oc-148"/>
      </symbol>
      <symbol id="sm-564">
         <name>L_LSL_14</name>
         <value>0xebee</value>
         <object_component_ref idref="oc-148"/>
      </symbol>
      <symbol id="sm-565">
         <name>L_LSL_15</name>
         <value>0xebea</value>
         <object_component_ref idref="oc-148"/>
      </symbol>
      <symbol id="sm-571">
         <name>L_LSR_12</name>
         <value>0xec34</value>
         <object_component_ref idref="oc-13f"/>
      </symbol>
      <symbol id="sm-572">
         <name>L_LSR_13</name>
         <value>0xec30</value>
         <object_component_ref idref="oc-13f"/>
      </symbol>
      <symbol id="sm-573">
         <name>L_LSR_10</name>
         <value>0xec3c</value>
         <object_component_ref idref="oc-13f"/>
      </symbol>
      <symbol id="sm-574">
         <name>L_LSR_11</name>
         <value>0xec38</value>
         <object_component_ref idref="oc-13f"/>
      </symbol>
      <symbol id="sm-575">
         <name>L_LSR_14</name>
         <value>0xec2c</value>
         <object_component_ref idref="oc-13f"/>
      </symbol>
      <symbol id="sm-576">
         <name>L_LSR_15</name>
         <value>0xec28</value>
         <object_component_ref idref="oc-13f"/>
      </symbol>
      <symbol id="sm-577">
         <name>L_LSR_3</name>
         <value>0xec58</value>
         <object_component_ref idref="oc-13f"/>
      </symbol>
      <symbol id="sm-578">
         <name>L_LSR_2</name>
         <value>0xec5c</value>
         <object_component_ref idref="oc-13f"/>
      </symbol>
      <symbol id="sm-579">
         <name>L_LSR_1</name>
         <value>0xec60</value>
         <object_component_ref idref="oc-13f"/>
      </symbol>
      <symbol id="sm-57a">
         <name>L_LSR_7</name>
         <value>0xec48</value>
         <object_component_ref idref="oc-13f"/>
      </symbol>
      <symbol id="sm-57b">
         <name>L_LSR_6</name>
         <value>0xec4c</value>
         <object_component_ref idref="oc-13f"/>
      </symbol>
      <symbol id="sm-57c">
         <name>L_LSR_5</name>
         <value>0xec50</value>
         <object_component_ref idref="oc-13f"/>
      </symbol>
      <symbol id="sm-57d">
         <name>L_LSR_4</name>
         <value>0xec54</value>
         <object_component_ref idref="oc-13f"/>
      </symbol>
      <symbol id="sm-57e">
         <name>L_LSR_9</name>
         <value>0xec40</value>
         <object_component_ref idref="oc-13f"/>
      </symbol>
      <symbol id="sm-57f">
         <name>L_LSR_8</name>
         <value>0xec44</value>
         <object_component_ref idref="oc-13f"/>
      </symbol>
      <symbol id="sm-58d">
         <name>memcpy</name>
         <value>0xef56</value>
         <object_component_ref idref="oc-116"/>
      </symbol>
      <symbol id="sm-5ab">
         <name>_system_pre_init</name>
         <value>0xf02a</value>
         <object_component_ref idref="oc-10f"/>
      </symbol>
      <symbol id="sm-5b9">
         <name>_nop</name>
         <value>0xf034</value>
         <object_component_ref idref="oc-10e"/>
      </symbol>
      <symbol id="sm-5ba">
         <name>_lock</name>
         <value>0x1ce2</value>
         <object_component_ref idref="oc-fb"/>
      </symbol>
      <symbol id="sm-5bb">
         <name>_unlock</name>
         <value>0x1ce6</value>
         <object_component_ref idref="oc-fb"/>
      </symbol>
      <symbol id="sm-5c5">
         <name>__TI_args_main</name>
         <value>0x1</value>
      </symbol>
      <symbol id="sm-5d7">
         <name>_auto_init</name>
         <value>0xeb22</value>
         <object_component_ref idref="oc-110"/>
      </symbol>
      <symbol id="sm-5d8">
         <name>__TI_auto_init</name>
         <value>0x1</value>
      </symbol>
   </symbol_table>
   <title>Link successful</title>
</link_info>
