<?xml version="1.0"?>
<link_info>
   <banner>MSP430 Linker PC v4.3.1</banner>
   <copyright>Copyright (c) 2003-2014 Texas Instruments Incorporated</copyright>
   <link_time>0x542bf018</link_time>
   <link_errors>0x0</link_errors>
   <output_file>BasicWiFi Application.out</output_file>
   <entry_point>
      <name>_c_int00</name>
      <address>0xeaf6</address>
   </entry_point>
   <input_file_list>
      <input_file id="fl-3d">
         <path>c:\ti\ccsv6\tools\compiler\msp430_4.3.1\lib\</path>
         <kind>archive</kind>
         <file>rts430x.lib</file>
         <name>boot.obj</name>
      </input_file>
      <input_file id="fl-41">
         <path>c:\ti\ccsv6\tools\compiler\msp430_4.3.1\lib\</path>
         <kind>archive</kind>
         <file>rts430x.lib</file>
         <name>cpy_util.obj</name>
      </input_file>
      <input_file id="fl-42">
         <path>c:\ti\ccsv6\tools\compiler\msp430_4.3.1\lib\</path>
         <kind>archive</kind>
         <file>rts430x.lib</file>
         <name>div16s.obj</name>
      </input_file>
      <input_file id="fl-43">
         <path>c:\ti\ccsv6\tools\compiler\msp430_4.3.1\lib\</path>
         <kind>archive</kind>
         <file>rts430x.lib</file>
         <name>div16u.obj</name>
      </input_file>
      <input_file id="fl-45">
         <path>c:\ti\ccsv6\tools\compiler\msp430_4.3.1\lib\</path>
         <kind>archive</kind>
         <file>rts430x.lib</file>
         <name>exit.obj</name>
      </input_file>
      <input_file id="fl-46">
         <path>c:\ti\ccsv6\tools\compiler\msp430_4.3.1\lib\</path>
         <kind>archive</kind>
         <file>rts430x.lib</file>
         <name>lsl16.obj</name>
      </input_file>
      <input_file id="fl-47">
         <path>c:\ti\ccsv6\tools\compiler\msp430_4.3.1\lib\</path>
         <kind>archive</kind>
         <file>rts430x.lib</file>
         <name>lsl32.obj</name>
      </input_file>
      <input_file id="fl-48">
         <path>c:\ti\ccsv6\tools\compiler\msp430_4.3.1\lib\</path>
         <kind>archive</kind>
         <file>rts430x.lib</file>
         <name>lsr32.obj</name>
      </input_file>
      <input_file id="fl-4d">
         <path>c:\ti\ccsv6\tools\compiler\msp430_4.3.1\lib\</path>
         <kind>archive</kind>
         <file>rts430x.lib</file>
         <name>mult16_f5hw.obj</name>
      </input_file>
      <input_file id="fl-53">
         <path>c:\ti\ccsv6\tools\compiler\msp430_4.3.1\lib\</path>
         <kind>archive</kind>
         <file>rts430x.lib</file>
         <name>args_main.obj</name>
      </input_file>
      <input_file id="fl-54">
         <path>c:\ti\ccsv6\tools\compiler\msp430_4.3.1\lib\</path>
         <kind>archive</kind>
         <file>rts430x.lib</file>
         <name>autoinit.obj</name>
      </input_file>
      <input_file id="fl-56">
         <path>C:\Users\x0135533\AppData\Local\Temp\</path>
         <kind>object</kind>
         <file>045242</file>
         <name>045242</name>
      </input_file>
      <input_file id="fl-57">
         <path>c:\ti\ccsv6\tools\compiler\msp430_4.3.1\lib\</path>
         <kind>archive</kind>
         <file>rts430x.lib</file>
         <name>_printfi_min.obj</name>
      </input_file>
      <input_file id="fl-58">
         <path>c:\ti\ccsv6\tools\compiler\msp430_4.3.1\lib\</path>
         <kind>archive</kind>
         <file>rts430x.lib</file>
         <name>copy_decompress_none.obj</name>
      </input_file>
      <input_file id="fl-59">
         <path>c:\ti\ccsv6\tools\compiler\msp430_4.3.1\lib\</path>
         <kind>archive</kind>
         <file>rts430x.lib</file>
         <name>copy_decompress_rle.obj</name>
      </input_file>
      <input_file id="fl-5a">
         <path>c:\ti\ccsv6\tools\compiler\msp430_4.3.1\lib\</path>
         <kind>archive</kind>
         <file>rts430x.lib</file>
         <name>copy_zero_init.obj</name>
      </input_file>
      <input_file id="fl-5b">
         <path>c:\ti\ccsv6\tools\compiler\msp430_4.3.1\lib\</path>
         <kind>archive</kind>
         <file>rts430x.lib</file>
         <name>memccpy.obj</name>
      </input_file>
   </input_file_list>
   <object_component_list>
      <object_component id="oc-b6">
         <name>.cinit</name>
         <load_address>0xc600</load_address>
         <run_address>0xc600</run_address>
         <size>0x4e</size>
         <input_file_ref idref="fl-56"/>
      </object_component>
      <object_component id="oc-c0">
         <name>.const:.string</name>
         <load_address>0xc650</load_address>
         <run_address>0xc650</run_address>
         <size>0x64</size>
         <input_file_ref idref="fl-56"/>
      </object_component>
      <object_component id="oc-f6">
         <name>.const:.string:pucUARTExampleAppString</name>
         <load_address>0xc6b4</load_address>
         <run_address>0xc6b4</run_address>
         <size>0x1d</size>
         <input_file_ref idref="fl-3"/>
      </object_component>
      <object_component id="oc-11b">
         <name>.const:.string:pucUARTCommandSmartConfigDoneString</name>
         <load_address>0xc6d2</load_address>
         <run_address>0xc6d2</run_address>
         <size>0x15</size>
         <input_file_ref idref="fl-3"/>
      </object_component>
      <object_component id="oc-f9">
         <name>.const:.string:pucUARTNoDataString</name>
         <load_address>0xc6e8</load_address>
         <run_address>0xc6e8</run_address>
         <size>0x14</size>
         <input_file_ref idref="fl-3"/>
      </object_component>
      <object_component id="oc-c6">
         <name>.const:.string</name>
         <load_address>0xc6fc</load_address>
         <run_address>0xc6fc</run_address>
         <size>0x14</size>
         <input_file_ref idref="fl-57"/>
      </object_component>
      <object_component id="oc-fa">
         <name>.const:.string:pucUARTIllegalCommandString</name>
         <load_address>0xc710</load_address>
         <run_address>0xc710</run_address>
         <size>0x13</size>
         <input_file_ref idref="fl-3"/>
      </object_component>
      <object_component id="oc-106">
         <name>.const:.string:pucUARTCommandDoneString</name>
         <load_address>0xc724</load_address>
         <run_address>0xc724</run_address>
         <size>0x8</size>
         <input_file_ref idref="fl-3"/>
      </object_component>
      <object_component id="oc-119">
         <name>.const:.string:aucCC3000_prefix</name>
         <load_address>0xc72c</load_address>
         <run_address>0xc72c</run_address>
         <size>0x3</size>
         <input_file_ref idref="fl-3"/>
      </object_component>
      <object_component id="oc-ed">
         <name>.text:DemoHandleUartCommand</name>
         <load_address>0xc800</load_address>
         <run_address>0xc800</run_address>
         <size>0x366</size>
         <input_file_ref idref="fl-3"/>
      </object_component>
      <object_component id="oc-fd">
         <name>.text:hci_event_handler</name>
         <load_address>0xcb66</load_address>
         <run_address>0xcb66</run_address>
         <size>0x344</size>
         <input_file_ref idref="fl-10"/>
      </object_component>
      <object_component id="oc-ee">
         <name>.text:mdnsAdvertiser</name>
         <load_address>0xceaa</load_address>
         <run_address>0xceaa</run_address>
         <size>0x2da</size>
         <input_file_ref idref="fl-d"/>
      </object_component>
      <object_component id="oc-115">
         <name>.text:hci_unsol_event_handler</name>
         <load_address>0xd184</load_address>
         <run_address>0xd184</run_address>
         <size>0x2d4</size>
         <input_file_ref idref="fl-10"/>
      </object_component>
      <object_component id="oc-118">
         <name>.text:simple_link_send</name>
         <load_address>0xd458</load_address>
         <run_address>0xd458</run_address>
         <size>0x1e4</size>
         <input_file_ref idref="fl-d"/>
      </object_component>
      <object_component id="oc-105">
         <name>.text:StartSmartConfig</name>
         <load_address>0xd63c</load_address>
         <run_address>0xd63c</run_address>
         <size>0x1ce</size>
         <input_file_ref idref="fl-3"/>
      </object_component>
      <object_component id="oc-ec">
         <name>.text:initDriver</name>
         <load_address>0xd80a</load_address>
         <run_address>0xd80a</run_address>
         <size>0x118</size>
         <input_file_ref idref="fl-3"/>
      </object_component>
      <object_component id="oc-125">
         <name>.text:_setfield</name>
         <load_address>0xd922</load_address>
         <run_address>0xd922</run_address>
         <size>0x10e</size>
         <input_file_ref idref="fl-57"/>
      </object_component>
      <object_component id="oc-e6">
         <name>.text:main</name>
         <load_address>0xda30</load_address>
         <run_address>0xda30</run_address>
         <size>0xfa</size>
         <input_file_ref idref="fl-3"/>
      </object_component>
      <object_component id="oc-120">
         <name>.text:hci_patch_send</name>
         <load_address>0xdb2a</load_address>
         <run_address>0xdb2a</run_address>
         <size>0xf2</size>
         <input_file_ref idref="fl-f"/>
      </object_component>
      <object_component id="oc-113">
         <name>.text:SpiWrite</name>
         <load_address>0xdc1c</load_address>
         <run_address>0xdc1c</run_address>
         <size>0xee</size>
         <input_file_ref idref="fl-b"/>
      </object_component>
      <object_component id="oc-f3">
         <name>.text:wlan_start</name>
         <load_address>0xdd0a</load_address>
         <run_address>0xdd0a</run_address>
         <size>0xe6</size>
         <input_file_ref idref="fl-c"/>
      </object_component>
      <object_component id="oc-10f">
         <name>.text:CC3000_UsynchCallback</name>
         <load_address>0xddf0</load_address>
         <run_address>0xddf0</run_address>
         <size>0xd2</size>
         <input_file_ref idref="fl-3"/>
      </object_component>
      <object_component id="oc-104">
         <name>.text:wlan_connect</name>
         <load_address>0xdec2</load_address>
         <run_address>0xdec2</run_address>
         <size>0xca</size>
         <input_file_ref idref="fl-c"/>
      </object_component>
      <object_component id="oc-123">
         <name>.text:__TI_printfi_minimal</name>
         <load_address>0xdf8c</load_address>
         <run_address>0xdf8c</run_address>
         <size>0xc0</size>
         <input_file_ref idref="fl-57"/>
      </object_component>
      <object_component id="oc-f1">
         <name>.text:pio_init</name>
         <load_address>0xe04c</load_address>
         <run_address>0xe04c</run_address>
         <size>0xaa</size>
         <input_file_ref idref="fl-2"/>
      </object_component>
      <object_component id="oc-ea">
         <name>.text:SSIContReadOperation</name>
         <load_address>0xe0f6</load_address>
         <run_address>0xe0f6</run_address>
         <size>0x9a</size>
         <input_file_ref idref="fl-b"/>
      </object_component>
      <object_component id="oc-117">
         <name>.text:hci_unsol_handle_patch_request</name>
         <load_address>0xe190</load_address>
         <run_address>0xe190</run_address>
         <size>0x84</size>
         <input_file_ref idref="fl-10"/>
      </object_component>
      <object_component id="oc-112">
         <name>.text:simple_link_recv</name>
         <load_address>0xe214</load_address>
         <run_address>0xe214</run_address>
         <size>0x7c</size>
         <input_file_ref idref="fl-d"/>
      </object_component>
      <object_component id="oc-ff">
         <name>.text:netapp_dhcp</name>
         <load_address>0xe290</load_address>
         <run_address>0xe290</run_address>
         <size>0x72</size>
         <input_file_ref idref="fl-e"/>
      </object_component>
      <object_component id="oc-e0">
         <name>.text:_isr:IntSpiGPIOHandler</name>
         <load_address>0xe302</load_address>
         <run_address>0xe302</run_address>
         <size>0x70</size>
         <input_file_ref idref="fl-b"/>
      </object_component>
      <object_component id="oc-103">
         <name>.text:socket</name>
         <load_address>0xe372</load_address>
         <run_address>0xe372</run_address>
         <size>0x68</size>
         <input_file_ref idref="fl-d"/>
      </object_component>
      <object_component id="oc-11a">
         <name>.text:turnLedOff</name>
         <load_address>0xe3da</load_address>
         <run_address>0xe3da</run_address>
         <size>0x68</size>
         <input_file_ref idref="fl-2"/>
      </object_component>
      <object_component id="oc-f4">
         <name>.text:turnLedOn</name>
         <load_address>0xe442</load_address>
         <run_address>0xe442</run_address>
         <size>0x68</size>
         <input_file_ref idref="fl-2"/>
      </object_component>
      <object_component id="oc-101">
         <name>.text:bind</name>
         <load_address>0xe4aa</load_address>
         <run_address>0xe4aa</run_address>
         <size>0x66</size>
         <input_file_ref idref="fl-d"/>
      </object_component>
      <object_component id="oc-116">
         <name>.text:set_socket_active_status</name>
         <load_address>0xe510</load_address>
         <run_address>0xe510</run_address>
         <size>0x60</size>
         <input_file_ref idref="fl-10"/>
      </object_component>
      <object_component id="oc-fe">
         <name>.text:atoc</name>
         <load_address>0xe570</load_address>
         <run_address>0xe570</run_address>
         <size>0x5a</size>
         <input_file_ref idref="fl-3"/>
      </object_component>
      <object_component id="oc-100">
         <name>.text:closesocket</name>
         <load_address>0xe5ca</load_address>
         <run_address>0xe5ca</run_address>
         <size>0x54</size>
         <input_file_ref idref="fl-d"/>
      </object_component>
      <object_component id="oc-12a">
         <name>.text:_ltostr</name>
         <load_address>0xe61e</load_address>
         <run_address>0xe61e</run_address>
         <size>0x52</size>
         <input_file_ref idref="fl-57"/>
      </object_component>
      <object_component id="oc-fb">
         <name>.text:wlan_ioctl_set_connection_policy</name>
         <load_address>0xe670</load_address>
         <run_address>0xe670</run_address>
         <size>0x52</size>
         <input_file_ref idref="fl-c"/>
      </object_component>
      <object_component id="oc-127">
         <name>.text:_pproc_diouxp</name>
         <load_address>0xe6c2</load_address>
         <run_address>0xe6c2</run_address>
         <size>0x4c</size>
         <input_file_ref idref="fl-57"/>
      </object_component>
      <object_component id="oc-e5">
         <name>.text:_auto_init</name>
         <load_address>0xe70e</load_address>
         <run_address>0xe70e</run_address>
         <size>0x48</size>
         <input_file_ref idref="fl-54"/>
      </object_component>
      <object_component id="oc-f2">
         <name>.text:wlan_init</name>
         <load_address>0xe756</load_address>
         <run_address>0xe756</run_address>
         <size>0x46</size>
         <input_file_ref idref="fl-c"/>
      </object_component>
      <object_component id="oc-e9">
         <name>.text:SpiReadDataSynchronous</name>
         <load_address>0xe79c</load_address>
         <run_address>0xe79c</run_address>
         <size>0x44</size>
         <input_file_ref idref="fl-b"/>
      </object_component>
      <object_component id="oc-f7">
         <name>.text:itoa</name>
         <load_address>0xe7e0</load_address>
         <run_address>0xe7e0</run_address>
         <size>0x44</size>
         <input_file_ref idref="fl-3"/>
      </object_component>
      <object_component id="oc-126">
         <name>.text:_pproc_str</name>
         <load_address>0xe824</load_address>
         <run_address>0xe824</run_address>
         <size>0x40</size>
         <input_file_ref idref="fl-57"/>
      </object_component>
      <object_component id="oc-11e">
         <name>.text:l_lsl_const</name>
         <load_address>0xe864</load_address>
         <run_address>0xe864</run_address>
         <size>0x3e</size>
         <input_file_ref idref="fl-47"/>
      </object_component>
      <object_component id="oc-11d">
         <name>.text:l_lsr_const</name>
         <load_address>0xe8a2</load_address>
         <run_address>0xe8a2</run_address>
         <size>0x3e</size>
         <input_file_ref idref="fl-48"/>
      </object_component>
      <object_component id="oc-f5">
         <name>.text:wlan_set_event_mask</name>
         <load_address>0xe8e0</load_address>
         <run_address>0xe8e0</run_address>
         <size>0x3e</size>
         <input_file_ref idref="fl-c"/>
      </object_component>
      <object_component id="oc-11c">
         <name>.text:sprintf</name>
         <load_address>0xe91e</load_address>
         <run_address>0xe91e</run_address>
         <size>0x38</size>
         <input_file_ref idref="fl-4f"/>
      </object_component>
      <object_component id="oc-e2">
         <name>.text:_isr:USCI_A0_ISR</name>
         <load_address>0xe956</load_address>
         <run_address>0xe956</run_address>
         <size>0x36</size>
         <input_file_ref idref="fl-13"/>
      </object_component>
      <object_component id="oc-102">
         <name>.text:sendto</name>
         <load_address>0xe98c</load_address>
         <run_address>0xe98c</run_address>
         <size>0x32</size>
         <input_file_ref idref="fl-d"/>
      </object_component>
      <object_component id="oc-114">
         <name>.text:STREAM_TO_UINT32_f</name>
         <load_address>0xe9be</load_address>
         <run_address>0xe9be</run_address>
         <size>0x30</size>
         <input_file_ref idref="fl-11"/>
      </object_component>
      <object_component id="oc-110">
         <name>.text:SpiReceiveHandler</name>
         <load_address>0xe9ee</load_address>
         <run_address>0xe9ee</run_address>
         <size>0x2e</size>
         <input_file_ref idref="fl-c"/>
      </object_component>
      <object_component id="oc-129">
         <name>.text:_getarg_diouxp</name>
         <load_address>0xea1c</load_address>
         <run_address>0xea1c</run_address>
         <size>0x2e</size>
         <input_file_ref idref="fl-57"/>
      </object_component>
      <object_component id="oc-fc">
         <name>.text:hci_command_send</name>
         <load_address>0xea4a</load_address>
         <run_address>0xea4a</run_address>
         <size>0x2c</size>
         <input_file_ref idref="fl-f"/>
      </object_component>
      <object_component id="oc-8a">
         <name>.text</name>
         <load_address>0xea76</load_address>
         <run_address>0xea76</run_address>
         <size>0x2c</size>
         <input_file_ref idref="fl-42"/>
      </object_component>
      <object_component id="oc-e8">
         <name>.text:SpiWriteDataSynchronous</name>
         <load_address>0xeaa2</load_address>
         <run_address>0xeaa2</run_address>
         <size>0x2a</size>
         <input_file_ref idref="fl-b"/>
      </object_component>
      <object_component id="oc-111">
         <name>.text:UINT32_TO_STREAM_f</name>
         <load_address>0xeacc</load_address>
         <run_address>0xeacc</run_address>
         <size>0x2a</size>
         <input_file_ref idref="fl-11"/>
      </object_component>
      <object_component id="oc-78">
         <name>.text:_isr:_c_int00_noexit</name>
         <load_address>0xeaf6</load_address>
         <run_address>0xeaf6</run_address>
         <size>0x2a</size>
         <input_file_ref idref="fl-3d"/>
      </object_component>
      <object_component id="oc-107">
         <name>.text:memmove</name>
         <load_address>0xeb20</load_address>
         <run_address>0xeb20</run_address>
         <size>0x1e</size>
         <input_file_ref idref="fl-4a"/>
      </object_component>
      <object_component id="oc-128">
         <name>.text:memccpy</name>
         <load_address>0xeb3e</load_address>
         <run_address>0xeb3e</run_address>
         <size>0x1c</size>
         <input_file_ref idref="fl-5b"/>
      </object_component>
      <object_component id="oc-12b">
         <name>.text:_div</name>
         <load_address>0xeb5a</load_address>
         <run_address>0xeb5a</run_address>
         <size>0x1a</size>
         <input_file_ref idref="fl-57"/>
      </object_component>
      <object_component id="oc-121">
         <name>.text:_outs$20</name>
         <load_address>0xeb74</load_address>
         <run_address>0xeb74</run_address>
         <size>0x18</size>
         <input_file_ref idref="fl-4f"/>
      </object_component>
      <object_component id="oc-ef">
         <name>.text:DispatcherUartSendPacket</name>
         <load_address>0xeb8c</load_address>
         <run_address>0xeb8c</run_address>
         <size>0x16</size>
         <input_file_ref idref="fl-13"/>
      </object_component>
      <object_component id="oc-8f">
         <name>.text</name>
         <load_address>0xeba2</load_address>
         <run_address>0xeba2</run_address>
         <size>0x16</size>
         <input_file_ref idref="fl-43"/>
      </object_component>
      <object_component id="oc-a6">
         <name>.text</name>
         <load_address>0xebb8</load_address>
         <run_address>0xebb8</run_address>
         <size>0x16</size>
         <input_file_ref idref="fl-4d"/>
      </object_component>
      <object_component id="oc-122">
         <name>.text:_outc$20</name>
         <load_address>0xebce</load_address>
         <run_address>0xebce</run_address>
         <size>0x12</size>
         <input_file_ref idref="fl-4f"/>
      </object_component>
      <object_component id="oc-eb">
         <name>.text:memcpy</name>
         <load_address>0xebe0</load_address>
         <run_address>0xebe0</run_address>
         <size>0x12</size>
         <input_file_ref idref="fl-49"/>
      </object_component>
      <object_component id="oc-f0">
         <name>.text:memset</name>
         <load_address>0xebf2</load_address>
         <run_address>0xebf2</run_address>
         <size>0x12</size>
         <input_file_ref idref="fl-4b"/>
      </object_component>
      <object_component id="oc-f8">
         <name>.text:recvfrom</name>
         <load_address>0xec04</load_address>
         <run_address>0xec04</run_address>
         <size>0x12</size>
         <input_file_ref idref="fl-d"/>
      </object_component>
      <object_component id="oc-10c">
         <name>.text:WlanInterruptEnable</name>
         <load_address>0xec16</load_address>
         <run_address>0xec16</run_address>
         <size>0x10</size>
         <input_file_ref idref="fl-2"/>
      </object_component>
      <object_component id="oc-10e">
         <name>.text:WriteWlanPin</name>
         <load_address>0xec26</load_address>
         <run_address>0xec26</run_address>
         <size>0x10</size>
         <input_file_ref idref="fl-2"/>
      </object_component>
      <object_component id="oc-11f">
         <name>.text:l_lsl</name>
         <load_address>0xec36</load_address>
         <run_address>0xec36</run_address>
         <size>0x10</size>
         <input_file_ref idref="fl-47"/>
      </object_component>
      <object_component id="oc-124">
         <name>.text:strlen</name>
         <load_address>0xec46</load_address>
         <run_address>0xec46</run_address>
         <size>0xe</size>
         <input_file_ref idref="fl-50"/>
      </object_component>
      <object_component id="oc-10b">
         <name>.text:ReadWlanInterruptPin</name>
         <load_address>0xec54</load_address>
         <run_address>0xec54</run_address>
         <size>0xa</size>
         <input_file_ref idref="fl-2"/>
      </object_component>
      <object_component id="oc-e1">
         <name>.text:_isr:TIMER1_A0_ISR</name>
         <load_address>0xec5e</load_address>
         <run_address>0xec5e</run_address>
         <size>0xa</size>
         <input_file_ref idref="fl-2"/>
      </object_component>
      <object_component id="oc-99">
         <name>.text</name>
         <load_address>0xec68</load_address>
         <run_address>0xec68</run_address>
         <size>0xa</size>
         <input_file_ref idref="fl-46"/>
      </object_component>
      <object_component id="oc-10a">
         <name>.text:sendBootLoaderPatch</name>
         <load_address>0xec72</load_address>
         <run_address>0xec72</run_address>
         <size>0xa</size>
         <input_file_ref idref="fl-3"/>
      </object_component>
      <object_component id="oc-109">
         <name>.text:sendDriverPatch</name>
         <load_address>0xec7c</load_address>
         <run_address>0xec7c</run_address>
         <size>0xa</size>
         <input_file_ref idref="fl-3"/>
      </object_component>
      <object_component id="oc-108">
         <name>.text:sendWLFWPatch</name>
         <load_address>0xec86</load_address>
         <run_address>0xec86</run_address>
         <size>0xa</size>
         <input_file_ref idref="fl-3"/>
      </object_component>
      <object_component id="oc-10d">
         <name>.text:WlanInterruptDisable</name>
         <load_address>0xec90</load_address>
         <run_address>0xec90</run_address>
         <size>0x6</size>
         <input_file_ref idref="fl-2"/>
      </object_component>
      <object_component id="oc-df">
         <name>.text:_isr:Trap_ISR</name>
         <load_address>0xec96</load_address>
         <run_address>0xec96</run_address>
         <size>0x4</size>
         <input_file_ref idref="fl-2"/>
      </object_component>
      <object_component id="oc-e4">
         <name>.text:_system_pre_init</name>
         <load_address>0xec9a</load_address>
         <run_address>0xec9a</run_address>
         <size>0x4</size>
         <input_file_ref idref="fl-4e"/>
      </object_component>
      <object_component id="oc-e7">
         <name>.text:abort</name>
         <load_address>0xec9e</load_address>
         <run_address>0xec9e</run_address>
         <size>0x4</size>
         <input_file_ref idref="fl-45"/>
      </object_component>
      <object_component id="oc-e3">
         <name>.text:_nop</name>
         <load_address>0xeca2</load_address>
         <run_address>0xeca2</run_address>
         <size>0x2</size>
         <input_file_ref idref="fl-51"/>
      </object_component>
      <object_component id="oc-7e">
         <name>.bss</name>
         <uninitialized>true</uninitialized>
         <run_address>0x1cfa</run_address>
         <size>0x8</size>
         <input_file_ref idref="fl-3d"/>
      </object_component>
      <object_component id="oc-b7">
         <name>.bss</name>
         <uninitialized>true</uninitialized>
         <run_address>0x1d02</run_address>
         <size>0x2</size>
         <input_file_ref idref="fl-2"/>
      </object_component>
      <object_component id="oc-b8">
         <name>.bss</name>
         <uninitialized>true</uninitialized>
         <run_address>0x1c52</run_address>
         <size>0x43</size>
         <input_file_ref idref="fl-13"/>
      </object_component>
      <object_component id="oc-b9">
         <name>.bss</name>
         <uninitialized>true</uninitialized>
         <run_address>0x1c00</run_address>
         <size>0x52</size>
         <input_file_ref idref="fl-3"/>
      </object_component>
      <object_component id="oc-ba">
         <name>.bss</name>
         <uninitialized>true</uninitialized>
         <run_address>0x1c96</run_address>
         <size>0x3e</size>
         <input_file_ref idref="fl-c"/>
      </object_component>
      <object_component id="oc-bb">
         <name>.bss</name>
         <uninitialized>true</uninitialized>
         <run_address>0x1cd4</run_address>
         <size>0x16</size>
         <input_file_ref idref="fl-b"/>
      </object_component>
      <object_component id="oc-bd">
         <name>.bss</name>
         <uninitialized>true</uninitialized>
         <run_address>0x1d04</run_address>
         <size>0x2</size>
         <input_file_ref idref="fl-44"/>
      </object_component>
      <object_component id="oc-be">
         <name>.bss</name>
         <uninitialized>true</uninitialized>
         <run_address>0x1cea</run_address>
         <size>0x8</size>
         <input_file_ref idref="fl-10"/>
      </object_component>
      <object_component id="oc-bf">
         <name>.bss</name>
         <uninitialized>true</uninitialized>
         <run_address>0x1cf2</run_address>
         <size>0x8</size>
         <input_file_ref idref="fl-51"/>
      </object_component>
      <object_component id="oc-80">
         <name>.stack</name>
         <uninitialized>true</uninitialized>
         <run_address>0x1e90</run_address>
         <size>0x2</size>
         <input_file_ref idref="fl-3d"/>
      </object_component>
      <object_component id="oc-17e">
         <name>.stack</name>
         <uninitialized>true</uninitialized>
         <run_address>0x1e90</run_address>
         <size>0x0</size>
      </object_component>
      <object_component id="oc-bc">
         <name>.FRAM_DATA</name>
         <uninitialized>true</uninitialized>
         <run_address>0xc200</run_address>
         <size>0x400</size>
         <input_file_ref idref="fl-b"/>
      </object_component>
      <object_component id="oc-65">
         <name>.int31</name>
         <load_address>0xffce</load_address>
         <run_address>0xffce</run_address>
         <size>0x2</size>
         <input_file_ref idref="fl-56"/>
      </object_component>
      <object_component id="oc-66">
         <name>.int32</name>
         <load_address>0xffd0</load_address>
         <run_address>0xffd0</run_address>
         <size>0x2</size>
         <input_file_ref idref="fl-56"/>
      </object_component>
      <object_component id="oc-67">
         <name>.int33</name>
         <load_address>0xffd2</load_address>
         <run_address>0xffd2</run_address>
         <size>0x2</size>
         <input_file_ref idref="fl-56"/>
      </object_component>
      <object_component id="oc-68">
         <name>.int34</name>
         <load_address>0xffd4</load_address>
         <run_address>0xffd4</run_address>
         <size>0x2</size>
         <input_file_ref idref="fl-56"/>
      </object_component>
      <object_component id="oc-69">
         <name>.int35</name>
         <load_address>0xffd6</load_address>
         <run_address>0xffd6</run_address>
         <size>0x2</size>
         <input_file_ref idref="fl-56"/>
      </object_component>
      <object_component id="oc-6a">
         <name>.int36</name>
         <load_address>0xffd8</load_address>
         <run_address>0xffd8</run_address>
         <size>0x2</size>
         <input_file_ref idref="fl-56"/>
      </object_component>
      <object_component id="oc-6b">
         <name>.int37</name>
         <load_address>0xffda</load_address>
         <run_address>0xffda</run_address>
         <size>0x2</size>
         <input_file_ref idref="fl-56"/>
      </object_component>
      <object_component id="oc-6c">
         <name>.int38</name>
         <load_address>0xffdc</load_address>
         <run_address>0xffdc</run_address>
         <size>0x2</size>
         <input_file_ref idref="fl-56"/>
      </object_component>
      <object_component id="oc-6d">
         <name>.int39</name>
         <load_address>0xffde</load_address>
         <run_address>0xffde</run_address>
         <size>0x2</size>
         <input_file_ref idref="fl-56"/>
      </object_component>
      <object_component id="oc-6e">
         <name>.int40</name>
         <load_address>0xffe0</load_address>
         <run_address>0xffe0</run_address>
         <size>0x2</size>
         <input_file_ref idref="fl-56"/>
      </object_component>
      <object_component id="oc-6f">
         <name>.int41</name>
         <load_address>0xffe2</load_address>
         <run_address>0xffe2</run_address>
         <size>0x2</size>
         <input_file_ref idref="fl-56"/>
      </object_component>
      <object_component id="oc-70">
         <name>.int42</name>
         <load_address>0xffe4</load_address>
         <run_address>0xffe4</run_address>
         <size>0x2</size>
         <input_file_ref idref="fl-56"/>
      </object_component>
      <object_component id="oc-71">
         <name>.int43</name>
         <load_address>0xffe6</load_address>
         <run_address>0xffe6</run_address>
         <size>0x2</size>
         <input_file_ref idref="fl-56"/>
      </object_component>
      <object_component id="oc-72">
         <name>.int44</name>
         <load_address>0xffe8</load_address>
         <run_address>0xffe8</run_address>
         <size>0x2</size>
         <input_file_ref idref="fl-56"/>
      </object_component>
      <object_component id="oc-73">
         <name>.int45</name>
         <load_address>0xffea</load_address>
         <run_address>0xffea</run_address>
         <size>0x2</size>
         <input_file_ref idref="fl-56"/>
      </object_component>
      <object_component id="oc-74">
         <name>.int46</name>
         <load_address>0xffec</load_address>
         <run_address>0xffec</run_address>
         <size>0x2</size>
         <input_file_ref idref="fl-56"/>
      </object_component>
      <object_component id="oc-75">
         <name>.int47</name>
         <load_address>0xffee</load_address>
         <run_address>0xffee</run_address>
         <size>0x2</size>
         <input_file_ref idref="fl-56"/>
      </object_component>
      <object_component id="oc-76">
         <name>.int48</name>
         <load_address>0xfff0</load_address>
         <run_address>0xfff0</run_address>
         <size>0x2</size>
         <input_file_ref idref="fl-56"/>
      </object_component>
      <object_component id="oc-77">
         <name>.int49</name>
         <load_address>0xfff2</load_address>
         <run_address>0xfff2</run_address>
         <size>0x2</size>
         <input_file_ref idref="fl-56"/>
      </object_component>
      <object_component id="oc-79">
         <name>.int50</name>
         <load_address>0xfff4</load_address>
         <run_address>0xfff4</run_address>
         <size>0x2</size>
         <input_file_ref idref="fl-56"/>
      </object_component>
      <object_component id="oc-7a">
         <name>.int51</name>
         <load_address>0xfff6</load_address>
         <run_address>0xfff6</run_address>
         <size>0x2</size>
         <input_file_ref idref="fl-56"/>
      </object_component>
      <object_component id="oc-7b">
         <name>.int52</name>
         <load_address>0xfff8</load_address>
         <run_address>0xfff8</run_address>
         <size>0x2</size>
         <input_file_ref idref="fl-56"/>
      </object_component>
      <object_component id="oc-7c">
         <name>.int53</name>
         <load_address>0xfffa</load_address>
         <run_address>0xfffa</run_address>
         <size>0x2</size>
         <input_file_ref idref="fl-56"/>
      </object_component>
      <object_component id="oc-7d">
         <name>.int54</name>
         <load_address>0xfffc</load_address>
         <run_address>0xfffc</run_address>
         <size>0x2</size>
         <input_file_ref idref="fl-56"/>
      </object_component>
      <object_component id="oc-81">
         <name>.reset</name>
         <load_address>0xfffe</load_address>
         <run_address>0xfffe</run_address>
         <size>0x2</size>
         <input_file_ref idref="fl-3d"/>
      </object_component>
      <object_component id="oc-7f">
         <name>.debug_info</name>
         <load_address>0x0</load_address>
         <run_address>0x0</run_address>
         <size>0x3d9</size>
         <input_file_ref idref="fl-3d"/>
      </object_component>
      <object_component id="oc-86">
         <name>.debug_info</name>
         <load_address>0x3d9</load_address>
         <run_address>0x3d9</run_address>
         <size>0x8e</size>
         <input_file_ref idref="fl-41"/>
      </object_component>
      <object_component id="oc-8b">
         <name>.debug_info</name>
         <load_address>0x467</load_address>
         <run_address>0x467</run_address>
         <size>0xcb</size>
         <input_file_ref idref="fl-42"/>
      </object_component>
      <object_component id="oc-90">
         <name>.debug_info</name>
         <load_address>0x532</load_address>
         <run_address>0x532</run_address>
         <size>0xbe</size>
         <input_file_ref idref="fl-43"/>
      </object_component>
      <object_component id="oc-94">
         <name>.debug_info</name>
         <load_address>0x5f0</load_address>
         <run_address>0x5f0</run_address>
         <size>0x29b</size>
         <input_file_ref idref="fl-45"/>
      </object_component>
      <object_component id="oc-9a">
         <name>.debug_info</name>
         <load_address>0x88b</load_address>
         <run_address>0x88b</run_address>
         <size>0xbb</size>
         <input_file_ref idref="fl-46"/>
      </object_component>
      <object_component id="oc-9e">
         <name>.debug_info</name>
         <load_address>0x946</load_address>
         <run_address>0x946</run_address>
         <size>0xf1</size>
         <input_file_ref idref="fl-47"/>
      </object_component>
      <object_component id="oc-a2">
         <name>.debug_info</name>
         <load_address>0xa37</load_address>
         <run_address>0xa37</run_address>
         <size>0xc1</size>
         <input_file_ref idref="fl-48"/>
      </object_component>
      <object_component id="oc-a7">
         <name>.debug_info</name>
         <load_address>0xaf8</load_address>
         <run_address>0xaf8</run_address>
         <size>0xcd</size>
         <input_file_ref idref="fl-4d"/>
      </object_component>
      <object_component id="oc-ab">
         <name>.debug_info</name>
         <load_address>0xbc5</load_address>
         <run_address>0xbc5</run_address>
         <size>0x288</size>
         <input_file_ref idref="fl-53"/>
      </object_component>
      <object_component id="oc-b0">
         <name>.debug_info</name>
         <load_address>0xe4d</load_address>
         <run_address>0xe4d</run_address>
         <size>0x34f</size>
         <input_file_ref idref="fl-54"/>
      </object_component>
      <object_component id="oc-b5">
         <name>.debug_info</name>
         <load_address>0x119c</load_address>
         <run_address>0x119c</run_address>
         <size>0x8703</size>
         <input_file_ref idref="fl-56"/>
      </object_component>
      <object_component id="oc-c5">
         <name>.debug_info</name>
         <load_address>0x989f</load_address>
         <run_address>0x989f</run_address>
         <size>0xc23</size>
         <input_file_ref idref="fl-57"/>
      </object_component>
      <object_component id="oc-cb">
         <name>.debug_info</name>
         <load_address>0xa4c2</load_address>
         <run_address>0xa4c2</run_address>
         <size>0x286</size>
         <input_file_ref idref="fl-58"/>
      </object_component>
      <object_component id="oc-d0">
         <name>.debug_info</name>
         <load_address>0xa748</load_address>
         <run_address>0xa748</run_address>
         <size>0x27b</size>
         <input_file_ref idref="fl-59"/>
      </object_component>
      <object_component id="oc-d5">
         <name>.debug_info</name>
         <load_address>0xa9c3</load_address>
         <run_address>0xa9c3</run_address>
         <size>0x284</size>
         <input_file_ref idref="fl-5a"/>
      </object_component>
      <object_component id="oc-da">
         <name>.debug_info</name>
         <load_address>0xac47</load_address>
         <run_address>0xac47</run_address>
         <size>0x2a6</size>
         <input_file_ref idref="fl-5b"/>
      </object_component>
      <object_component id="oc-17f">
         <name>.debug_info</name>
         <load_address>0xaeed</load_address>
         <run_address>0xaeed</run_address>
         <size>0xeb</size>
      </object_component>
      <object_component id="oc-82">
         <name>.debug_frame</name>
         <load_address>0x0</load_address>
         <run_address>0x0</run_address>
         <size>0x42</size>
         <input_file_ref idref="fl-3d"/>
      </object_component>
      <object_component id="oc-95">
         <name>.debug_frame</name>
         <load_address>0x42</load_address>
         <run_address>0x42</run_address>
         <size>0x47</size>
         <input_file_ref idref="fl-45"/>
      </object_component>
      <object_component id="oc-ac">
         <name>.debug_frame</name>
         <load_address>0x89</load_address>
         <run_address>0x89</run_address>
         <size>0x32</size>
         <input_file_ref idref="fl-53"/>
      </object_component>
      <object_component id="oc-b1">
         <name>.debug_frame</name>
         <load_address>0xbb</load_address>
         <run_address>0xbb</run_address>
         <size>0x53</size>
         <input_file_ref idref="fl-54"/>
      </object_component>
      <object_component id="oc-c1">
         <name>.debug_frame</name>
         <load_address>0x10e</load_address>
         <run_address>0x10e</run_address>
         <size>0x8d3</size>
         <input_file_ref idref="fl-56"/>
      </object_component>
      <object_component id="oc-c7">
         <name>.debug_frame</name>
         <load_address>0x9e1</load_address>
         <run_address>0x9e1</run_address>
         <size>0x137</size>
         <input_file_ref idref="fl-57"/>
      </object_component>
      <object_component id="oc-cc">
         <name>.debug_frame</name>
         <load_address>0xb18</load_address>
         <run_address>0xb18</run_address>
         <size>0x32</size>
         <input_file_ref idref="fl-58"/>
      </object_component>
      <object_component id="oc-d1">
         <name>.debug_frame</name>
         <load_address>0xb4a</load_address>
         <run_address>0xb4a</run_address>
         <size>0x32</size>
         <input_file_ref idref="fl-59"/>
      </object_component>
      <object_component id="oc-d6">
         <name>.debug_frame</name>
         <load_address>0xb7c</load_address>
         <run_address>0xb7c</run_address>
         <size>0x32</size>
         <input_file_ref idref="fl-5a"/>
      </object_component>
      <object_component id="oc-db">
         <name>.debug_frame</name>
         <load_address>0xbae</load_address>
         <run_address>0xbae</run_address>
         <size>0x47</size>
         <input_file_ref idref="fl-5b"/>
      </object_component>
      <object_component id="oc-83">
         <name>.debug_line</name>
         <load_address>0x0</load_address>
         <run_address>0x0</run_address>
         <size>0x45</size>
         <input_file_ref idref="fl-3d"/>
      </object_component>
      <object_component id="oc-87">
         <name>.debug_line</name>
         <load_address>0x45</load_address>
         <run_address>0x45</run_address>
         <size>0x2d</size>
         <input_file_ref idref="fl-41"/>
      </object_component>
      <object_component id="oc-8c">
         <name>.debug_line</name>
         <load_address>0x72</load_address>
         <run_address>0x72</run_address>
         <size>0x4d</size>
         <input_file_ref idref="fl-42"/>
      </object_component>
      <object_component id="oc-91">
         <name>.debug_line</name>
         <load_address>0xbf</load_address>
         <run_address>0xbf</run_address>
         <size>0x43</size>
         <input_file_ref idref="fl-43"/>
      </object_component>
      <object_component id="oc-96">
         <name>.debug_line</name>
         <load_address>0x102</load_address>
         <run_address>0x102</run_address>
         <size>0x3d</size>
         <input_file_ref idref="fl-45"/>
      </object_component>
      <object_component id="oc-9b">
         <name>.debug_line</name>
         <load_address>0x13f</load_address>
         <run_address>0x13f</run_address>
         <size>0x3b</size>
         <input_file_ref idref="fl-46"/>
      </object_component>
      <object_component id="oc-9f">
         <name>.debug_line</name>
         <load_address>0x17a</load_address>
         <run_address>0x17a</run_address>
         <size>0x6d</size>
         <input_file_ref idref="fl-47"/>
      </object_component>
      <object_component id="oc-a3">
         <name>.debug_line</name>
         <load_address>0x1e7</load_address>
         <run_address>0x1e7</run_address>
         <size>0x59</size>
         <input_file_ref idref="fl-48"/>
      </object_component>
      <object_component id="oc-a8">
         <name>.debug_line</name>
         <load_address>0x240</load_address>
         <run_address>0x240</run_address>
         <size>0x45</size>
         <input_file_ref idref="fl-4d"/>
      </object_component>
      <object_component id="oc-ad">
         <name>.debug_line</name>
         <load_address>0x285</load_address>
         <run_address>0x285</run_address>
         <size>0x2c</size>
         <input_file_ref idref="fl-53"/>
      </object_component>
      <object_component id="oc-b2">
         <name>.debug_line</name>
         <load_address>0x2b1</load_address>
         <run_address>0x2b1</run_address>
         <size>0x62</size>
         <input_file_ref idref="fl-54"/>
      </object_component>
      <object_component id="oc-c2">
         <name>.debug_line</name>
         <load_address>0x313</load_address>
         <run_address>0x313</run_address>
         <size>0x1813</size>
         <input_file_ref idref="fl-56"/>
      </object_component>
      <object_component id="oc-c8">
         <name>.debug_line</name>
         <load_address>0x1b26</load_address>
         <run_address>0x1b26</run_address>
         <size>0x1c5</size>
         <input_file_ref idref="fl-57"/>
      </object_component>
      <object_component id="oc-cd">
         <name>.debug_line</name>
         <load_address>0x1ceb</load_address>
         <run_address>0x1ceb</run_address>
         <size>0x37</size>
         <input_file_ref idref="fl-58"/>
      </object_component>
      <object_component id="oc-d2">
         <name>.debug_line</name>
         <load_address>0x1d22</load_address>
         <run_address>0x1d22</run_address>
         <size>0x36</size>
         <input_file_ref idref="fl-59"/>
      </object_component>
      <object_component id="oc-d7">
         <name>.debug_line</name>
         <load_address>0x1d58</load_address>
         <run_address>0x1d58</run_address>
         <size>0x31</size>
         <input_file_ref idref="fl-5a"/>
      </object_component>
      <object_component id="oc-dc">
         <name>.debug_line</name>
         <load_address>0x1d89</load_address>
         <run_address>0x1d89</run_address>
         <size>0x46</size>
         <input_file_ref idref="fl-5b"/>
      </object_component>
      <object_component id="oc-84">
         <name>.debug_abbrev</name>
         <load_address>0x0</load_address>
         <run_address>0x0</run_address>
         <size>0x118</size>
         <input_file_ref idref="fl-3d"/>
      </object_component>
      <object_component id="oc-88">
         <name>.debug_abbrev</name>
         <load_address>0x118</load_address>
         <run_address>0x118</run_address>
         <size>0x31</size>
         <input_file_ref idref="fl-41"/>
      </object_component>
      <object_component id="oc-8d">
         <name>.debug_abbrev</name>
         <load_address>0x149</load_address>
         <run_address>0x149</run_address>
         <size>0x45</size>
         <input_file_ref idref="fl-42"/>
      </object_component>
      <object_component id="oc-92">
         <name>.debug_abbrev</name>
         <load_address>0x18e</load_address>
         <run_address>0x18e</run_address>
         <size>0x37</size>
         <input_file_ref idref="fl-43"/>
      </object_component>
      <object_component id="oc-97">
         <name>.debug_abbrev</name>
         <load_address>0x1c5</load_address>
         <run_address>0x1c5</run_address>
         <size>0xfe</size>
         <input_file_ref idref="fl-45"/>
      </object_component>
      <object_component id="oc-9c">
         <name>.debug_abbrev</name>
         <load_address>0x2c3</load_address>
         <run_address>0x2c3</run_address>
         <size>0x37</size>
         <input_file_ref idref="fl-46"/>
      </object_component>
      <object_component id="oc-a0">
         <name>.debug_abbrev</name>
         <load_address>0x2fa</load_address>
         <run_address>0x2fa</run_address>
         <size>0x37</size>
         <input_file_ref idref="fl-47"/>
      </object_component>
      <object_component id="oc-a4">
         <name>.debug_abbrev</name>
         <load_address>0x331</load_address>
         <run_address>0x331</run_address>
         <size>0x37</size>
         <input_file_ref idref="fl-48"/>
      </object_component>
      <object_component id="oc-a9">
         <name>.debug_abbrev</name>
         <load_address>0x368</load_address>
         <run_address>0x368</run_address>
         <size>0x37</size>
         <input_file_ref idref="fl-4d"/>
      </object_component>
      <object_component id="oc-ae">
         <name>.debug_abbrev</name>
         <load_address>0x39f</load_address>
         <run_address>0x39f</run_address>
         <size>0xec</size>
         <input_file_ref idref="fl-53"/>
      </object_component>
      <object_component id="oc-b3">
         <name>.debug_abbrev</name>
         <load_address>0x48b</load_address>
         <run_address>0x48b</run_address>
         <size>0x11d</size>
         <input_file_ref idref="fl-54"/>
      </object_component>
      <object_component id="oc-c3">
         <name>.debug_abbrev</name>
         <load_address>0x5a8</load_address>
         <run_address>0x5a8</run_address>
         <size>0x35d</size>
         <input_file_ref idref="fl-56"/>
      </object_component>
      <object_component id="oc-c9">
         <name>.debug_abbrev</name>
         <load_address>0x905</load_address>
         <run_address>0x905</run_address>
         <size>0x170</size>
         <input_file_ref idref="fl-57"/>
      </object_component>
      <object_component id="oc-ce">
         <name>.debug_abbrev</name>
         <load_address>0xa75</load_address>
         <run_address>0xa75</run_address>
         <size>0xcb</size>
         <input_file_ref idref="fl-58"/>
      </object_component>
      <object_component id="oc-d3">
         <name>.debug_abbrev</name>
         <load_address>0xb40</load_address>
         <run_address>0xb40</run_address>
         <size>0x101</size>
         <input_file_ref idref="fl-59"/>
      </object_component>
      <object_component id="oc-d8">
         <name>.debug_abbrev</name>
         <load_address>0xc41</load_address>
         <run_address>0xc41</run_address>
         <size>0xbd</size>
         <input_file_ref idref="fl-5a"/>
      </object_component>
      <object_component id="oc-dd">
         <name>.debug_abbrev</name>
         <load_address>0xcfe</load_address>
         <run_address>0xcfe</run_address>
         <size>0x94</size>
         <input_file_ref idref="fl-5b"/>
      </object_component>
      <object_component id="oc-180">
         <name>.debug_abbrev</name>
         <load_address>0xd92</load_address>
         <run_address>0xd92</run_address>
         <size>0xf</size>
      </object_component>
      <object_component id="oc-85">
         <name>.debug_aranges</name>
         <load_address>0x0</load_address>
         <run_address>0x0</run_address>
         <size>0x20</size>
         <input_file_ref idref="fl-3d"/>
      </object_component>
      <object_component id="oc-89">
         <name>.debug_aranges</name>
         <load_address>0x20</load_address>
         <run_address>0x20</run_address>
         <size>0x18</size>
         <input_file_ref idref="fl-41"/>
      </object_component>
      <object_component id="oc-8e">
         <name>.debug_aranges</name>
         <load_address>0x38</load_address>
         <run_address>0x38</run_address>
         <size>0x20</size>
         <input_file_ref idref="fl-42"/>
      </object_component>
      <object_component id="oc-93">
         <name>.debug_aranges</name>
         <load_address>0x58</load_address>
         <run_address>0x58</run_address>
         <size>0x20</size>
         <input_file_ref idref="fl-43"/>
      </object_component>
      <object_component id="oc-98">
         <name>.debug_aranges</name>
         <load_address>0x78</load_address>
         <run_address>0x78</run_address>
         <size>0x20</size>
         <input_file_ref idref="fl-45"/>
      </object_component>
      <object_component id="oc-9d">
         <name>.debug_aranges</name>
         <load_address>0x98</load_address>
         <run_address>0x98</run_address>
         <size>0x20</size>
         <input_file_ref idref="fl-46"/>
      </object_component>
      <object_component id="oc-a1">
         <name>.debug_aranges</name>
         <load_address>0xb8</load_address>
         <run_address>0xb8</run_address>
         <size>0x28</size>
         <input_file_ref idref="fl-47"/>
      </object_component>
      <object_component id="oc-a5">
         <name>.debug_aranges</name>
         <load_address>0xe0</load_address>
         <run_address>0xe0</run_address>
         <size>0x20</size>
         <input_file_ref idref="fl-48"/>
      </object_component>
      <object_component id="oc-aa">
         <name>.debug_aranges</name>
         <load_address>0x100</load_address>
         <run_address>0x100</run_address>
         <size>0x20</size>
         <input_file_ref idref="fl-4d"/>
      </object_component>
      <object_component id="oc-af">
         <name>.debug_aranges</name>
         <load_address>0x120</load_address>
         <run_address>0x120</run_address>
         <size>0x18</size>
         <input_file_ref idref="fl-53"/>
      </object_component>
      <object_component id="oc-b4">
         <name>.debug_aranges</name>
         <load_address>0x138</load_address>
         <run_address>0x138</run_address>
         <size>0x20</size>
         <input_file_ref idref="fl-54"/>
      </object_component>
      <object_component id="oc-c4">
         <name>.debug_aranges</name>
         <load_address>0x158</load_address>
         <run_address>0x158</run_address>
         <size>0x2a8</size>
         <input_file_ref idref="fl-56"/>
      </object_component>
      <object_component id="oc-ca">
         <name>.debug_aranges</name>
         <load_address>0x400</load_address>
         <run_address>0x400</run_address>
         <size>0x50</size>
         <input_file_ref idref="fl-57"/>
      </object_component>
      <object_component id="oc-cf">
         <name>.debug_aranges</name>
         <load_address>0x450</load_address>
         <run_address>0x450</run_address>
         <size>0x18</size>
         <input_file_ref idref="fl-58"/>
      </object_component>
      <object_component id="oc-d4">
         <name>.debug_aranges</name>
         <load_address>0x468</load_address>
         <run_address>0x468</run_address>
         <size>0x18</size>
         <input_file_ref idref="fl-59"/>
      </object_component>
      <object_component id="oc-d9">
         <name>.debug_aranges</name>
         <load_address>0x480</load_address>
         <run_address>0x480</run_address>
         <size>0x18</size>
         <input_file_ref idref="fl-5a"/>
      </object_component>
      <object_component id="oc-de">
         <name>.debug_aranges</name>
         <load_address>0x498</load_address>
         <run_address>0x498</run_address>
         <size>0x20</size>
         <input_file_ref idref="fl-5b"/>
      </object_component>
   </object_component_list>
   <logical_group_list>
      <logical_group id="lg-4" display="no" color="cyan">
         <name>.cio</name>
         <run_address>0xc600</run_address>
         <size>0x0</size>
         <contents>
         </contents>
      </logical_group>
      <logical_group id="lg-5" display="no" color="cyan">
         <name>.sysmem</name>
         <run_address>0xc600</run_address>
         <size>0x0</size>
         <contents>
         </contents>
      </logical_group>
      <logical_group id="lg-3" display="no" color="cyan">
         <name>READ_WRITE_MEMORY</name>
         <run_address>0xc600</run_address>
         <size>0x0</size>
         <contents>
            <logical_group_ref idref="lg-4"/>
            <logical_group_ref idref="lg-5"/>
         </contents>
      </logical_group>
      <logical_group id="lg-7" display="no" color="cyan">
         <name>.cinit</name>
         <load_address>0xc600</load_address>
         <run_address>0xc600</run_address>
         <size>0x50</size>
         <contents>
            <object_component_ref idref="oc-b6"/>
         </contents>
      </logical_group>
      <logical_group id="lg-8" display="no" color="cyan">
         <name>.pinit</name>
         <run_address>0xc650</run_address>
         <size>0x0</size>
         <contents>
         </contents>
      </logical_group>
      <logical_group id="lg-9" display="no" color="cyan">
         <name>.init_array</name>
         <run_address>0xc650</run_address>
         <size>0x0</size>
         <contents>
         </contents>
      </logical_group>
      <logical_group id="lg-a" display="no" color="cyan">
         <name>.mspabi.exidx</name>
         <run_address>0xc650</run_address>
         <size>0x0</size>
         <contents>
         </contents>
      </logical_group>
      <logical_group id="lg-b" display="no" color="cyan">
         <name>.mspabi.extab</name>
         <run_address>0xc650</run_address>
         <size>0x0</size>
         <contents>
         </contents>
      </logical_group>
      <logical_group id="lg-c" display="no" color="cyan">
         <name>.const</name>
         <load_address>0xc650</load_address>
         <run_address>0xc650</run_address>
         <size>0xdf</size>
         <contents>
            <object_component_ref idref="oc-c0"/>
            <object_component_ref idref="oc-f6"/>
            <object_component_ref idref="oc-11b"/>
            <object_component_ref idref="oc-f9"/>
            <object_component_ref idref="oc-c6"/>
            <object_component_ref idref="oc-fa"/>
            <object_component_ref idref="oc-106"/>
            <object_component_ref idref="oc-119"/>
         </contents>
      </logical_group>
      <logical_group id="lg-6" display="no" color="cyan">
         <name>READ_ONLY_MEMORY</name>
         <load_address>0xc600</load_address>
         <run_address>0xc600</run_address>
         <size>0x12f</size>
         <contents>
            <logical_group_ref idref="lg-7"/>
            <logical_group_ref idref="lg-8"/>
            <logical_group_ref idref="lg-9"/>
            <logical_group_ref idref="lg-a"/>
            <logical_group_ref idref="lg-b"/>
            <logical_group_ref idref="lg-c"/>
         </contents>
      </logical_group>
      <logical_group id="lg-e" display="no" color="cyan">
         <name>.text</name>
         <load_address>0xc800</load_address>
         <run_address>0xc800</run_address>
         <size>0x24a4</size>
         <contents>
            <object_component_ref idref="oc-ed"/>
            <object_component_ref idref="oc-fd"/>
            <object_component_ref idref="oc-ee"/>
            <object_component_ref idref="oc-115"/>
            <object_component_ref idref="oc-118"/>
            <object_component_ref idref="oc-105"/>
            <object_component_ref idref="oc-ec"/>
            <object_component_ref idref="oc-125"/>
            <object_component_ref idref="oc-e6"/>
            <object_component_ref idref="oc-120"/>
            <object_component_ref idref="oc-113"/>
            <object_component_ref idref="oc-f3"/>
            <object_component_ref idref="oc-10f"/>
            <object_component_ref idref="oc-104"/>
            <object_component_ref idref="oc-123"/>
            <object_component_ref idref="oc-f1"/>
            <object_component_ref idref="oc-ea"/>
            <object_component_ref idref="oc-117"/>
            <object_component_ref idref="oc-112"/>
            <object_component_ref idref="oc-ff"/>
            <object_component_ref idref="oc-e0"/>
            <object_component_ref idref="oc-103"/>
            <object_component_ref idref="oc-11a"/>
            <object_component_ref idref="oc-f4"/>
            <object_component_ref idref="oc-101"/>
            <object_component_ref idref="oc-116"/>
            <object_component_ref idref="oc-fe"/>
            <object_component_ref idref="oc-100"/>
            <object_component_ref idref="oc-12a"/>
            <object_component_ref idref="oc-fb"/>
            <object_component_ref idref="oc-127"/>
            <object_component_ref idref="oc-e5"/>
            <object_component_ref idref="oc-f2"/>
            <object_component_ref idref="oc-e9"/>
            <object_component_ref idref="oc-f7"/>
            <object_component_ref idref="oc-126"/>
            <object_component_ref idref="oc-11e"/>
            <object_component_ref idref="oc-11d"/>
            <object_component_ref idref="oc-f5"/>
            <object_component_ref idref="oc-11c"/>
            <object_component_ref idref="oc-e2"/>
            <object_component_ref idref="oc-102"/>
            <object_component_ref idref="oc-114"/>
            <object_component_ref idref="oc-110"/>
            <object_component_ref idref="oc-129"/>
            <object_component_ref idref="oc-fc"/>
            <object_component_ref idref="oc-8a"/>
            <object_component_ref idref="oc-e8"/>
            <object_component_ref idref="oc-111"/>
            <object_component_ref idref="oc-78"/>
            <object_component_ref idref="oc-107"/>
            <object_component_ref idref="oc-128"/>
            <object_component_ref idref="oc-12b"/>
            <object_component_ref idref="oc-121"/>
            <object_component_ref idref="oc-ef"/>
            <object_component_ref idref="oc-8f"/>
            <object_component_ref idref="oc-a6"/>
            <object_component_ref idref="oc-122"/>
            <object_component_ref idref="oc-eb"/>
            <object_component_ref idref="oc-f0"/>
            <object_component_ref idref="oc-f8"/>
            <object_component_ref idref="oc-10c"/>
            <object_component_ref idref="oc-10e"/>
            <object_component_ref idref="oc-11f"/>
            <object_component_ref idref="oc-124"/>
            <object_component_ref idref="oc-10b"/>
            <object_component_ref idref="oc-e1"/>
            <object_component_ref idref="oc-99"/>
            <object_component_ref idref="oc-10a"/>
            <object_component_ref idref="oc-109"/>
            <object_component_ref idref="oc-108"/>
            <object_component_ref idref="oc-10d"/>
            <object_component_ref idref="oc-df"/>
            <object_component_ref idref="oc-e4"/>
            <object_component_ref idref="oc-e7"/>
            <object_component_ref idref="oc-e3"/>
         </contents>
      </logical_group>
      <logical_group id="lg-d" display="no" color="cyan">
         <name>EXECUTABLE_MEMORY</name>
         <load_address>0xc800</load_address>
         <run_address>0xc800</run_address>
         <size>0x24a4</size>
         <contents>
            <logical_group_ref idref="lg-e"/>
         </contents>
      </logical_group>
      <logical_group id="lg-2" display="no" color="cyan">
         <name>ALL_FRAM</name>
         <load_address>0xc600</load_address>
         <run_address>0xc600</run_address>
         <size>0x26a4</size>
         <contents>
            <logical_group_ref idref="lg-3"/>
            <logical_group_ref idref="lg-6"/>
            <logical_group_ref idref="lg-d"/>
         </contents>
      </logical_group>
      <logical_group id="lg-f" display="no" color="cyan">
         <name>.bss</name>
         <run_address>0x1c00</run_address>
         <size>0x106</size>
         <contents>
            <object_component_ref idref="oc-7e"/>
            <object_component_ref idref="oc-b7"/>
            <object_component_ref idref="oc-b8"/>
            <object_component_ref idref="oc-b9"/>
            <object_component_ref idref="oc-ba"/>
            <object_component_ref idref="oc-bb"/>
            <object_component_ref idref="oc-bd"/>
            <object_component_ref idref="oc-be"/>
            <object_component_ref idref="oc-bf"/>
         </contents>
      </logical_group>
      <logical_group id="lg-10" display="no" color="cyan">
         <name>.data</name>
         <run_address>0x1c00</run_address>
         <size>0x0</size>
         <contents>
         </contents>
      </logical_group>
      <logical_group id="lg-11" display="no" color="cyan">
         <name>.stack</name>
         <run_address>0x1e90</run_address>
         <size>0x170</size>
         <contents>
            <object_component_ref idref="oc-80"/>
            <object_component_ref idref="oc-17e"/>
         </contents>
      </logical_group>
      <logical_group id="lg-12" display="no" color="cyan">
         <name>.FRAM_DATA</name>
         <run_address>0xc200</run_address>
         <size>0x400</size>
         <contents>
            <object_component_ref idref="oc-bc"/>
         </contents>
      </logical_group>
      <logical_group id="lg-13" display="no" color="cyan">
         <name>.infoA</name>
         <run_address>0x0</run_address>
         <size>0x0</size>
         <contents>
         </contents>
      </logical_group>
      <logical_group id="lg-14" display="no" color="cyan">
         <name>.infoB</name>
         <run_address>0x0</run_address>
         <size>0x0</size>
         <contents>
         </contents>
      </logical_group>
      <logical_group id="lg-15" display="no" color="cyan">
         <name>.int00</name>
         <run_address>0x0</run_address>
         <size>0x0</size>
         <contents>
         </contents>
      </logical_group>
      <logical_group id="lg-16" display="no" color="cyan">
         <name>.int01</name>
         <run_address>0x0</run_address>
         <size>0x0</size>
         <contents>
         </contents>
      </logical_group>
      <logical_group id="lg-17" display="no" color="cyan">
         <name>.int02</name>
         <run_address>0x0</run_address>
         <size>0x0</size>
         <contents>
         </contents>
      </logical_group>
      <logical_group id="lg-18" display="no" color="cyan">
         <name>.int03</name>
         <run_address>0x0</run_address>
         <size>0x0</size>
         <contents>
         </contents>
      </logical_group>
      <logical_group id="lg-19" display="no" color="cyan">
         <name>.int04</name>
         <run_address>0x0</run_address>
         <size>0x0</size>
         <contents>
         </contents>
      </logical_group>
      <logical_group id="lg-1a" display="no" color="cyan">
         <name>.int05</name>
         <run_address>0x0</run_address>
         <size>0x0</size>
         <contents>
         </contents>
      </logical_group>
      <logical_group id="lg-1b" display="no" color="cyan">
         <name>.int06</name>
         <run_address>0x0</run_address>
         <size>0x0</size>
         <contents>
         </contents>
      </logical_group>
      <logical_group id="lg-1c" display="no" color="cyan">
         <name>.int07</name>
         <run_address>0x0</run_address>
         <size>0x0</size>
         <contents>
         </contents>
      </logical_group>
      <logical_group id="lg-1d" display="no" color="cyan">
         <name>.int08</name>
         <run_address>0x0</run_address>
         <size>0x0</size>
         <contents>
         </contents>
      </logical_group>
      <logical_group id="lg-1e" display="no" color="cyan">
         <name>.int09</name>
         <run_address>0x0</run_address>
         <size>0x0</size>
         <contents>
         </contents>
      </logical_group>
      <logical_group id="lg-1f" display="no" color="cyan">
         <name>.int10</name>
         <run_address>0x0</run_address>
         <size>0x0</size>
         <contents>
         </contents>
      </logical_group>
      <logical_group id="lg-20" display="no" color="cyan">
         <name>.int11</name>
         <run_address>0x0</run_address>
         <size>0x0</size>
         <contents>
         </contents>
      </logical_group>
      <logical_group id="lg-21" display="no" color="cyan">
         <name>.int12</name>
         <run_address>0x0</run_address>
         <size>0x0</size>
         <contents>
         </contents>
      </logical_group>
      <logical_group id="lg-22" display="no" color="cyan">
         <name>.int13</name>
         <run_address>0x0</run_address>
         <size>0x0</size>
         <contents>
         </contents>
      </logical_group>
      <logical_group id="lg-23" display="no" color="cyan">
         <name>.int14</name>
         <run_address>0x0</run_address>
         <size>0x0</size>
         <contents>
         </contents>
      </logical_group>
      <logical_group id="lg-24" display="no" color="cyan">
         <name>.int15</name>
         <run_address>0x0</run_address>
         <size>0x0</size>
         <contents>
         </contents>
      </logical_group>
      <logical_group id="lg-25" display="no" color="cyan">
         <name>.int16</name>
         <run_address>0x0</run_address>
         <size>0x0</size>
         <contents>
         </contents>
      </logical_group>
      <logical_group id="lg-26" display="no" color="cyan">
         <name>.int17</name>
         <run_address>0x0</run_address>
         <size>0x0</size>
         <contents>
         </contents>
      </logical_group>
      <logical_group id="lg-27" display="no" color="cyan">
         <name>.int18</name>
         <run_address>0x0</run_address>
         <size>0x0</size>
         <contents>
         </contents>
      </logical_group>
      <logical_group id="lg-28" display="no" color="cyan">
         <name>.int19</name>
         <run_address>0x0</run_address>
         <size>0x0</size>
         <contents>
         </contents>
      </logical_group>
      <logical_group id="lg-29" display="no" color="cyan">
         <name>.int20</name>
         <run_address>0x0</run_address>
         <size>0x0</size>
         <contents>
         </contents>
      </logical_group>
      <logical_group id="lg-2a" display="no" color="cyan">
         <name>.int21</name>
         <run_address>0x0</run_address>
         <size>0x0</size>
         <contents>
         </contents>
      </logical_group>
      <logical_group id="lg-2b" display="no" color="cyan">
         <name>.int22</name>
         <run_address>0x0</run_address>
         <size>0x0</size>
         <contents>
         </contents>
      </logical_group>
      <logical_group id="lg-2c" display="no" color="cyan">
         <name>.int23</name>
         <run_address>0x0</run_address>
         <size>0x0</size>
         <contents>
         </contents>
      </logical_group>
      <logical_group id="lg-2d" display="no" color="cyan">
         <name>.int24</name>
         <run_address>0x0</run_address>
         <size>0x0</size>
         <contents>
         </contents>
      </logical_group>
      <logical_group id="lg-2e" display="no" color="cyan">
         <name>.int25</name>
         <run_address>0x0</run_address>
         <size>0x0</size>
         <contents>
         </contents>
      </logical_group>
      <logical_group id="lg-2f" display="no" color="cyan">
         <name>.int26</name>
         <run_address>0x0</run_address>
         <size>0x0</size>
         <contents>
         </contents>
      </logical_group>
      <logical_group id="lg-30" display="no" color="cyan">
         <name>.int27</name>
         <run_address>0x0</run_address>
         <size>0x0</size>
         <contents>
         </contents>
      </logical_group>
      <logical_group id="lg-31" display="no" color="cyan">
         <name>.int28</name>
         <run_address>0x0</run_address>
         <size>0x0</size>
         <contents>
         </contents>
      </logical_group>
      <logical_group id="lg-32" display="no" color="cyan">
         <name>.int29</name>
         <run_address>0x0</run_address>
         <size>0x0</size>
         <contents>
         </contents>
      </logical_group>
      <logical_group id="lg-33" display="no" color="cyan">
         <name>.int30</name>
         <run_address>0x0</run_address>
         <size>0x0</size>
         <contents>
         </contents>
      </logical_group>
      <logical_group id="lg-34" display="no" color="cyan">
         <name>RTC</name>
         <load_address>0xffce</load_address>
         <run_address>0xffce</run_address>
         <size>0x2</size>
         <contents>
            <object_component_ref idref="oc-65"/>
         </contents>
      </logical_group>
      <logical_group id="lg-36" display="no" color="cyan">
         <name>PORT4</name>
         <load_address>0xffd0</load_address>
         <run_address>0xffd0</run_address>
         <size>0x2</size>
         <contents>
            <object_component_ref idref="oc-66"/>
         </contents>
      </logical_group>
      <logical_group id="lg-38" display="no" color="cyan">
         <name>PORT3</name>
         <load_address>0xffd2</load_address>
         <run_address>0xffd2</run_address>
         <size>0x2</size>
         <contents>
            <object_component_ref idref="oc-67"/>
         </contents>
      </logical_group>
      <logical_group id="lg-3a" display="no" color="cyan">
         <name>TIMER2_B1</name>
         <load_address>0xffd4</load_address>
         <run_address>0xffd4</run_address>
         <size>0x2</size>
         <contents>
            <object_component_ref idref="oc-68"/>
         </contents>
      </logical_group>
      <logical_group id="lg-3c" display="no" color="cyan">
         <name>TIMER2_B0</name>
         <load_address>0xffd6</load_address>
         <run_address>0xffd6</run_address>
         <size>0x2</size>
         <contents>
            <object_component_ref idref="oc-69"/>
         </contents>
      </logical_group>
      <logical_group id="lg-3e" display="no" color="cyan">
         <name>PORT2</name>
         <load_address>0xffd8</load_address>
         <run_address>0xffd8</run_address>
         <size>0x2</size>
         <contents>
            <object_component_ref idref="oc-6a"/>
         </contents>
      </logical_group>
      <logical_group id="lg-40" display="no" color="cyan">
         <name>TIMER1_B1</name>
         <load_address>0xffda</load_address>
         <run_address>0xffda</run_address>
         <size>0x2</size>
         <contents>
            <object_component_ref idref="oc-6b"/>
         </contents>
      </logical_group>
      <logical_group id="lg-42" display="no" color="cyan">
         <name>TIMER1_B0</name>
         <load_address>0xffdc</load_address>
         <run_address>0xffdc</run_address>
         <size>0x2</size>
         <contents>
            <object_component_ref idref="oc-6c"/>
         </contents>
      </logical_group>
      <logical_group id="lg-44" display="no" color="cyan">
         <name>PORT1</name>
         <load_address>0xffde</load_address>
         <run_address>0xffde</run_address>
         <size>0x2</size>
         <contents>
            <object_component_ref idref="oc-6d"/>
         </contents>
      </logical_group>
      <logical_group id="lg-46" display="no" color="cyan">
         <name>TIMER1_A1</name>
         <load_address>0xffe0</load_address>
         <run_address>0xffe0</run_address>
         <size>0x2</size>
         <contents>
            <object_component_ref idref="oc-6e"/>
         </contents>
      </logical_group>
      <logical_group id="lg-48" display="no" color="cyan">
         <name>TIMER1_A0</name>
         <load_address>0xffe2</load_address>
         <run_address>0xffe2</run_address>
         <size>0x2</size>
         <contents>
            <object_component_ref idref="oc-6f"/>
         </contents>
      </logical_group>
      <logical_group id="lg-4a" display="no" color="cyan">
         <name>DMA</name>
         <load_address>0xffe4</load_address>
         <run_address>0xffe4</run_address>
         <size>0x2</size>
         <contents>
            <object_component_ref idref="oc-70"/>
         </contents>
      </logical_group>
      <logical_group id="lg-4c" display="no" color="cyan">
         <name>USCI_A1</name>
         <load_address>0xffe6</load_address>
         <run_address>0xffe6</run_address>
         <size>0x2</size>
         <contents>
            <object_component_ref idref="oc-71"/>
         </contents>
      </logical_group>
      <logical_group id="lg-4e" display="no" color="cyan">
         <name>TIMER0_A1</name>
         <load_address>0xffe8</load_address>
         <run_address>0xffe8</run_address>
         <size>0x2</size>
         <contents>
            <object_component_ref idref="oc-72"/>
         </contents>
      </logical_group>
      <logical_group id="lg-50" display="no" color="cyan">
         <name>TIMER0_A0</name>
         <load_address>0xffea</load_address>
         <run_address>0xffea</run_address>
         <size>0x2</size>
         <contents>
            <object_component_ref idref="oc-73"/>
         </contents>
      </logical_group>
      <logical_group id="lg-52" display="no" color="cyan">
         <name>ADC10</name>
         <load_address>0xffec</load_address>
         <run_address>0xffec</run_address>
         <size>0x2</size>
         <contents>
            <object_component_ref idref="oc-74"/>
         </contents>
      </logical_group>
      <logical_group id="lg-54" display="no" color="cyan">
         <name>USCI_B0</name>
         <load_address>0xffee</load_address>
         <run_address>0xffee</run_address>
         <size>0x2</size>
         <contents>
            <object_component_ref idref="oc-75"/>
         </contents>
      </logical_group>
      <logical_group id="lg-56" display="no" color="cyan">
         <name>USCI_A0</name>
         <load_address>0xfff0</load_address>
         <run_address>0xfff0</run_address>
         <size>0x2</size>
         <contents>
            <object_component_ref idref="oc-76"/>
         </contents>
      </logical_group>
[...]
      </symbol>
      <symbol id="sm-366">
         <name>L_LSR_7</name>
         <value>0xe8c2</value>
         <object_component_ref idref="oc-11d"/>
      </symbol>
      <symbol id="sm-367">
         <name>L_LSR_6</name>
         <value>0xe8c6</value>
         <object_component_ref idref="oc-11d"/>
      </symbol>
      <symbol id="sm-368">
         <name>L_LSR_5</name>
         <value>0xe8ca</value>
         <object_component_ref idref="oc-11d"/>
      </symbol>
      <symbol id="sm-369">
         <name>L_LSR_4</name>
         <value>0xe8ce</value>
         <object_component_ref idref="oc-11d"/>
      </symbol>
      <symbol id="sm-36a">
         <name>L_LSR_9</name>
         <value>0xe8ba</value>
         <object_component_ref idref="oc-11d"/>
      </symbol>
      <symbol id="sm-36b">
         <name>L_LSR_8</name>
         <value>0xe8be</value>
         <object_component_ref idref="oc-11d"/>
      </symbol>
      <symbol id="sm-377">
         <name>__mpyi_f5hw</name>
         <value>0xebb8</value>
         <object_component_ref idref="oc-a6"/>
      </symbol>
      <symbol id="sm-381">
         <name>__TI_args_main</name>
         <value>0x1</value>
      </symbol>
      <symbol id="sm-393">
         <name>_auto_init</name>
         <value>0xe70e</value>
         <object_component_ref idref="oc-e5"/>
      </symbol>
      <symbol id="sm-394">
         <name>__TI_auto_init</name>
         <value>0x1</value>
      </symbol>
      <symbol id="sm-57f">
         <name>UINT32_TO_STREAM_f</name>
         <value>0xeacc</value>
         <object_component_ref idref="oc-111"/>
      </symbol>
      <symbol id="sm-580">
         <name>IntSpiGPIOHandler</name>
         <value>0xe302</value>
         <object_component_ref idref="oc-e0"/>
      </symbol>
      <symbol id="sm-581">
         <name>ulSocket</name>
         <value>0x1c16</value>
         <object_component_ref idref="oc-b9"/>
      </symbol>
      <symbol id="sm-582">
         <name>device_name</name>
         <value>0x1c1a</value>
         <object_component_ref idref="oc-b9"/>
      </symbol>
      <symbol id="sm-583">
         <name>ReadWlanInterruptPin</name>
         <value>0xec54</value>
         <object_component_ref idref="oc-10b"/>
      </symbol>
      <symbol id="sm-584">
         <name>pucCC3000_Rx_Buffer</name>
         <value>0x1c38</value>
         <object_component_ref idref="oc-b9"/>
      </symbol>
      <symbol id="sm-585">
         <name>digits</name>
         <value>0x1c2c</value>
         <object_component_ref idref="oc-b9"/>
      </symbol>
      <symbol id="sm-586">
         <name>hci_unsol_handle_patch_request</name>
         <value>0xe190</value>
         <object_component_ref idref="oc-117"/>
      </symbol>
      <symbol id="sm-587">
         <name>tSpiReadHeader</name>
         <value>0x1ce4</value>
         <object_component_ref idref="oc-bb"/>
      </symbol>
      <symbol id="sm-588">
         <name>WriteWlanPin</name>
         <value>0xec26</value>
         <object_component_ref idref="oc-10e"/>
      </symbol>
      <symbol id="sm-589">
         <name>pucUARTNoDataString</name>
         <value>0xc6e8</value>
         <object_component_ref idref="oc-f9"/>
      </symbol>
      <symbol id="sm-58a">
         <name>msp430_forced_restart_ptr</name>
         <value>0x1d02</value>
         <object_component_ref idref="oc-b7"/>
      </symbol>
      <symbol id="sm-58b">
         <name>netapp_dhcp</name>
         <value>0xe290</value>
         <object_component_ref idref="oc-ff"/>
      </symbol>
      <symbol id="sm-58c">
         <name>wlan_set_event_mask</name>
         <value>0xe8e0</value>
         <object_component_ref idref="oc-f5"/>
      </symbol>
      <symbol id="sm-58d">
         <name>bind</name>
         <value>0xe4aa</value>
         <object_component_ref idref="oc-101"/>
      </symbol>
      <symbol id="sm-58e">
         <name>__TI_int38</name>
         <value>0xffdc</value>
         <object_component_ref idref="oc-6c"/>
      </symbol>
      <symbol id="sm-58f">
         <name>__TI_int39</name>
         <value>0xffde</value>
         <object_component_ref idref="oc-6d"/>
      </symbol>
      <symbol id="sm-590">
         <name>__TI_int36</name>
         <value>0xffd8</value>
         <object_component_ref idref="oc-6a"/>
      </symbol>
      <symbol id="sm-591">
         <name>memcpy</name>
         <value>0xebe0</value>
         <object_component_ref idref="oc-eb"/>
      </symbol>
      <symbol id="sm-592">
         <name>__TI_int37</name>
         <value>0xffda</value>
         <object_component_ref idref="oc-6b"/>
      </symbol>
      <symbol id="sm-593">
         <name>__TI_int34</name>
         <value>0xffd4</value>
         <object_component_ref idref="oc-68"/>
      </symbol>
      <symbol id="sm-594">
         <name>__TI_int35</name>
         <value>0xffd6</value>
         <object_component_ref idref="oc-69"/>
      </symbol>
      <symbol id="sm-595">
         <name>__TI_int32</name>
         <value>0xffd0</value>
         <object_component_ref idref="oc-66"/>
      </symbol>
      <symbol id="sm-596">
         <name>__TI_int33</name>
         <value>0xffd2</value>
         <object_component_ref idref="oc-67"/>
      </symbol>
      <symbol id="sm-597">
         <name>__TI_int31</name>
         <value>0xffce</value>
         <object_component_ref idref="oc-65"/>
      </symbol>
      <symbol id="sm-598">
         <name>strlen</name>
         <value>0xec46</value>
         <object_component_ref idref="oc-124"/>
      </symbol>
      <symbol id="sm-599">
         <name>sprintf</name>
         <value>0xe91e</value>
         <object_component_ref idref="oc-11c"/>
      </symbol>
      <symbol id="sm-59a">
         <name>TIMER1_A0_ISR</name>
         <value>0xec5e</value>
         <object_component_ref idref="oc-e1"/>
      </symbol>
      <symbol id="sm-59b">
         <name>sendWLFWPatch</name>
         <value>0xec86</value>
         <object_component_ref idref="oc-108"/>
      </symbol>
      <symbol id="sm-59c">
         <name>turnLedOff</name>
         <value>0xe3da</value>
         <object_component_ref idref="oc-11a"/>
      </symbol>
      <symbol id="sm-59d">
         <name>memset</name>
         <value>0xebf2</value>
         <object_component_ref idref="oc-f0"/>
      </symbol>
      <symbol id="sm-59e">
         <name>socket_active_status</name>
         <value>0x1cee</value>
         <object_component_ref idref="oc-be"/>
      </symbol>
      <symbol id="sm-59f">
         <name>socket</name>
         <value>0xe372</value>
         <object_component_ref idref="oc-103"/>
      </symbol>
      <symbol id="sm-5a0">
         <name>Trap_ISR</name>
         <value>0xec96</value>
         <object_component_ref idref="oc-df"/>
      </symbol>
      <symbol id="sm-5a1">
         <name>__TI_int48</name>
         <value>0xfff0</value>
         <object_component_ref idref="oc-76"/>
      </symbol>
      <symbol id="sm-5a2">
         <name>__TI_int49</name>
         <value>0xfff2</value>
         <object_component_ref idref="oc-77"/>
      </symbol>
      <symbol id="sm-5a3">
         <name>__TI_int46</name>
         <value>0xffec</value>
         <object_component_ref idref="oc-74"/>
      </symbol>
      <symbol id="sm-5a4">
         <name>__TI_int47</name>
         <value>0xffee</value>
         <object_component_ref idref="oc-75"/>
      </symbol>
      <symbol id="sm-5a5">
         <name>__TI_int44</name>
         <value>0xffe8</value>
         <object_component_ref idref="oc-72"/>
      </symbol>
      <symbol id="sm-5a6">
         <name>__TI_int45</name>
         <value>0xffea</value>
         <object_component_ref idref="oc-73"/>
      </symbol>
      <symbol id="sm-5a7">
         <name>__TI_int42</name>
         <value>0xffe4</value>
         <object_component_ref idref="oc-70"/>
      </symbol>
      <symbol id="sm-5a8">
         <name>__TI_int43</name>
         <value>0xffe6</value>
         <object_component_ref idref="oc-71"/>
      </symbol>
      <symbol id="sm-5a9">
         <name>__TI_int40</name>
         <value>0xffe0</value>
         <object_component_ref idref="oc-6e"/>
      </symbol>
      <symbol id="sm-5aa">
         <name>__TI_int41</name>
         <value>0xffe2</value>
         <object_component_ref idref="oc-6f"/>
      </symbol>
      <symbol id="sm-5ab">
         <name>atoc</name>
         <value>0xe570</value>
         <object_component_ref idref="oc-fe"/>
      </symbol>
      <symbol id="sm-5ac">
         <name>hci_event_handler</name>
         <value>0xcb66</value>
         <object_component_ref idref="oc-fd"/>
      </symbol>
      <symbol id="sm-5ad">
         <name>_nop</name>
         <value>0xeca2</value>
         <object_component_ref idref="oc-e3"/>
      </symbol>
      <symbol id="sm-5ae">
         <name>sendDriverPatch</name>
         <value>0xec7c</value>
         <object_component_ref idref="oc-109"/>
      </symbol>
      <symbol id="sm-5af">
         <name>sSpiInformation</name>
         <value>0x1cd4</value>
         <object_component_ref idref="oc-bb"/>
      </symbol>
      <symbol id="sm-5b0">
         <name>__TI_int54</name>
         <value>0xfffc</value>
         <object_component_ref idref="oc-7d"/>
      </symbol>
      <symbol id="sm-5b1">
         <name>__TI_int52</name>
         <value>0xfff8</value>
         <object_component_ref idref="oc-7b"/>
      </symbol>
      <symbol id="sm-5b2">
         <name>__TI_int53</name>
         <value>0xfffa</value>
         <object_component_ref idref="oc-7c"/>
      </symbol>
      <symbol id="sm-5b3">
         <name>__TI_int50</name>
         <value>0xfff4</value>
         <object_component_ref idref="oc-79"/>
      </symbol>
      <symbol id="sm-5b4">
         <name>__TI_int51</name>
         <value>0xfff6</value>
         <object_component_ref idref="oc-7a"/>
      </symbol>
      <symbol id="sm-5b5">
         <name>SpiWriteDataSynchronous</name>
         <value>0xeaa2</value>
         <object_component_ref idref="oc-e8"/>
      </symbol>
      <symbol id="sm-5b6">
         <name>STREAM_TO_UINT32_f</name>
         <value>0xe9be</value>
         <object_component_ref idref="oc-114"/>
      </symbol>
      <symbol id="sm-5b7">
         <name>pucUARTCommandSmartConfigDoneString</name>
         <value>0xc6d2</value>
         <object_component_ref idref="oc-11b"/>
      </symbol>
      <symbol id="sm-5b8">
         <name>pucUARTIllegalCommandString</name>
         <value>0xc710</value>
         <object_component_ref idref="oc-fa"/>
      </symbol>
      <symbol id="sm-5b9">
         <name>ulCC3000DHCP</name>
         <value>0x1c08</value>
         <object_component_ref idref="oc-b9"/>
      </symbol>
      <symbol id="sm-5ba">
         <name>tSLInformation</name>
         <value>0x1c96</value>
         <object_component_ref idref="oc-ba"/>
      </symbol>
      <symbol id="sm-5bb">
         <name>USCI_A0_ISR</name>
         <value>0xe956</value>
         <object_component_ref idref="oc-e2"/>
      </symbol>
      <symbol id="sm-5bc">
         <name>g_ucLength</name>
         <value>0x1c94</value>
         <object_component_ref idref="oc-b8"/>
      </symbol>
      <symbol id="sm-5bd">
         <name>_Errno</name>
         <value>0x1d04</value>
         <object_component_ref idref="oc-bd"/>
      </symbol>
      <symbol id="sm-5be">
         <name>pucUARTExampleAppString</name>
         <value>0xc6b4</value>
         <object_component_ref idref="oc-f6"/>
      </symbol>
      <symbol id="sm-5bf">
         <name>SpiWrite</name>
         <value>0xdc1c</value>
         <object_component_ref idref="oc-113"/>
      </symbol>
      <symbol id="sm-5c0">
         <name>wlan_connect</name>
         <value>0xdec2</value>
         <object_component_ref idref="oc-104"/>
      </symbol>
      <symbol id="sm-5c1">
         <name>recvfrom</name>
         <value>0xec04</value>
         <object_component_ref idref="oc-f8"/>
      </symbol>
      <symbol id="sm-5c2">
         <name>uart_have_cmd</name>
         <value>0x1c92</value>
         <object_component_ref idref="oc-b8"/>
      </symbol>
      <symbol id="sm-5c3">
         <name>WlanInterruptEnable</name>
         <value>0xec16</value>
         <object_component_ref idref="oc-10c"/>
      </symbol>
      <symbol id="sm-5c4">
         <name>main</name>
         <value>0xda30</value>
         <object_component_ref idref="oc-e6"/>
      </symbol>
      <symbol id="sm-5c5">
         <name>_lock</name>
         <value>0x1cf2</value>
         <object_component_ref idref="oc-bf"/>
      </symbol>
      <symbol id="sm-5c6">
         <name>SSIContReadOperation</name>
         <value>0xe0f6</value>
         <object_component_ref idref="oc-ea"/>
      </symbol>
      <symbol id="sm-5c7">
         <name>pucUARTCommandDoneString</name>
         <value>0xc724</value>
         <object_component_ref idref="oc-106"/>
      </symbol>
      <symbol id="sm-5c8">
         <name>SpiReceiveHandler</name>
         <value>0xe9ee</value>
         <object_component_ref idref="oc-110"/>
      </symbol>
      <symbol id="sm-5c9">
         <name>ulCC3000Connected</name>
         <value>0x1c04</value>
         <object_component_ref idref="oc-b9"/>
      </symbol>
      <symbol id="sm-5ca">
         <name>mdnsAdvertiser</name>
         <value>0xceaa</value>
         <object_component_ref idref="oc-ee"/>
      </symbol>
      <symbol id="sm-5cb">
         <name>DemoHandleUartCommand</name>
         <value>0xc800</value>
         <object_component_ref idref="oc-ed"/>
      </symbol>
      <symbol id="sm-5cc">
         <name>_unlock</name>
         <value>0x1cf6</value>
         <object_component_ref idref="oc-bf"/>
      </symbol>
      <symbol id="sm-5cd">
         <name>ulCC3000DHCP_configured</name>
         <value>0x1c10</value>
         <object_component_ref idref="oc-b9"/>
      </symbol>
      <symbol id="sm-5ce">
         <name>wlan_tx_buffer</name>
         <value>0xc400</value>
         <object_component_ref idref="oc-bc"/>
      </symbol>
      <symbol id="sm-5cf">
         <name>pio_init</name>
         <value>0xe04c</value>
         <object_component_ref idref="oc-f1"/>
      </symbol>
      <symbol id="sm-5d0">
         <name>hci_command_send</name>
         <value>0xea4a</value>
         <object_component_ref idref="oc-fc"/>
      </symbol>
      <symbol id="sm-5d1">
         <name>printOnce</name>
         <value>0x1c2a</value>
         <object_component_ref idref="oc-b9"/>
      </symbol>
      <symbol id="sm-5d2">
         <name>OkToDoShutDown</name>
         <value>0x1c0c</value>
         <object_component_ref idref="oc-b9"/>
      </symbol>
      <symbol id="sm-5d3">
         <name>spi_buffer</name>
         <value>0xc200</value>
         <object_component_ref idref="oc-bc"/>
      </symbol>
      <symbol id="sm-5d4">
         <name>hci_unsol_event_handler</name>
         <value>0xd184</value>
         <object_component_ref idref="oc-115"/>
      </symbol>
      <symbol id="sm-5d5">
         <name>initDriver</name>
         <value>0xd80a</value>
         <object_component_ref idref="oc-ec"/>
      </symbol>
      <symbol id="sm-5d6">
         <name>memmove</name>
         <value>0xeb20</value>
         <object_component_ref idref="oc-107"/>
      </symbol>
      <symbol id="sm-5d7">
         <name>ucStopSmartConfig</name>
         <value>0x1c14</value>
         <object_component_ref idref="oc-b9"/>
      </symbol>
      <symbol id="sm-5d8">
         <name>simple_link_send</name>
         <value>0xd458</value>
         <object_component_ref idref="oc-118"/>
      </symbol>
      <symbol id="sm-5d9">
         <name>set_socket_active_status</name>
         <value>0xe510</value>
         <object_component_ref idref="oc-116"/>
      </symbol>
      <symbol id="sm-5da">
         <name>sendto</name>
         <value>0xe98c</value>
         <object_component_ref idref="oc-102"/>
      </symbol>
      <symbol id="sm-5db">
         <name>wlan_start</name>
         <value>0xdd0a</value>
         <object_component_ref idref="oc-f3"/>
      </symbol>
      <symbol id="sm-5dc">
         <name>wlan_init</name>
         <value>0xe756</value>
         <object_component_ref idref="oc-f2"/>
      </symbol>
      <symbol id="sm-5dd">
         <name>turnLedOn</name>
         <value>0xe442</value>
         <object_component_ref idref="oc-f4"/>
      </symbol>
      <symbol id="sm-5de">
         <name>simple_link_recv</name>
         <value>0xe214</value>
         <object_component_ref idref="oc-112"/>
      </symbol>
      <symbol id="sm-5df">
         <name>wlan_ioctl_set_connection_policy</name>
         <value>0xe670</value>
         <object_component_ref idref="oc-fb"/>
      </symbol>
      <symbol id="sm-5e0">
         <name>itoa</name>
         <value>0xe7e0</value>
         <object_component_ref idref="oc-f7"/>
      </symbol>
      <symbol id="sm-5e1">
         <name>DispatcherUartSendPacket</name>
         <value>0xeb8c</value>
         <object_component_ref idref="oc-ef"/>
      </symbol>
      <symbol id="sm-5e2">
         <name>ulSmartConfigFinished</name>
         <value>0x1c00</value>
         <object_component_ref idref="oc-b9"/>
      </symbol>
      <symbol id="sm-5e3">
         <name>CC3000_UsynchCallback</name>
         <value>0xddf0</value>
         <object_component_ref idref="oc-10f"/>
      </symbol>
      <symbol id="sm-5e4">
         <name>SpiReadDataSynchronous</name>
         <value>0xe79c</value>
         <object_component_ref idref="oc-e9"/>
      </symbol>
      <symbol id="sm-5e5">
         <name>_system_pre_init</name>
         <value>0xec9a</value>
         <object_component_ref idref="oc-e4"/>
      </symbol>
      <symbol id="sm-5e6">
         <name>g_ucUARTBuffer</name>
         <value>0x1c52</value>
         <object_component_ref idref="oc-b8"/>
      </symbol>
      <symbol id="sm-5e7">
         <name>closesocket</name>
         <value>0xe5ca</value>
         <object_component_ref idref="oc-100"/>
      </symbol>
      <symbol id="sm-5e8">
         <name>WlanInterruptDisable</name>
         <value>0xec90</value>
         <object_component_ref idref="oc-10d"/>
      </symbol>
      <symbol id="sm-5e9">
         <name>localIP</name>
         <value>0x1cea</value>
         <object_component_ref idref="oc-be"/>
      </symbol>
      <symbol id="sm-5ea">
         <name>aucCC3000_prefix</name>
         <value>0xc72c</value>
         <object_component_ref idref="oc-119"/>
      </symbol>
      <symbol id="sm-5eb">
         <name>sendBootLoaderPatch</name>
         <value>0xec72</value>
         <object_component_ref idref="oc-10a"/>
      </symbol>
      <symbol id="sm-5ec">
         <name>hci_patch_send</name>
         <value>0xdb2a</value>
         <object_component_ref idref="oc-120"/>
      </symbol>
      <symbol id="sm-5ed">
         <name>StartSmartConfig</name>
         <value>0xd63c</value>
         <object_component_ref idref="oc-105"/>
      </symbol>
      <symbol id="sm-62d">
         <name>__TI_printfi_minimal</name>
         <value>0xdf8c</value>
         <object_component_ref idref="oc-123"/>
      </symbol>
      <symbol id="sm-657">
         <name>memccpy</name>
         <value>0xeb3e</value>
         <object_component_ref idref="oc-128"/>
      </symbol>
   </symbol_table>
   <title>Link successful</title>
</link_info>
