<?xml version="1.0"?>
<link_info>
   <banner>MSP430 Linker PC v4.2.1</banner>
   <copyright>Copyright (c) 2003-2013 Texas Instruments Incorporated</copyright>
   <link_time>0x5358ee54</link_time>
   <link_errors>0x0</link_errors>
   <output_file>Patch Programmer.out</output_file>
   <entry_point>
      <name>_c_int00</name>
      <address>0xee2a</address>
   </entry_point>
   <input_file_list>
      <input_file id="fl-2">
         <path>.\</path>
         <kind>object</kind>
         <file>board.obj</file>
         <name>board.obj</name>
      </input_file>
      <input_file id="fl-3">
         <path>.\</path>
         <kind>object</kind>
         <file>PatchProgrammer_FW_Patch.obj</file>
         <name>PatchProgrammer_FW_Patch.obj</name>
      </input_file>
      <input_file id="fl-a">
         <path>D:\CC3000\Release\1.13\PatchProgrammer\PatchProgrammerMSP430FR5739-1.13.7.15.28\Patch Programmer Source\Patch Programmer CCS_FW_Patch\CC3000 Spi\Debug\</path>
         <kind>archive</kind>
         <file>CC3000 Spi.lib</file>
         <name>spi.obj</name>
      </input_file>
      <input_file id="fl-b">
         <path>D:\CC3000\Release\1.13\PatchProgrammer\PatchProgrammerMSP430FR5739-1.13.7.15.28\Patch Programmer Source\Patch Programmer CCS_FW_Patch\CC3000HostDriver\Debug\</path>
         <kind>archive</kind>
         <file>CC3000HostDriver.lib</file>
         <name>wlan.obj</name>
      </input_file>
      <input_file id="fl-c">
         <path>D:\CC3000\Release\1.13\PatchProgrammer\PatchProgrammerMSP430FR5739-1.13.7.15.28\Patch Programmer Source\Patch Programmer CCS_FW_Patch\CC3000HostDriver\Debug\</path>
         <kind>archive</kind>
         <file>CC3000HostDriver.lib</file>
         <name>nvmem.obj</name>
      </input_file>
      <input_file id="fl-d">
         <path>D:\CC3000\Release\1.13\PatchProgrammer\PatchProgrammerMSP430FR5739-1.13.7.15.28\Patch Programmer Source\Patch Programmer CCS_FW_Patch\CC3000HostDriver\Debug\</path>
         <kind>archive</kind>
         <file>CC3000HostDriver.lib</file>
         <name>hci.obj</name>
      </input_file>
      <input_file id="fl-e">
         <path>D:\CC3000\Release\1.13\PatchProgrammer\PatchProgrammerMSP430FR5739-1.13.7.15.28\Patch Programmer Source\Patch Programmer CCS_FW_Patch\CC3000HostDriver\Debug\</path>
         <kind>archive</kind>
         <file>CC3000HostDriver.lib</file>
         <name>evnt_handler.obj</name>
      </input_file>
      <input_file id="fl-f">
         <path>D:\CC3000\Release\1.13\PatchProgrammer\PatchProgrammerMSP430FR5739-1.13.7.15.28\Patch Programmer Source\Patch Programmer CCS_FW_Patch\CC3000HostDriver\Debug\</path>
         <kind>archive</kind>
         <file>CC3000HostDriver.lib</file>
         <name>cc3000_common.obj</name>
      </input_file>
      <input_file id="fl-25">
         <path>C:\ti\ccsv5\tools\compiler\msp430_4.2.1\lib\</path>
         <kind>archive</kind>
         <file>rts430x.lib</file>
         <name>boot.obj</name>
      </input_file>
      <input_file id="fl-26">
         <path>C:\ti\ccsv5\tools\compiler\msp430_4.2.1\lib\</path>
         <kind>archive</kind>
         <file>rts430x.lib</file>
         <name>copy_decompress_none.obj</name>
      </input_file>
      <input_file id="fl-27">
         <path>C:\ti\ccsv5\tools\compiler\msp430_4.2.1\lib\</path>
         <kind>archive</kind>
         <file>rts430x.lib</file>
         <name>copy_decompress_rle.obj</name>
      </input_file>
      <input_file id="fl-28">
         <path>C:\ti\ccsv5\tools\compiler\msp430_4.2.1\lib\</path>
         <kind>archive</kind>
         <file>rts430x.lib</file>
         <name>copy_zero_init.obj</name>
      </input_file>
      <input_file id="fl-29">
         <path>C:\ti\ccsv5\tools\compiler\msp430_4.2.1\lib\</path>
         <kind>archive</kind>
         <file>rts430x.lib</file>
         <name>cpy_util.obj</name>
      </input_file>
      <input_file id="fl-2a">
         <path>C:\ti\ccsv5\tools\compiler\msp430_4.2.1\lib\</path>
         <kind>archive</kind>
         <file>rts430x.lib</file>
         <name>div16u.obj</name>
      </input_file>
      <input_file id="fl-2b">
         <path>C:\ti\ccsv5\tools\compiler\msp430_4.2.1\lib\</path>
         <kind>archive</kind>
         <file>rts430x.lib</file>
         <name>errno.obj</name>
      </input_file>
      <input_file id="fl-2c">
         <path>C:\ti\ccsv5\tools\compiler\msp430_4.2.1\lib\</path>
         <kind>archive</kind>
         <file>rts430x.lib</file>
         <name>exit.obj</name>
      </input_file>
      <input_file id="fl-2d">
         <path>C:\ti\ccsv5\tools\compiler\msp430_4.2.1\lib\</path>
         <kind>archive</kind>
         <file>rts430x.lib</file>
         <name>lsl16.obj</name>
      </input_file>
      <input_file id="fl-2e">
         <path>C:\ti\ccsv5\tools\compiler\msp430_4.2.1\lib\</path>
         <kind>archive</kind>
         <file>rts430x.lib</file>
         <name>lsl32.obj</name>
      </input_file>
      <input_file id="fl-2f">
         <path>C:\ti\ccsv5\tools\compiler\msp430_4.2.1\lib\</path>
         <kind>archive</kind>
         <file>rts430x.lib</file>
         <name>lsr32.obj</name>
      </input_file>
      <input_file id="fl-30">
         <path>C:\ti\ccsv5\tools\compiler\msp430_4.2.1\lib\</path>
         <kind>archive</kind>
         <file>rts430x.lib</file>
         <name>memcpy.obj</name>
      </input_file>
      <input_file id="fl-31">
         <path>C:\ti\ccsv5\tools\compiler\msp430_4.2.1\lib\</path>
         <kind>archive</kind>
         <file>rts430x.lib</file>
         <name>memset.obj</name>
      </input_file>
      <input_file id="fl-32">
         <path>C:\ti\ccsv5\tools\compiler\msp430_4.2.1\lib\</path>
         <kind>archive</kind>
         <file>rts430x.lib</file>
         <name>pre_init.obj</name>
      </input_file>
      <input_file id="fl-33">
         <path>C:\ti\ccsv5\tools\compiler\msp430_4.2.1\lib\</path>
         <kind>archive</kind>
         <file>rts430x.lib</file>
         <name>_lock.obj</name>
      </input_file>
      <input_file id="fl-34">
         <path>C:\ti\ccsv5\tools\compiler\msp430_4.2.1\lib\</path>
         <kind>archive</kind>
         <file>rts430x.lib</file>
         <name>args_main.obj</name>
      </input_file>
      <input_file id="fl-35">
         <path>C:\ti\ccsv5\tools\compiler\msp430_4.2.1\lib\</path>
         <kind>archive</kind>
         <file>rts430x.lib</file>
         <name>autoinit.obj</name>
      </input_file>
   </input_file_list>
   <object_component_list>
      <object_component id="oc-86">
         <name>.cinit</name>
         <load_address>0xc400</load_address>
         <run_address>0xc400</run_address>
         <size>0x13</size>
         <input_file_ref idref="fl-3"/>
      </object_component>
      <object_component id="oc-8d">
         <name>.cinit</name>
         <load_address>0xc414</load_address>
         <run_address>0xc414</run_address>
         <size>0x9</size>
         <input_file_ref idref="fl-a"/>
      </object_component>
      <object_component id="oc-a1">
         <name>.cinit</name>
         <load_address>0xc41e</load_address>
         <run_address>0xc41e</run_address>
         <size>0x8</size>
         <input_file_ref idref="fl-e"/>
      </object_component>
      <object_component id="oc-80">
         <name>.cinit</name>
         <load_address>0xc426</load_address>
         <run_address>0xc426</run_address>
         <size>0x6</size>
         <input_file_ref idref="fl-2"/>
      </object_component>
      <object_component id="oc-c5">
         <name>.cinit</name>
         <load_address>0xc42c</load_address>
         <run_address>0xc42c</run_address>
         <size>0x6</size>
         <input_file_ref idref="fl-2b"/>
      </object_component>
      <object_component id="oc-fb">
         <name>.const:.string:fw_patch</name>
         <load_address>0xc434</load_address>
         <run_address>0xc434</run_address>
         <size>0x1644</size>
         <input_file_ref idref="fl-3"/>
      </object_component>
      <object_component id="oc-87">
         <name>.const:.string</name>
         <load_address>0xda78</load_address>
         <run_address>0xda78</run_address>
         <size>0x4</size>
         <input_file_ref idref="fl-3"/>
      </object_component>
      <object_component id="oc-121">
         <name>.text:hci_event_handler</name>
         <load_address>0xdc00</load_address>
         <run_address>0xdc00</run_address>
         <size>0x41c</size>
         <input_file_ref idref="fl-e"/>
      </object_component>
      <object_component id="oc-123">
         <name>.text:hci_unsol_event_handler</name>
         <load_address>0xe01c</load_address>
         <run_address>0xe01c</run_address>
         <size>0x276</size>
         <input_file_ref idref="fl-e"/>
      </object_component>
      <object_component id="oc-12d">
         <name>.text:hci_patch_send</name>
         <load_address>0xe292</load_address>
         <run_address>0xe292</run_address>
         <size>0xdc</size>
         <input_file_ref idref="fl-d"/>
      </object_component>
      <object_component id="oc-120">
         <name>.text:SpiWrite</name>
         <load_address>0xe36e</load_address>
         <run_address>0xe36e</run_address>
         <size>0xca</size>
         <input_file_ref idref="fl-a"/>
      </object_component>
      <object_component id="oc-128">
         <name>.text:hci_unsol_handle_patch_request</name>
         <load_address>0xe438</load_address>
         <run_address>0xe438</run_address>
         <size>0xb6</size>
         <input_file_ref idref="fl-e"/>
      </object_component>
      <object_component id="oc-10e">
         <name>.text:wlan_start</name>
         <load_address>0xe4ee</load_address>
         <run_address>0xe4ee</run_address>
         <size>0x9e</size>
         <input_file_ref idref="fl-b"/>
      </object_component>
      <object_component id="oc-103">
         <name>.text:pio_init</name>
         <load_address>0xe58c</load_address>
         <run_address>0xe58c</run_address>
         <size>0x84</size>
         <input_file_ref idref="fl-2"/>
      </object_component>
      <object_component id="oc-112">
         <name>.text:nvmem_write</name>
         <load_address>0xe610</load_address>
         <run_address>0xe610</run_address>
         <size>0x7c</size>
         <input_file_ref idref="fl-c"/>
      </object_component>
      <object_component id="oc-101">
         <name>.text:SpiReadDataCont</name>
         <load_address>0xe68c</load_address>
         <run_address>0xe68c</run_address>
         <size>0x76</size>
         <input_file_ref idref="fl-a"/>
      </object_component>
      <object_component id="oc-fc">
         <name>.text:nvmem_write_patch</name>
         <load_address>0xe702</load_address>
         <run_address>0xe702</run_address>
         <size>0x76</size>
         <input_file_ref idref="fl-c"/>
      </object_component>
      <object_component id="oc-fa">
         <name>.text:initDriver</name>
         <load_address>0xe778</load_address>
         <run_address>0xe778</run_address>
         <size>0x72</size>
         <input_file_ref idref="fl-3"/>
      </object_component>
      <object_component id="oc-110">
         <name>.text:wlan_set_event_mask</name>
         <load_address>0xe7ea</load_address>
         <run_address>0xe7ea</run_address>
         <size>0x72</size>
         <input_file_ref idref="fl-b"/>
      </object_component>
      <object_component id="oc-ef">
         <name>.text:_isr:IntSpiGPIOHandler</name>
         <load_address>0xe85c</load_address>
         <run_address>0xe85c</run_address>
         <size>0x6c</size>
         <input_file_ref idref="fl-a"/>
      </object_component>
      <object_component id="oc-10f">
         <name>.text:wlan_smart_config_set_prefix</name>
         <load_address>0xe8c8</load_address>
         <run_address>0xe8c8</run_address>
         <size>0x6c</size>
         <input_file_ref idref="fl-b"/>
      </object_component>
      <object_component id="oc-fd">
         <name>.text:turnLedOn</name>
         <load_address>0xe934</load_address>
         <run_address>0xe934</run_address>
         <size>0x68</size>
         <input_file_ref idref="fl-2"/>
      </object_component>
      <object_component id="oc-127">
         <name>.text:set_socket_active_status</name>
         <load_address>0xe99c</load_address>
         <run_address>0xe99c</run_address>
         <size>0x60</size>
         <input_file_ref idref="fl-e"/>
      </object_component>
      <object_component id="oc-100">
         <name>.text:SpiReadDataSynchronous</name>
         <load_address>0xe9fc</load_address>
         <run_address>0xe9fc</run_address>
         <size>0x54</size>
         <input_file_ref idref="fl-a"/>
      </object_component>
      <object_component id="oc-f4">
         <name>.text:main</name>
         <load_address>0xea50</load_address>
         <run_address>0xea50</run_address>
         <size>0x50</size>
         <input_file_ref idref="fl-3"/>
      </object_component>
      <object_component id="oc-125">
         <name>.text:SpiFirstWrite</name>
         <load_address>0xeaa0</load_address>
         <run_address>0xeaa0</run_address>
         <size>0x4a</size>
         <input_file_ref idref="fl-a"/>
      </object_component>
      <object_component id="oc-f3">
         <name>.text:_auto_init</name>
         <load_address>0xeaea</load_address>
         <run_address>0xeaea</run_address>
         <size>0x48</size>
         <input_file_ref idref="fl-35"/>
      </object_component>
      <object_component id="oc-126">
         <name>.text:STREAM_TO_UINT32_f</name>
         <load_address>0xeb32</load_address>
         <run_address>0xeb32</run_address>
         <size>0x40</size>
         <input_file_ref idref="fl-f"/>
      </object_component>
      <object_component id="oc-12a">
         <name>.text:hci_event_unsol_flowcontrol_handler</name>
         <load_address>0xeb72</load_address>
         <run_address>0xeb72</run_address>
         <size>0x40</size>
         <input_file_ref idref="fl-e"/>
      </object_component>
      <object_component id="oc-12b">
         <name>.text:l_lsl_const</name>
         <load_address>0xebb2</load_address>
         <run_address>0xebb2</run_address>
         <size>0x3e</size>
         <input_file_ref idref="fl-2e"/>
      </object_component>
      <object_component id="oc-122">
         <name>.text:l_lsr_const</name>
         <load_address>0xebf0</load_address>
         <run_address>0xebf0</run_address>
         <size>0x3e</size>
         <input_file_ref idref="fl-2f"/>
      </object_component>
      <object_component id="oc-11d">
         <name>.text:hci_data_command_send</name>
         <load_address>0xec2e</load_address>
         <run_address>0xec2e</run_address>
         <size>0x3c</size>
         <input_file_ref idref="fl-d"/>
      </object_component>
      <object_component id="oc-10d">
         <name>.text:wlan_init</name>
         <load_address>0xec6a</load_address>
         <run_address>0xec6a</run_address>
         <size>0x3a</size>
         <input_file_ref idref="fl-b"/>
      </object_component>
      <object_component id="oc-f6">
         <name>.text:SpiWriteDataSynchronous</name>
         <load_address>0xeca4</load_address>
         <run_address>0xeca4</run_address>
         <size>0x36</size>
         <input_file_ref idref="fl-a"/>
      </object_component>
      <object_component id="oc-11e">
         <name>.text:hci_unsolicited_event_handler</name>
         <load_address>0xecda</load_address>
         <run_address>0xecda</run_address>
         <size>0x34</size>
         <input_file_ref idref="fl-e"/>
      </object_component>
      <object_component id="oc-104">
         <name>.text:init_spi</name>
         <load_address>0xed0e</load_address>
         <run_address>0xed0e</run_address>
         <size>0x34</size>
         <input_file_ref idref="fl-a"/>
      </object_component>
      <object_component id="oc-119">
         <name>.text:SimpleLink_Init_Start</name>
         <load_address>0xed42</load_address>
         <run_address>0xed42</run_address>
         <size>0x30</size>
         <input_file_ref idref="fl-b"/>
      </object_component>
      <object_component id="oc-129">
         <name>.text:update_socket_active_status</name>
         <load_address>0xed72</load_address>
         <run_address>0xed72</run_address>
         <size>0x30</size>
         <input_file_ref idref="fl-e"/>
      </object_component>
      <object_component id="oc-118">
         <name>.text:SpiOpen</name>
         <load_address>0xeda2</load_address>
         <run_address>0xeda2</run_address>
         <size>0x2e</size>
         <input_file_ref idref="fl-a"/>
      </object_component>
      <object_component id="oc-11a">
         <name>.text:hci_command_send</name>
         <load_address>0xedd0</load_address>
         <run_address>0xedd0</run_address>
         <size>0x2e</size>
         <input_file_ref idref="fl-d"/>
      </object_component>
      <object_component id="oc-102">
         <name>.text:SpiTriggerRxProcessing</name>
         <load_address>0xedfe</load_address>
         <run_address>0xedfe</run_address>
         <size>0x2c</size>
         <input_file_ref idref="fl-a"/>
      </object_component>
      <object_component id="oc-78">
         <name>.text:_isr:_c_int00_noexit</name>
         <load_address>0xee2a</load_address>
         <run_address>0xee2a</run_address>
         <size>0x2a</size>
         <input_file_ref idref="fl-25"/>
      </object_component>
      <object_component id="oc-11c">
         <name>.text:UINT32_TO_STREAM_f</name>
         <load_address>0xee54</load_address>
         <run_address>0xee54</run_address>
         <size>0x28</size>
         <input_file_ref idref="fl-f"/>
      </object_component>
      <object_component id="oc-111">
         <name>.text:unsolicicted_events_timer_init</name>
         <load_address>0xee7c</load_address>
         <run_address>0xee7c</run_address>
         <size>0x20</size>
         <input_file_ref idref="fl-2"/>
      </object_component>
      <object_component id="oc-116">
         <name>.text:initLEDs</name>
         <load_address>0xee9c</load_address>
         <run_address>0xee9c</run_address>
         <size>0x1a</size>
         <input_file_ref idref="fl-2"/>
      </object_component>
      <object_component id="oc-115">
         <name>.text:initClk</name>
         <load_address>0xeeb6</load_address>
         <run_address>0xeeb6</run_address>
         <size>0x18</size>
         <input_file_ref idref="fl-2"/>
      </object_component>
      <object_component id="oc-bf">
         <name>.text</name>
         <load_address>0xeece</load_address>
         <run_address>0xeece</run_address>
         <size>0x16</size>
         <input_file_ref idref="fl-2a"/>
      </object_component>
      <object_component id="oc-113">
         <name>.text:STREAM_TO_UINT16_f</name>
         <load_address>0xeee4</load_address>
         <run_address>0xeee4</run_address>
         <size>0x14</size>
         <input_file_ref idref="fl-f"/>
      </object_component>
      <object_component id="oc-f8">
         <name>.text:SSIContReadOperation</name>
         <load_address>0xeef8</load_address>
         <run_address>0xeef8</run_address>
         <size>0x12</size>
         <input_file_ref idref="fl-a"/>
      </object_component>
      <object_component id="oc-11b">
         <name>.text:SimpleLinkWaitEvent</name>
         <load_address>0xef0a</load_address>
         <run_address>0xef0a</run_address>
         <size>0x12</size>
         <input_file_ref idref="fl-e"/>
      </object_component>
      <object_component id="oc-f9">
         <name>.text:memcpy</name>
         <load_address>0xef1c</load_address>
         <run_address>0xef1c</run_address>
         <size>0x12</size>
         <input_file_ref idref="fl-30"/>
      </object_component>
      <object_component id="oc-11f">
         <name>.text:UINT16_TO_STREAM_f</name>
         <load_address>0xef2e</load_address>
         <run_address>0xef2e</run_address>
         <size>0x10</size>
         <input_file_ref idref="fl-f"/>
      </object_component>
      <object_component id="oc-108">
         <name>.text:WriteWlanPin</name>
         <load_address>0xef3e</load_address>
         <run_address>0xef3e</run_address>
         <size>0x10</size>
         <input_file_ref idref="fl-2"/>
      </object_component>
      <object_component id="oc-12c">
         <name>.text:l_lsl</name>
         <load_address>0xef4e</load_address>
         <run_address>0xef4e</run_address>
         <size>0x10</size>
         <input_file_ref idref="fl-2e"/>
      </object_component>
      <object_component id="oc-f7">
         <name>.text:SpiReadHeader</name>
         <load_address>0xef5e</load_address>
         <run_address>0xef5e</run_address>
         <size>0xe</size>
         <input_file_ref idref="fl-a"/>
      </object_component>
      <object_component id="oc-117">
         <name>.text:SpiReceiveHandler</name>
         <load_address>0xef6c</load_address>
         <run_address>0xef6c</run_address>
         <size>0xe</size>
         <input_file_ref idref="fl-b"/>
      </object_component>
      <object_component id="oc-106">
         <name>.text:WlanInterruptEnable</name>
         <load_address>0xef7a</load_address>
         <run_address>0xef7a</run_address>
         <size>0xe</size>
         <input_file_ref idref="fl-2"/>
      </object_component>
      <object_component id="oc-ff">
         <name>.text:RXBufferIsEmpty</name>
         <load_address>0xef88</load_address>
         <run_address>0xef88</run_address>
         <size>0xa</size>
         <input_file_ref idref="fl-a"/>
      </object_component>
      <object_component id="oc-105">
         <name>.text:ReadWlanInterruptPin</name>
         <load_address>0xef92</load_address>
         <run_address>0xef92</run_address>
         <size>0xa</size>
         <input_file_ref idref="fl-2"/>
      </object_component>
      <object_component id="oc-fe">
         <name>.text:TXBufferIsEmpty</name>
         <load_address>0xef9c</load_address>
         <run_address>0xef9c</run_address>
         <size>0xa</size>
         <input_file_ref idref="fl-a"/>
      </object_component>
      <object_component id="oc-f0">
         <name>.text:_isr:TIMER1_A0_ISR</name>
         <load_address>0xefa6</load_address>
         <run_address>0xefa6</run_address>
         <size>0xa</size>
         <input_file_ref idref="fl-2"/>
      </object_component>
      <object_component id="oc-cb">
         <name>.text</name>
         <load_address>0xefb0</load_address>
         <run_address>0xefb0</run_address>
         <size>0xa</size>
         <input_file_ref idref="fl-2d"/>
      </object_component>
      <object_component id="oc-10c">
         <name>.text:sendBootLoaderPatch</name>
         <load_address>0xefba</load_address>
         <run_address>0xefba</run_address>
         <size>0xa</size>
         <input_file_ref idref="fl-3"/>
      </object_component>
      <object_component id="oc-10b">
         <name>.text:sendDriverPatch</name>
         <load_address>0xefc4</load_address>
         <run_address>0xefc4</run_address>
         <size>0xa</size>
         <input_file_ref idref="fl-3"/>
      </object_component>
      <object_component id="oc-10a">
         <name>.text:sendWLFWPatch</name>
         <load_address>0xefce</load_address>
         <run_address>0xefce</run_address>
         <size>0xa</size>
         <input_file_ref idref="fl-3"/>
      </object_component>
      <object_component id="oc-114">
         <name>.text:SpiPauseSpi</name>
         <load_address>0xefd8</load_address>
         <run_address>0xefd8</run_address>
         <size>0x6</size>
         <input_file_ref idref="fl-a"/>
      </object_component>
      <object_component id="oc-124">
         <name>.text:SpiResumeSpi</name>
         <load_address>0xefde</load_address>
         <run_address>0xefde</run_address>
         <size>0x6</size>
         <input_file_ref idref="fl-a"/>
      </object_component>
      <object_component id="oc-107">
         <name>.text:WlanInterruptDisable</name>
         <load_address>0xefe4</load_address>
         <run_address>0xefe4</run_address>
         <size>0x6</size>
         <input_file_ref idref="fl-2"/>
      </object_component>
      <object_component id="oc-ee">
         <name>.text:_isr:Trap_ISR</name>
         <load_address>0xefea</load_address>
         <run_address>0xefea</run_address>
         <size>0x4</size>
         <input_file_ref idref="fl-2"/>
      </object_component>
      <object_component id="oc-f2">
         <name>.text:_system_pre_init</name>
         <load_address>0xefee</load_address>
         <run_address>0xefee</run_address>
         <size>0x4</size>
         <input_file_ref idref="fl-32"/>
      </object_component>
      <object_component id="oc-f5">
         <name>.text:abort</name>
         <load_address>0xeff2</load_address>
         <run_address>0xeff2</run_address>
         <size>0x4</size>
         <input_file_ref idref="fl-2c"/>
      </object_component>
      <object_component id="oc-109">
         <name>.text:CC3000_UsynchCallback</name>
         <load_address>0xeff6</load_address>
         <run_address>0xeff6</run_address>
         <size>0x2</size>
         <input_file_ref idref="fl-3"/>
      </object_component>
      <object_component id="oc-f1">
         <name>.text:_nop</name>
         <load_address>0xeff8</load_address>
         <run_address>0xeff8</run_address>
         <size>0x2</size>
         <input_file_ref idref="fl-33"/>
      </object_component>
      <object_component id="oc-7e">
         <name>.bss</name>
         <uninitialized>true</uninitialized>
         <run_address>0x1cf6</run_address>
         <size>0x2</size>
         <input_file_ref idref="fl-2"/>
      </object_component>
      <object_component id="oc-84">
         <name>.bss</name>
         <uninitialized>true</uninitialized>
         <run_address>0x1c00</run_address>
         <size>0x8e</size>
         <input_file_ref idref="fl-3"/>
      </object_component>
      <object_component id="oc-8b">
         <name>.bss</name>
         <uninitialized>true</uninitialized>
         <run_address>0x1ccc</run_address>
         <size>0x16</size>
         <input_file_ref idref="fl-a"/>
      </object_component>
      <object_component id="oc-92">
         <name>.bss</name>
         <uninitialized>true</uninitialized>
         <run_address>0x1c8e</run_address>
         <size>0x3e</size>
         <input_file_ref idref="fl-b"/>
      </object_component>
      <object_component id="oc-9f">
         <name>.bss</name>
         <uninitialized>true</uninitialized>
         <run_address>0x1cf2</run_address>
         <size>0x4</size>
         <input_file_ref idref="fl-e"/>
      </object_component>
      <object_component id="oc-a9">
         <name>.bss</name>
         <uninitialized>true</uninitialized>
         <run_address>0x1cea</run_address>
         <size>0x8</size>
         <input_file_ref idref="fl-25"/>
      </object_component>
      <object_component id="oc-c3">
         <name>.bss</name>
         <uninitialized>true</uninitialized>
         <run_address>0x1cf8</run_address>
         <size>0x2</size>
         <input_file_ref idref="fl-2b"/>
      </object_component>
      <object_component id="oc-e1">
         <name>.bss</name>
         <uninitialized>true</uninitialized>
         <run_address>0x1ce2</run_address>
         <size>0x8</size>
         <input_file_ref idref="fl-33"/>
      </object_component>
      <object_component id="oc-ab">
         <name>.stack</name>
         <uninitialized>true</uninitialized>
         <run_address>0x1f60</run_address>
         <size>0x2</size>
         <input_file_ref idref="fl-25"/>
      </object_component>
      <object_component id="oc-17e">
         <name>.stack</name>
         <uninitialized>true</uninitialized>
         <run_address>0x1f60</run_address>
         <size>0x0</size>
      </object_component>
      <object_component id="oc-8e">
         <name>.FRAM_DATA</name>
         <uninitialized>true</uninitialized>
         <run_address>0xc200</run_address>
         <size>0x68</size>
         <input_file_ref idref="fl-a"/>
      </object_component>
      <object_component id="oc-65">
         <name>.int31</name>
         <load_address>0xffce</load_address>
         <run_address>0xffce</run_address>
         <size>0x2</size>
         <input_file_ref idref="fl-2"/>
      </object_component>
      <object_component id="oc-66">
         <name>.int32</name>
         <load_address>0xffd0</load_address>
         <run_address>0xffd0</run_address>
         <size>0x2</size>
         <input_file_ref idref="fl-2"/>
      </object_component>
      <object_component id="oc-67">
         <name>.int33</name>
         <load_address>0xffd2</load_address>
         <run_address>0xffd2</run_address>
         <size>0x2</size>
         <input_file_ref idref="fl-2"/>
      </object_component>
      <object_component id="oc-68">
         <name>.int34</name>
         <load_address>0xffd4</load_address>
         <run_address>0xffd4</run_address>
         <size>0x2</size>
         <input_file_ref idref="fl-2"/>
      </object_component>
      <object_component id="oc-69">
         <name>.int35</name>
         <load_address>0xffd6</load_address>
         <run_address>0xffd6</run_address>
         <size>0x2</size>
         <input_file_ref idref="fl-2"/>
      </object_component>
      <object_component id="oc-6a">
         <name>.int36</name>
         <load_address>0xffd8</load_address>
         <run_address>0xffd8</run_address>
         <size>0x2</size>
         <input_file_ref idref="fl-a"/>
      </object_component>
      <object_component id="oc-6b">
         <name>.int37</name>
         <load_address>0xffda</load_address>
         <run_address>0xffda</run_address>
         <size>0x2</size>
         <input_file_ref idref="fl-2"/>
      </object_component>
      <object_component id="oc-6c">
         <name>.int38</name>
         <load_address>0xffdc</load_address>
         <run_address>0xffdc</run_address>
         <size>0x2</size>
         <input_file_ref idref="fl-2"/>
      </object_component>
      <object_component id="oc-6d">
         <name>.int39</name>
         <load_address>0xffde</load_address>
         <run_address>0xffde</run_address>
         <size>0x2</size>
         <input_file_ref idref="fl-2"/>
      </object_component>
      <object_component id="oc-6e">
         <name>.int40</name>
         <load_address>0xffe0</load_address>
         <run_address>0xffe0</run_address>
         <size>0x2</size>
         <input_file_ref idref="fl-2"/>
      </object_component>
      <object_component id="oc-6f">
         <name>.int41</name>
         <load_address>0xffe2</load_address>
         <run_address>0xffe2</run_address>
         <size>0x2</size>
         <input_file_ref idref="fl-2"/>
      </object_component>
      <object_component id="oc-70">
         <name>.int42</name>
         <load_address>0xffe4</load_address>
         <run_address>0xffe4</run_address>
         <size>0x2</size>
         <input_file_ref idref="fl-2"/>
      </object_component>
      <object_component id="oc-71">
         <name>.int43</name>
         <load_address>0xffe6</load_address>
         <run_address>0xffe6</run_address>
         <size>0x2</size>
         <input_file_ref idref="fl-2"/>
      </object_component>
      <object_component id="oc-72">
         <name>.int44</name>
         <load_address>0xffe8</load_address>
         <run_address>0xffe8</run_address>
         <size>0x2</size>
         <input_file_ref idref="fl-2"/>
      </object_component>
      <object_component id="oc-73">
         <name>.int45</name>
         <load_address>0xffea</load_address>
         <run_address>0xffea</run_address>
         <size>0x2</size>
         <input_file_ref idref="fl-2"/>
      </object_component>
      <object_component id="oc-74">
         <name>.int46</name>
         <load_address>0xffec</load_address>
         <run_address>0xffec</run_address>
         <size>0x2</size>
         <input_file_ref idref="fl-2"/>
      </object_component>
      <object_component id="oc-75">
         <name>.int47</name>
         <load_address>0xffee</load_address>
         <run_address>0xffee</run_address>
         <size>0x2</size>
         <input_file_ref idref="fl-2"/>
      </object_component>
      <object_component id="oc-76">
         <name>.int48</name>
         <load_address>0xfff0</load_address>
         <run_address>0xfff0</run_address>
         <size>0x2</size>
         <input_file_ref idref="fl-2"/>
      </object_component>
      <object_component id="oc-77">
         <name>.int49</name>
         <load_address>0xfff2</load_address>
         <run_address>0xfff2</run_address>
         <size>0x2</size>
         <input_file_ref idref="fl-2"/>
      </object_component>
      <object_component id="oc-79">
         <name>.int50</name>
         <load_address>0xfff4</load_address>
         <run_address>0xfff4</run_address>
         <size>0x2</size>
         <input_file_ref idref="fl-2"/>
      </object_component>
      <object_component id="oc-7a">
         <name>.int51</name>
         <load_address>0xfff6</load_address>
         <run_address>0xfff6</run_address>
         <size>0x2</size>
         <input_file_ref idref="fl-2"/>
      </object_component>
      <object_component id="oc-7b">
         <name>.int52</name>
         <load_address>0xfff8</load_address>
         <run_address>0xfff8</run_address>
         <size>0x2</size>
         <input_file_ref idref="fl-2"/>
      </object_component>
      <object_component id="oc-7c">
         <name>.int53</name>
         <load_address>0xfffa</load_address>
         <run_address>0xfffa</run_address>
         <size>0x2</size>
         <input_file_ref idref="fl-2"/>
      </object_component>
      <object_component id="oc-7d">
         <name>.int54</name>
         <load_address>0xfffc</load_address>
         <run_address>0xfffc</run_address>
         <size>0x2</size>
         <input_file_ref idref="fl-2"/>
      </object_component>
      <object_component id="oc-ac">
         <name>.reset</name>
         <load_address>0xfffe</load_address>
         <run_address>0xfffe</run_address>
         <size>0x2</size>
         <input_file_ref idref="fl-25"/>
      </object_component>
      <object_component id="oc-7f">
         <name>.debug_info</name>
         <load_address>0x0</load_address>
         <run_address>0x0</run_address>
         <size>0x1594</size>
         <input_file_ref idref="fl-2"/>
      </object_component>
      <object_component id="oc-85">
         <name>.debug_info</name>
         <load_address>0x1594</load_address>
         <run_address>0x1594</run_address>
         <size>0x135a</size>
         <input_file_ref idref="fl-3"/>
      </object_component>
      <object_component id="oc-8c">
         <name>.debug_info</name>
         <load_address>0x28ee</load_address>
         <run_address>0x28ee</run_address>
         <size>0x21f1</size>
         <input_file_ref idref="fl-a"/>
      </object_component>
      <object_component id="oc-93">
         <name>.debug_info</name>
         <load_address>0x4adf</load_address>
         <run_address>0x4adf</run_address>
         <size>0x1786</size>
         <input_file_ref idref="fl-b"/>
      </object_component>
      <object_component id="oc-97">
         <name>.debug_info</name>
         <load_address>0x6265</load_address>
         <run_address>0x6265</run_address>
         <size>0xe9c</size>
         <input_file_ref idref="fl-c"/>
      </object_component>
      <object_component id="oc-9b">
         <name>.debug_info</name>
         <load_address>0x7101</load_address>
         <run_address>0x7101</run_address>
         <size>0xb72</size>
         <input_file_ref idref="fl-d"/>
      </object_component>
      <object_component id="oc-a0">
         <name>.debug_info</name>
         <load_address>0x7c73</load_address>
         <run_address>0x7c73</run_address>
         <size>0x2249</size>
         <input_file_ref idref="fl-e"/>
      </object_component>
      <object_component id="oc-a5">
         <name>.debug_info</name>
         <load_address>0x9ebc</load_address>
         <run_address>0x9ebc</run_address>
         <size>0x9b2</size>
         <input_file_ref idref="fl-f"/>
      </object_component>
      <object_component id="oc-aa">
         <name>.debug_info</name>
         <load_address>0xa86e</load_address>
         <run_address>0xa86e</run_address>
         <size>0x443</size>
         <input_file_ref idref="fl-25"/>
      </object_component>
      <object_component id="oc-b0">
         <name>.debug_info</name>
         <load_address>0xacb1</load_address>
         <run_address>0xacb1</run_address>
         <size>0x275</size>
         <input_file_ref idref="fl-26"/>
      </object_component>
      <object_component id="oc-b4">
         <name>.debug_info</name>
         <load_address>0xaf26</load_address>
         <run_address>0xaf26</run_address>
         <size>0x26a</size>
         <input_file_ref idref="fl-27"/>
      </object_component>
      <object_component id="oc-b8">
         <name>.debug_info</name>
         <load_address>0xb190</load_address>
         <run_address>0xb190</run_address>
         <size>0x273</size>
         <input_file_ref idref="fl-28"/>
      </object_component>
      <object_component id="oc-bc">
         <name>.debug_info</name>
         <load_address>0xb403</load_address>
         <run_address>0xb403</run_address>
         <size>0x8b</size>
         <input_file_ref idref="fl-29"/>
      </object_component>
      <object_component id="oc-c0">
         <name>.debug_info</name>
         <load_address>0xb48e</load_address>
         <run_address>0xb48e</run_address>
         <size>0xb7</size>
         <input_file_ref idref="fl-2a"/>
      </object_component>
      <object_component id="oc-c4">
         <name>.debug_info</name>
         <load_address>0xb545</load_address>
         <run_address>0xb545</run_address>
         <size>0x1d5</size>
         <input_file_ref idref="fl-2b"/>
      </object_component>
      <object_component id="oc-c7">
         <name>.debug_info</name>
         <load_address>0xb71a</load_address>
         <run_address>0xb71a</run_address>
         <size>0x28e</size>
         <input_file_ref idref="fl-2c"/>
      </object_component>
      <object_component id="oc-cc">
         <name>.debug_info</name>
         <load_address>0xb9a8</load_address>
         <run_address>0xb9a8</run_address>
         <size>0xb4</size>
         <input_file_ref idref="fl-2d"/>
      </object_component>
      <object_component id="oc-cf">
         <name>.debug_info</name>
         <load_address>0xba5c</load_address>
         <run_address>0xba5c</run_address>
         <size>0xe6</size>
         <input_file_ref idref="fl-2e"/>
      </object_component>
      <object_component id="oc-d2">
         <name>.debug_info</name>
         <load_address>0xbb42</load_address>
         <run_address>0xbb42</run_address>
         <size>0xba</size>
         <input_file_ref idref="fl-2f"/>
      </object_component>
      <object_component id="oc-d5">
         <name>.debug_info</name>
         <load_address>0xbbfc</load_address>
         <run_address>0xbbfc</run_address>
         <size>0x2a5</size>
         <input_file_ref idref="fl-30"/>
      </object_component>
      <object_component id="oc-d9">
         <name>.debug_info</name>
         <load_address>0xbea1</load_address>
         <run_address>0xbea1</run_address>
         <size>0x1e0</size>
         <input_file_ref idref="fl-31"/>
      </object_component>
      <object_component id="oc-dd">
         <name>.debug_info</name>
         <load_address>0xc081</load_address>
         <run_address>0xc081</run_address>
         <size>0x220</size>
         <input_file_ref idref="fl-32"/>
      </object_component>
      <object_component id="oc-e2">
         <name>.debug_info</name>
         <load_address>0xc2a1</load_address>
         <run_address>0xc2a1</run_address>
         <size>0x23c</size>
         <input_file_ref idref="fl-33"/>
      </object_component>
      <object_component id="oc-e6">
         <name>.debug_info</name>
         <load_address>0xc4dd</load_address>
         <run_address>0xc4dd</run_address>
         <size>0x26b</size>
         <input_file_ref idref="fl-34"/>
      </object_component>
      <object_component id="oc-ea">
         <name>.debug_info</name>
         <load_address>0xc748</load_address>
         <run_address>0xc748</run_address>
         <size>0x332</size>
         <input_file_ref idref="fl-35"/>
      </object_component>
      <object_component id="oc-17f">
         <name>.debug_info</name>
         <load_address>0xca7a</load_address>
         <run_address>0xca7a</run_address>
         <size>0x6a</size>
      </object_component>
      <object_component id="oc-81">
         <name>.debug_frame</name>
         <load_address>0x0</load_address>
         <run_address>0x0</run_address>
         <size>0x11a</size>
         <input_file_ref idref="fl-2"/>
      </object_component>
      <object_component id="oc-88">
         <name>.debug_frame</name>
         <load_address>0x11a</load_address>
         <run_address>0x11a</run_address>
         <size>0xc5</size>
         <input_file_ref idref="fl-3"/>
      </object_component>
      <object_component id="oc-8f">
         <name>.debug_frame</name>
         <load_address>0x1df</load_address>
         <run_address>0x1df</run_address>
         <size>0x1c5</size>
         <input_file_ref idref="fl-a"/>
      </object_component>
      <object_component id="oc-94">
         <name>.debug_frame</name>
         <load_address>0x3a4</load_address>
         <run_address>0x3a4</run_address>
         <size>0xe4</size>
         <input_file_ref idref="fl-b"/>
      </object_component>
      <object_component id="oc-98">
         <name>.debug_frame</name>
         <load_address>0x488</load_address>
         <run_address>0x488</run_address>
         <size>0x98</size>
         <input_file_ref idref="fl-c"/>
      </object_component>
      <object_component id="oc-9c">
         <name>.debug_frame</name>
         <load_address>0x520</load_address>
         <run_address>0x520</run_address>
         <size>0xa5</size>
         <input_file_ref idref="fl-d"/>
      </object_component>
      <object_component id="oc-a2">
         <name>.debug_frame</name>
         <load_address>0x5c5</load_address>
         <run_address>0x5c5</run_address>
         <size>0x157</size>
         <input_file_ref idref="fl-e"/>
      </object_component>
      <object_component id="oc-a6">
         <name>.debug_frame</name>
         <load_address>0x71c</load_address>
         <run_address>0x71c</run_address>
         <size>0x8f</size>
         <input_file_ref idref="fl-f"/>
      </object_component>
      <object_component id="oc-ad">
         <name>.debug_frame</name>
         <load_address>0x7ab</load_address>
         <run_address>0x7ab</run_address>
         <size>0x42</size>
         <input_file_ref idref="fl-25"/>
      </object_component>
      <object_component id="oc-b1">
         <name>.debug_frame</name>
         <load_address>0x7ed</load_address>
         <run_address>0x7ed</run_address>
         <size>0x32</size>
         <input_file_ref idref="fl-26"/>
      </object_component>
      <object_component id="oc-b5">
         <name>.debug_frame</name>
         <load_address>0x81f</load_address>
         <run_address>0x81f</run_address>
         <size>0x32</size>
         <input_file_ref idref="fl-27"/>
      </object_component>
      <object_component id="oc-b9">
         <name>.debug_frame</name>
         <load_address>0x851</load_address>
         <run_address>0x851</run_address>
         <size>0x32</size>
         <input_file_ref idref="fl-28"/>
      </object_component>
      <object_component id="oc-c8">
         <name>.debug_frame</name>
         <load_address>0x883</load_address>
         <run_address>0x883</run_address>
         <size>0x47</size>
         <input_file_ref idref="fl-2c"/>
      </object_component>
      <object_component id="oc-d6">
         <name>.debug_frame</name>
         <load_address>0x8ca</load_address>
         <run_address>0x8ca</run_address>
         <size>0x47</size>
         <input_file_ref idref="fl-30"/>
      </object_component>
      <object_component id="oc-da">
         <name>.debug_frame</name>
         <load_address>0x911</load_address>
         <run_address>0x911</run_address>
         <size>0x32</size>
         <input_file_ref idref="fl-31"/>
      </object_component>
      <object_component id="oc-de">
         <name>.debug_frame</name>
         <load_address>0x943</load_address>
         <run_address>0x943</run_address>
         <size>0x47</size>
         <input_file_ref idref="fl-32"/>
      </object_component>
      <object_component id="oc-e3">
         <name>.debug_frame</name>
         <load_address>0x98a</load_address>
         <run_address>0x98a</run_address>
         <size>0x47</size>
         <input_file_ref idref="fl-33"/>
      </object_component>
      <object_component id="oc-e7">
         <name>.debug_frame</name>
         <load_address>0x9d1</load_address>
         <run_address>0x9d1</run_address>
         <size>0x32</size>
         <input_file_ref idref="fl-34"/>
      </object_component>
      <object_component id="oc-eb">
         <name>.debug_frame</name>
         <load_address>0xa03</load_address>
         <run_address>0xa03</run_address>
         <size>0x53</size>
         <input_file_ref idref="fl-35"/>
      </object_component>
      <object_component id="oc-82">
         <name>.debug_line</name>
         <load_address>0x0</load_address>
         <run_address>0x0</run_address>
         <size>0x213</size>
         <input_file_ref idref="fl-2"/>
      </object_component>
      <object_component id="oc-89">
         <name>.debug_line</name>
         <load_address>0x213</load_address>
         <run_address>0x213</run_address>
         <size>0x163</size>
         <input_file_ref idref="fl-3"/>
      </object_component>
      <object_component id="oc-90">
         <name>.debug_line</name>
         <load_address>0x376</load_address>
         <run_address>0x376</run_address>
         <size>0x328</size>
         <input_file_ref idref="fl-a"/>
      </object_component>
      <object_component id="oc-95">
         <name>.debug_line</name>
         <load_address>0x69e</load_address>
         <run_address>0x69e</run_address>
         <size>0x18a</size>
         <input_file_ref idref="fl-b"/>
      </object_component>
      <object_component id="oc-99">
         <name>.debug_line</name>
         <load_address>0x828</load_address>
         <run_address>0x828</run_address>
         <size>0x100</size>
         <input_file_ref idref="fl-c"/>
      </object_component>
      <object_component id="oc-9d">
         <name>.debug_line</name>
         <load_address>0x928</load_address>
         <run_address>0x928</run_address>
         <size>0x137</size>
         <input_file_ref idref="fl-d"/>
      </object_component>
      <object_component id="oc-a3">
         <name>.debug_line</name>
         <load_address>0xa5f</load_address>
         <run_address>0xa5f</run_address>
         <size>0x3d6</size>
         <input_file_ref idref="fl-e"/>
      </object_component>
      <object_component id="oc-a7">
         <name>.debug_line</name>
         <load_address>0xe35</load_address>
         <run_address>0xe35</run_address>
         <size>0x117</size>
         <input_file_ref idref="fl-f"/>
      </object_component>
      <object_component id="oc-ae">
         <name>.debug_line</name>
         <load_address>0xf4c</load_address>
         <run_address>0xf4c</run_address>
         <size>0x42</size>
         <input_file_ref idref="fl-25"/>
      </object_component>
      <object_component id="oc-b2">
         <name>.debug_line</name>
         <load_address>0xf8e</load_address>
         <run_address>0xf8e</run_address>
         <size>0x34</size>
         <input_file_ref idref="fl-26"/>
      </object_component>
      <object_component id="oc-b6">
         <name>.debug_line</name>
         <load_address>0xfc2</load_address>
         <run_address>0xfc2</run_address>
         <size>0x33</size>
         <input_file_ref idref="fl-27"/>
      </object_component>
      <object_component id="oc-ba">
         <name>.debug_line</name>
         <load_address>0xff5</load_address>
         <run_address>0xff5</run_address>
         <size>0x2e</size>
         <input_file_ref idref="fl-28"/>
      </object_component>
      <object_component id="oc-bd">
         <name>.debug_line</name>
         <load_address>0x1023</load_address>
         <run_address>0x1023</run_address>
         <size>0x2a</size>
         <input_file_ref idref="fl-29"/>
      </object_component>
      <object_component id="oc-c1">
         <name>.debug_line</name>
         <load_address>0x104d</load_address>
         <run_address>0x104d</run_address>
         <size>0x40</size>
         <input_file_ref idref="fl-2a"/>
      </object_component>
      <object_component id="oc-c9">
         <name>.debug_line</name>
         <load_address>0x108d</load_address>
         <run_address>0x108d</run_address>
         <size>0x3a</size>
         <input_file_ref idref="fl-2c"/>
      </object_component>
      <object_component id="oc-cd">
         <name>.debug_line</name>
         <load_address>0x10c7</load_address>
         <run_address>0x10c7</run_address>
         <size>0x38</size>
         <input_file_ref idref="fl-2d"/>
      </object_component>
      <object_component id="oc-d0">
         <name>.debug_line</name>
         <load_address>0x10ff</load_address>
         <run_address>0x10ff</run_address>
         <size>0x6a</size>
         <input_file_ref idref="fl-2e"/>
      </object_component>
      <object_component id="oc-d3">
         <name>.debug_line</name>
         <load_address>0x1169</load_address>
         <run_address>0x1169</run_address>
         <size>0x56</size>
         <input_file_ref idref="fl-2f"/>
      </object_component>
      <object_component id="oc-d7">
         <name>.debug_line</name>
         <load_address>0x11bf</load_address>
         <run_address>0x11bf</run_address>
         <size>0x42</size>
         <input_file_ref idref="fl-30"/>
      </object_component>
      <object_component id="oc-db">
         <name>.debug_line</name>
         <load_address>0x1201</load_address>
         <run_address>0x1201</run_address>
         <size>0x3e</size>
         <input_file_ref idref="fl-31"/>
      </object_component>
      <object_component id="oc-df">
         <name>.debug_line</name>
         <load_address>0x123f</load_address>
         <run_address>0x123f</run_address>
         <size>0x3b</size>
         <input_file_ref idref="fl-32"/>
      </object_component>
      <object_component id="oc-e4">
         <name>.debug_line</name>
         <load_address>0x127a</load_address>
         <run_address>0x127a</run_address>
         <size>0x35</size>
         <input_file_ref idref="fl-33"/>
      </object_component>
      <object_component id="oc-e8">
         <name>.debug_line</name>
         <load_address>0x12af</load_address>
         <run_address>0x12af</run_address>
         <size>0x29</size>
         <input_file_ref idref="fl-34"/>
      </object_component>
      <object_component id="oc-ec">
         <name>.debug_line</name>
         <load_address>0x12d8</load_address>
         <run_address>0x12d8</run_address>
         <size>0x5f</size>
         <input_file_ref idref="fl-35"/>
      </object_component>
      <object_component id="oc-83">
         <name>.debug_abbrev</name>
         <load_address>0x0</load_address>
         <run_address>0x0</run_address>
         <size>0x1aa</size>
         <input_file_ref idref="fl-2"/>
      </object_component>
      <object_component id="oc-8a">
         <name>.debug_abbrev</name>
         <load_address>0x1aa</load_address>
         <run_address>0x1aa</run_address>
         <size>0x1c7</size>
         <input_file_ref idref="fl-3"/>
      </object_component>
      <object_component id="oc-91">
         <name>.debug_abbrev</name>
         <load_address>0x371</load_address>
         <run_address>0x371</run_address>
         <size>0x205</size>
         <input_file_ref idref="fl-a"/>
      </object_component>
      <object_component id="oc-96">
         <name>.debug_abbrev</name>
         <load_address>0x576</load_address>
         <run_address>0x576</run_address>
         <size>0x203</size>
         <input_file_ref idref="fl-b"/>
      </object_component>
      <object_component id="oc-9a">
         <name>.debug_abbrev</name>
         <load_address>0x779</load_address>
         <run_address>0x779</run_address>
         <size>0x147</size>
         <input_file_ref idref="fl-c"/>
      </object_component>
      <object_component id="oc-9e">
         <name>.debug_abbrev</name>
         <load_address>0x8c0</load_address>
         <run_address>0x8c0</run_address>
         <size>0xe9</size>
         <input_file_ref idref="fl-d"/>
      </object_component>
      <object_component id="oc-a4">
         <name>.debug_abbrev</name>
         <load_address>0x9a9</load_address>
         <run_address>0x9a9</run_address>
         <size>0x22c</size>
         <input_file_ref idref="fl-e"/>
      </object_component>
      <object_component id="oc-a8">
         <name>.debug_abbrev</name>
         <load_address>0xbd5</load_address>
         <run_address>0xbd5</run_address>
         <size>0xbf</size>
         <input_file_ref idref="fl-f"/>
      </object_component>
      <object_component id="oc-af">
         <name>.debug_abbrev</name>
         <load_address>0xc94</load_address>
         <run_address>0xc94</run_address>
         <size>0x113</size>
         <input_file_ref idref="fl-25"/>
      </object_component>
      <object_component id="oc-b3">
         <name>.debug_abbrev</name>
         <load_address>0xda7</load_address>
         <run_address>0xda7</run_address>
         <size>0xbe</size>
         <input_file_ref idref="fl-26"/>
      </object_component>
      <object_component id="oc-b7">
         <name>.debug_abbrev</name>
         <load_address>0xe65</load_address>
         <run_address>0xe65</run_address>
         <size>0xf2</size>
         <input_file_ref idref="fl-27"/>
      </object_component>
      <object_component id="oc-bb">
         <name>.debug_abbrev</name>
         <load_address>0xf57</load_address>
         <run_address>0xf57</run_address>
         <size>0xb0</size>
         <input_file_ref idref="fl-28"/>
      </object_component>
      <object_component id="oc-be">
         <name>.debug_abbrev</name>
         <load_address>0x1007</load_address>
         <run_address>0x1007</run_address>
         <size>0x2f</size>
         <input_file_ref idref="fl-29"/>
      </object_component>
      <object_component id="oc-c2">
         <name>.debug_abbrev</name>
         <load_address>0x1036</load_address>
         <run_address>0x1036</run_address>
         <size>0x35</size>
         <input_file_ref idref="fl-2a"/>
      </object_component>
      <object_component id="oc-c6">
         <name>.debug_abbrev</name>
         <load_address>0x106b</load_address>
         <run_address>0x106b</run_address>
         <size>0x35</size>
         <input_file_ref idref="fl-2b"/>
      </object_component>
      <object_component id="oc-ca">
         <name>.debug_abbrev</name>
         <load_address>0x10a0</load_address>
         <run_address>0x10a0</run_address>
         <size>0xf3</size>
         <input_file_ref idref="fl-2c"/>
      </object_component>
      <object_component id="oc-ce">
         <name>.debug_abbrev</name>
         <load_address>0x1193</load_address>
         <run_address>0x1193</run_address>
         <size>0x35</size>
         <input_file_ref idref="fl-2d"/>
      </object_component>
      <object_component id="oc-d1">
         <name>.debug_abbrev</name>
         <load_address>0x11c8</load_address>
         <run_address>0x11c8</run_address>
         <size>0x35</size>
         <input_file_ref idref="fl-2e"/>
      </object_component>
      <object_component id="oc-d4">
         <name>.debug_abbrev</name>
         <load_address>0x11fd</load_address>
         <run_address>0x11fd</run_address>
         <size>0x35</size>
         <input_file_ref idref="fl-2f"/>
      </object_component>
      <object_component id="oc-d8">
         <name>.debug_abbrev</name>
         <load_address>0x1232</load_address>
         <run_address>0x1232</run_address>
         <size>0xa2</size>
         <input_file_ref idref="fl-30"/>
      </object_component>
      <object_component id="oc-dc">
         <name>.debug_abbrev</name>
         <load_address>0x12d4</load_address>
         <run_address>0x12d4</run_address>
         <size>0x9d</size>
         <input_file_ref idref="fl-31"/>
      </object_component>
      <object_component id="oc-e0">
         <name>.debug_abbrev</name>
         <load_address>0x1371</load_address>
         <run_address>0x1371</run_address>
         <size>0x5f</size>
         <input_file_ref idref="fl-32"/>
      </object_component>
      <object_component id="oc-e5">
         <name>.debug_abbrev</name>
         <load_address>0x13d0</load_address>
         <run_address>0x13d0</run_address>
         <size>0xa0</size>
         <input_file_ref idref="fl-33"/>
      </object_component>
      <object_component id="oc-e9">
         <name>.debug_abbrev</name>
         <load_address>0x1470</load_address>
         <run_address>0x1470</run_address>
         <size>0xdb</size>
         <input_file_ref idref="fl-34"/>
      </object_component>
      <object_component id="oc-ed">
         <name>.debug_abbrev</name>
         <load_address>0x154b</load_address>
         <run_address>0x154b</run_address>
         <size>0x11a</size>
         <input_file_ref idref="fl-35"/>
      </object_component>
      <object_component id="oc-180">
         <name>.debug_abbrev</name>
         <load_address>0x1665</load_address>
         <run_address>0x1665</run_address>
         <size>0xd</size>
      </object_component>
   </object_component_list>
   <logical_group_list>
      <logical_group id="lg-4" display="no" color="cyan">
         <name>.cio</name>
         <run_address>0xc400</run_address>
         <size>0x0</size>
         <contents>
         </contents>
      </logical_group>
      <logical_group id="lg-5" display="no" color="cyan">
         <name>.sysmem</name>
         <run_address>0xc400</run_address>
         <size>0x0</size>
         <contents>
         </contents>
      </logical_group>
      <logical_group id="lg-3" display="no" color="cyan">
         <name>READ_WRITE_MEMORY</name>
         <run_address>0xc400</run_address>
         <size>0x0</size>
         <contents>
            <logical_group_ref idref="lg-4"/>
            <logical_group_ref idref="lg-5"/>
         </contents>
      </logical_group>
      <logical_group id="lg-7" display="no" color="cyan">
         <name>.cinit</name>
         <load_address>0xc400</load_address>
         <run_address>0xc400</run_address>
         <size>0x34</size>
         <contents>
            <object_component_ref idref="oc-86"/>
            <object_component_ref idref="oc-8d"/>
            <object_component_ref idref="oc-a1"/>
            <object_component_ref idref="oc-80"/>
            <object_component_ref idref="oc-c5"/>
         </contents>
      </logical_group>
      <logical_group id="lg-8" display="no" color="cyan">
         <name>.pinit</name>
         <run_address>0xc434</run_address>
         <size>0x0</size>
         <contents>
         </contents>
      </logical_group>
      <logical_group id="lg-9" display="no" color="cyan">
         <name>.init_array</name>
         <run_address>0xc434</run_address>
         <size>0x0</size>
         <contents>
         </contents>
      </logical_group>
      <logical_group id="lg-a" display="no" color="cyan">
         <name>.mspabi.exidx</name>
         <run_address>0xc434</run_address>
         <size>0x0</size>
         <contents>
         </contents>
      </logical_group>
      <logical_group id="lg-b" display="no" color="cyan">
         <name>.mspabi.extab</name>
         <run_address>0xc434</run_address>
         <size>0x0</size>
         <contents>
         </contents>
      </logical_group>
      <logical_group id="lg-c" display="no" color="cyan">
         <name>.const</name>
         <load_address>0xc434</load_address>
         <run_address>0xc434</run_address>
         <size>0x1648</size>
         <contents>
            <object_component_ref idref="oc-fb"/>
            <object_component_ref idref="oc-87"/>
         </contents>
      </logical_group>
      <logical_group id="lg-6" display="no" color="cyan">
         <name>READ_ONLY_MEMORY</name>
         <load_address>0xc400</load_address>
         <run_address>0xc400</run_address>
         <size>0x167c</size>
         <contents>
            <logical_group_ref idref="lg-7"/>
            <logical_group_ref idref="lg-8"/>
            <logical_group_ref idref="lg-9"/>
            <logical_group_ref idref="lg-a"/>
            <logical_group_ref idref="lg-b"/>
            <logical_group_ref idref="lg-c"/>
         </contents>
      </logical_group>
      <logical_group id="lg-e" display="no" color="cyan">
         <name>.text</name>
         <load_address>0xdc00</load_address>
         <run_address>0xdc00</run_address>
         <size>0x13fa</size>
         <contents>
            <object_component_ref idref="oc-121"/>
            <object_component_ref idref="oc-123"/>
            <object_component_ref idref="oc-12d"/>
            <object_component_ref idref="oc-120"/>
            <object_component_ref idref="oc-128"/>
            <object_component_ref idref="oc-10e"/>
            <object_component_ref idref="oc-103"/>
            <object_component_ref idref="oc-112"/>
            <object_component_ref idref="oc-101"/>
            <object_component_ref idref="oc-fc"/>
            <object_component_ref idref="oc-fa"/>
            <object_component_ref idref="oc-110"/>
            <object_component_ref idref="oc-ef"/>
            <object_component_ref idref="oc-10f"/>
            <object_component_ref idref="oc-fd"/>
            <object_component_ref idref="oc-127"/>
            <object_component_ref idref="oc-100"/>
            <object_component_ref idref="oc-f4"/>
            <object_component_ref idref="oc-125"/>
            <object_component_ref idref="oc-f3"/>
            <object_component_ref idref="oc-126"/>
            <object_component_ref idref="oc-12a"/>
            <object_component_ref idref="oc-12b"/>
            <object_component_ref idref="oc-122"/>
            <object_component_ref idref="oc-11d"/>
            <object_component_ref idref="oc-10d"/>
            <object_component_ref idref="oc-f6"/>
            <object_component_ref idref="oc-11e"/>
            <object_component_ref idref="oc-104"/>
            <object_component_ref idref="oc-119"/>
            <object_component_ref idref="oc-129"/>
            <object_component_ref idref="oc-118"/>
            <object_component_ref idref="oc-11a"/>
            <object_component_ref idref="oc-102"/>
            <object_component_ref idref="oc-78"/>
            <object_component_ref idref="oc-11c"/>
            <object_component_ref idref="oc-111"/>
            <object_component_ref idref="oc-116"/>
            <object_component_ref idref="oc-115"/>
            <object_component_ref idref="oc-bf"/>
            <object_component_ref idref="oc-113"/>
            <object_component_ref idref="oc-f8"/>
            <object_component_ref idref="oc-11b"/>
            <object_component_ref idref="oc-f9"/>
            <object_component_ref idref="oc-11f"/>
            <object_component_ref idref="oc-108"/>
            <object_component_ref idref="oc-12c"/>
            <object_component_ref idref="oc-f7"/>
            <object_component_ref idref="oc-117"/>
            <object_component_ref idref="oc-106"/>
            <object_component_ref idref="oc-ff"/>
            <object_component_ref idref="oc-105"/>
            <object_component_ref idref="oc-fe"/>
            <object_component_ref idref="oc-f0"/>
            <object_component_ref idref="oc-cb"/>
            <object_component_ref idref="oc-10c"/>
            <object_component_ref idref="oc-10b"/>
            <object_component_ref idref="oc-10a"/>
            <object_component_ref idref="oc-114"/>
            <object_component_ref idref="oc-124"/>
            <object_component_ref idref="oc-107"/>
            <object_component_ref idref="oc-ee"/>
            <object_component_ref idref="oc-f2"/>
            <object_component_ref idref="oc-f5"/>
            <object_component_ref idref="oc-109"/>
            <object_component_ref idref="oc-f1"/>
         </contents>
      </logical_group>
      <logical_group id="lg-d" display="no" color="cyan">
         <name>EXECUTABLE_MEMORY</name>
         <load_address>0xdc00</load_address>
         <run_address>0xdc00</run_address>
         <size>0x13fa</size>
         <contents>
            <logical_group_ref idref="lg-e"/>
         </contents>
      </logical_group>
      <logical_group id="lg-2" display="no" color="cyan">
         <name>ALL_FRAM</name>
         <load_address>0xc400</load_address>
         <run_address>0xc400</run_address>
         <size>0x2bfa</size>
         <contents>
            <logical_group_ref idref="lg-3"/>
            <logical_group_ref idref="lg-6"/>
            <logical_group_ref idref="lg-d"/>
         </contents>
      </logical_group>
      <logical_group id="lg-f" display="no" color="cyan">
         <name>.bss</name>
         <run_address>0x1c00</run_address>
         <size>0xfa</size>
         <contents>
            <object_component_ref idref="oc-7e"/>
            <object_component_ref idref="oc-84"/>
            <object_component_ref idref="oc-8b"/>
            <object_component_ref idref="oc-92"/>
            <object_component_ref idref="oc-9f"/>
            <object_component_ref idref="oc-a9"/>
            <object_component_ref idref="oc-c3"/>
            <object_component_ref idref="oc-e1"/>
         </contents>
      </logical_group>
      <logical_group id="lg-10" display="no" color="cyan">
         <name>.data</name>
         <run_address>0x1c00</run_address>
         <size>0x0</size>
         <contents>
         </contents>
      </logical_group>
      <logical_group id="lg-11" display="no" color="cyan">
         <name>.stack</name>
         <run_address>0x1f60</run_address>
         <size>0xa0</size>
         <contents>
            <object_component_ref idref="oc-ab"/>
            <object_component_ref idref="oc-17e"/>
         </contents>
      </logical_group>
      <logical_group id="lg-12" display="no" color="cyan">
         <name>.FRAM_DATA</name>
         <run_address>0xc200</run_address>
         <size>0x68</size>
         <contents>
            <object_component_ref idref="oc-8e"/>
         </contents>
      </logical_group>
      <logical_group id="lg-13" display="no" color="cyan">
         <name>.infoA</name>
         <run_address>0x0</run_address>
         <size>0x0</size>
         <contents>
         </contents>
      </logical_group>
      <logical_group id="lg-14" display="no" color="cyan">
         <name>.infoB</name>
         <run_address>0x0</run_address>
         <size>0x0</size>
         <contents>
         </contents>
      </logical_group>
      <logical_group id="lg-15" display="no" color="cyan">
         <name>.int00</name>
         <run_address>0x0</run_address>
         <size>0x0</size>
         <contents>
         </contents>
      </logical_group>
      <logical_group id="lg-16" display="no" color="cyan">
         <name>.int01</name>
         <run_address>0x0</run_address>
         <size>0x0</size>
         <contents>
         </contents>
      </logical_group>
      <logical_group id="lg-17" display="no" color="cyan">
         <name>.int02</name>
         <run_address>0x0</run_address>
         <size>0x0</size>
         <contents>
         </contents>
      </logical_group>
      <logical_group id="lg-18" display="no" color="cyan">
         <name>.int03</name>
         <run_address>0x0</run_address>
         <size>0x0</size>
         <contents>
         </contents>
      </logical_group>
      <logical_group id="lg-19" display="no" color="cyan">
         <name>.int04</name>
         <run_address>0x0</run_address>
         <size>0x0</size>
         <contents>
         </contents>
      </logical_group>
      <logical_group id="lg-1a" display="no" color="cyan">
         <name>.int05</name>
         <run_address>0x0</run_address>
         <size>0x0</size>
         <contents>
         </contents>
      </logical_group>
      <logical_group id="lg-1b" display="no" color="cyan">
         <name>.int06</name>
         <run_address>0x0</run_address>
         <size>0x0</size>
         <contents>
         </contents>
      </logical_group>
      <logical_group id="lg-1c" display="no" color="cyan">
         <name>.int07</name>
         <run_address>0x0</run_address>
         <size>0x0</size>
         <contents>
         </contents>
      </logical_group>
      <logical_group id="lg-1d" display="no" color="cyan">
         <name>.int08</name>
         <run_address>0x0</run_address>
         <size>0x0</size>
         <contents>
         </contents>
      </logical_group>
      <logical_group id="lg-1e" display="no" color="cyan">
         <name>.int09</name>
         <run_address>0x0</run_address>
         <size>0x0</size>
         <contents>
         </contents>
      </logical_group>
      <logical_group id="lg-1f" display="no" color="cyan">
         <name>.int10</name>
         <run_address>0x0</run_address>
         <size>0x0</size>
         <contents>
         </contents>
      </logical_group>
      <logical_group id="lg-20" display="no" color="cyan">
         <name>.int11</name>
         <run_address>0x0</run_address>
         <size>0x0</size>
         <contents>
         </contents>
      </logical_group>
      <logical_group id="lg-21" display="no" color="cyan">
         <name>.int12</name>
         <run_address>0x0</run_address>
         <size>0x0</size>
         <contents>
         </contents>
      </logical_group>
      <logical_group id="lg-22" display="no" color="cyan">
         <name>.int13</name>
         <run_address>0x0</run_address>
         <size>0x0</size>
         <contents>
         </contents>
      </logical_group>
      <logical_group id="lg-23" display="no" color="cyan">
         <name>.int14</name>
         <run_address>0x0</run_address>
         <size>0x0</size>
         <contents>
         </contents>
      </logical_group>
      <logical_group id="lg-24" display="no" color="cyan">
         <name>.int15</name>
         <run_address>0x0</run_address>
         <size>0x0</size>
         <contents>
         </contents>
      </logical_group>
      <logical_group id="lg-25" display="no" color="cyan">
         <name>.int16</name>
         <run_address>0x0</run_address>
         <size>0x0</size>
         <contents>
         </contents>
      </logical_group>
      <logical_group id="lg-26" display="no" color="cyan">
         <name>.int17</name>
         <run_address>0x0</run_address>
         <size>0x0</size>
         <contents>
         </contents>
      </logical_group>
      <logical_group id="lg-27" display="no" color="cyan">
         <name>.int18</name>
         <run_address>0x0</run_address>
         <size>0x0</size>
         <contents>
         </contents>
      </logical_group>
      <logical_group id="lg-28" display="no" color="cyan">
         <name>.int19</name>
         <run_address>0x0</run_address>
         <size>0x0</size>
         <contents>
         </contents>
      </logical_group>
      <logical_group id="lg-29" display="no" color="cyan">
         <name>.int20</name>
         <run_address>0x0</run_address>
         <size>0x0</size>
         <contents>
         </contents>
      </logical_group>
      <logical_group id="lg-2a" display="no" color="cyan">
         <name>.int21</name>
         <run_address>0x0</run_address>
         <size>0x0</size>
         <contents>
         </contents>
      </logical_group>
      <logical_group id="lg-2b" display="no" color="cyan">
         <name>.int22</name>
         <run_address>0x0</run_address>
         <size>0x0</size>
         <contents>
         </contents>
      </logical_group>
      <logical_group id="lg-2c" display="no" color="cyan">
         <name>.int23</name>
         <run_address>0x0</run_address>
         <size>0x0</size>
         <contents>
         </contents>
      </logical_group>
      <logical_group id="lg-2d" display="no" color="cyan">
         <name>.int24</name>
         <run_address>0x0</run_address>
         <size>0x0</size>
         <contents>
         </contents>
      </logical_group>
      <logical_group id="lg-2e" display="no" color="cyan">
         <name>.int25</name>
         <run_address>0x0</run_address>
         <size>0x0</size>
         <contents>
         </contents>
      </logical_group>
      <logical_group id="lg-2f" display="no" color="cyan">
         <name>.int26</name>
         <run_address>0x0</run_address>
         <size>0x0</size>
         <contents>
         </contents>
      </logical_group>
      <logical_group id="lg-30" display="no" color="cyan">
         <name>.int27</name>
         <run_address>0x0</run_address>
         <size>0x0</size>
         <contents>
         </contents>
      </logical_group>
      <logical_group id="lg-31" display="no" color="cyan">
         <name>.int28</name>
         <run_address>0x0</run_address>
         <size>0x0</size>
         <contents>
         </contents>
      </logical_group>
      <logical_group id="lg-32" display="no" color="cyan">
         <name>.int29</name>
         <run_address>0x0</run_address>
         <size>0x0</size>
         <contents>
         </contents>
      </logical_group>
      <logical_group id="lg-33" display="no" color="cyan">
         <name>.int30</name>
         <run_address>0x0</run_address>
         <size>0x0</size>
         <contents>
         </contents>
      </logical_group>
      <logical_group id="lg-34" display="no" color="cyan">
         <name>RTC</name>
         <load_address>0xffce</load_address>
         <run_address>0xffce</run_address>
         <size>0x2</size>
         <contents>
            <object_component_ref idref="oc-65"/>
         </contents>
      </logical_group>
      <logical_group id="lg-36" display="no" color="cyan">
         <name>PORT4</name>
         <load_address>0xffd0</load_address>
         <run_address>0xffd0</run_address>
         <size>0x2</size>
         <contents>
            <object_component_ref idref="oc-66"/>
         </contents>
      </logical_group>
      <logical_group id="lg-38" display="no" color="cyan">
         <name>PORT3</name>
         <load_address>0xffd2</load_address>
         <run_address>0xffd2</run_address>
         <size>0x2</size>
         <contents>
            <object_component_ref idref="oc-67"/>
         </contents>
      </logical_group>
      <logical_group id="lg-3a" display="no" color="cyan">
         <name>TIMER2_B1</name>
         <load_address>0xffd4</load_address>
         <run_address>0xffd4</run_address>
         <size>0x2</size>
         <contents>
            <object_component_ref idref="oc-68"/>
         </contents>
      </logical_group>
      <logical_group id="lg-3c" display="no" color="cyan">
         <name>TIMER2_B0</name>
         <load_address>0xffd6</load_address>
         <run_address>0xffd6</run_address>
         <size>0x2</size>
         <contents>
            <object_component_ref idref="oc-69"/>
         </contents>
      </logical_group>
      <logical_group id="lg-3e" display="no" color="cyan">
         <name>PORT2</name>
         <load_address>0xffd8</load_address>
         <run_address>0xffd8</run_address>
         <size>0x2</size>
         <contents>
            <object_component_ref idref="oc-6a"/>
         </contents>
      </logical_group>
      <logical_group id="lg-40" display="no" color="cyan">
         <name>TIMER1_B1</name>
         <load_address>0xffda</load_address>
         <run_address>0xffda</run_address>
         <size>0x2</size>
         <contents>
            <object_component_ref idref="oc-6b"/>
         </contents>
      </logical_group>
      <logical_group id="lg-42" display="no" color="cyan">
         <name>TIMER1_B0</name>
         <load_address>0xffdc</load_address>
         <run_address>0xffdc</run_address>
         <size>0x2</size>
         <contents>
            <object_component_ref idref="oc-6c"/>
         </contents>
      </logical_group>
      <logical_group id="lg-44" display="no" color="cyan">
         <name>PORT1</name>
         <load_address>0xffde</load_address>
         <run_address>0xffde</run_address>
         <size>0x2</size>
         <contents>
            <object_component_ref idref="oc-6d"/>
         </contents>
      </logical_group>
      <logical_group id="lg-46" display="no" color="cyan">
         <name>TIMER1_A1</name>
         <load_address>0xffe0</load_address>
         <run_address>0xffe0</run_address>
         <size>0x2</size>
         <contents>
            <object_component_ref idref="oc-6e"/>
         </contents>
      </logical_group>
      <logical_group id="lg-48" display="no" color="cyan">
         <name>TIMER1_A0</name>
         <load_address>0xffe2</load_address>
         <run_address>0xffe2</run_address>
         <size>0x2</size>
         <contents>
            <object_component_ref idref="oc-6f"/>
         </contents>
      </logical_group>
      <logical_group id="lg-4a" display="no" color="cyan">
         <name>DMA</name>
[...]
      </symbol>
      <symbol id="sm-343">
         <name>__TI_int44</name>
         <value>0xffe8</value>
         <object_component_ref idref="oc-72"/>
      </symbol>
      <symbol id="sm-344">
         <name>__TI_int45</name>
         <value>0xffea</value>
         <object_component_ref idref="oc-73"/>
      </symbol>
      <symbol id="sm-345">
         <name>__TI_int42</name>
         <value>0xffe4</value>
         <object_component_ref idref="oc-70"/>
      </symbol>
      <symbol id="sm-346">
         <name>__TI_int43</name>
         <value>0xffe6</value>
         <object_component_ref idref="oc-71"/>
      </symbol>
      <symbol id="sm-347">
         <name>__TI_int40</name>
         <value>0xffe0</value>
         <object_component_ref idref="oc-6e"/>
      </symbol>
      <symbol id="sm-348">
         <name>__TI_int41</name>
         <value>0xffe2</value>
         <object_component_ref idref="oc-6f"/>
      </symbol>
      <symbol id="sm-349">
         <name>__TI_int54</name>
         <value>0xfffc</value>
         <object_component_ref idref="oc-7d"/>
      </symbol>
      <symbol id="sm-34a">
         <name>__TI_int52</name>
         <value>0xfff8</value>
         <object_component_ref idref="oc-7b"/>
      </symbol>
      <symbol id="sm-34b">
         <name>__TI_int53</name>
         <value>0xfffa</value>
         <object_component_ref idref="oc-7c"/>
      </symbol>
      <symbol id="sm-34c">
         <name>__TI_int50</name>
         <value>0xfff4</value>
         <object_component_ref idref="oc-79"/>
      </symbol>
      <symbol id="sm-34d">
         <name>__TI_int51</name>
         <value>0xfff6</value>
         <object_component_ref idref="oc-7a"/>
      </symbol>
      <symbol id="sm-34e">
         <name>WlanInterruptEnable</name>
         <value>0xef7a</value>
         <object_component_ref idref="oc-106"/>
      </symbol>
      <symbol id="sm-34f">
         <name>pio_init</name>
         <value>0xe58c</value>
         <object_component_ref idref="oc-103"/>
      </symbol>
      <symbol id="sm-350">
         <name>initClk</name>
         <value>0xeeb6</value>
         <object_component_ref idref="oc-115"/>
      </symbol>
      <symbol id="sm-351">
         <name>turnLedOn</name>
         <value>0xe934</value>
         <object_component_ref idref="oc-fd"/>
      </symbol>
      <symbol id="sm-352">
         <name>unsolicicted_events_timer_init</name>
         <value>0xee7c</value>
         <object_component_ref idref="oc-111"/>
      </symbol>
      <symbol id="sm-353">
         <name>WlanInterruptDisable</name>
         <value>0xefe4</value>
         <object_component_ref idref="oc-107"/>
      </symbol>
      <symbol id="sm-372">
         <name>fw_patch</name>
         <value>0xc434</value>
         <object_component_ref idref="oc-fb"/>
      </symbol>
      <symbol id="sm-373">
         <name>sendWLFWPatch</name>
         <value>0xefce</value>
         <object_component_ref idref="oc-10a"/>
      </symbol>
      <symbol id="sm-374">
         <name>sendDriverPatch</name>
         <value>0xefc4</value>
         <object_component_ref idref="oc-10b"/>
      </symbol>
      <symbol id="sm-375">
         <name>main</name>
         <value>0xea50</value>
         <object_component_ref idref="oc-f4"/>
      </symbol>
      <symbol id="sm-376">
         <name>cRMParamsFromEeprom</name>
         <value>0x1c04</value>
         <object_component_ref idref="oc-84"/>
      </symbol>
      <symbol id="sm-377">
         <name>return_status</name>
         <value>0x1c03</value>
         <object_component_ref idref="oc-84"/>
      </symbol>
      <symbol id="sm-378">
         <name>ucStatus_FW</name>
         <value>0x1c02</value>
         <object_component_ref idref="oc-84"/>
      </symbol>
      <symbol id="sm-379">
         <name>cMacFromEeprom</name>
         <value>0x1c84</value>
         <object_component_ref idref="oc-84"/>
      </symbol>
      <symbol id="sm-37a">
         <name>initDriver</name>
         <value>0xe778</value>
         <object_component_ref idref="oc-fa"/>
      </symbol>
      <symbol id="sm-37b">
         <name>fw_length</name>
         <value>0x1c00</value>
         <object_component_ref idref="oc-84"/>
      </symbol>
      <symbol id="sm-37c">
         <name>CC3000_UsynchCallback</name>
         <value>0xeff6</value>
         <object_component_ref idref="oc-109"/>
      </symbol>
      <symbol id="sm-37d">
         <name>aucCC3000_prefix</name>
         <value>0x1c8a</value>
         <object_component_ref idref="oc-84"/>
      </symbol>
      <symbol id="sm-37e">
         <name>sendBootLoaderPatch</name>
         <value>0xefba</value>
         <object_component_ref idref="oc-10c"/>
      </symbol>
      <symbol id="sm-3d0">
         <name>IntSpiGPIOHandler</name>
         <value>0xe85c</value>
         <object_component_ref idref="oc-ef"/>
      </symbol>
      <symbol id="sm-3d1">
         <name>tSpiReadHeader</name>
         <value>0x1cdc</value>
         <object_component_ref idref="oc-8b"/>
      </symbol>
      <symbol id="sm-3d2">
         <name>__TI_int36</name>
         <value>0xffd8</value>
         <object_component_ref idref="oc-6a"/>
      </symbol>
      <symbol id="sm-3d3">
         <name>SpiPauseSpi</name>
         <value>0xefd8</value>
         <object_component_ref idref="oc-114"/>
      </symbol>
      <symbol id="sm-3d4">
         <name>SpiTriggerRxProcessing</name>
         <value>0xedfe</value>
         <object_component_ref idref="oc-102"/>
      </symbol>
      <symbol id="sm-3d5">
         <name>sSpiInformation</name>
         <value>0x1ccc</value>
         <object_component_ref idref="oc-8b"/>
      </symbol>
      <symbol id="sm-3d6">
         <name>SpiWriteDataSynchronous</name>
         <value>0xeca4</value>
         <object_component_ref idref="oc-f6"/>
      </symbol>
      <symbol id="sm-3d7">
         <name>SpiReadDataCont</name>
         <value>0xe68c</value>
         <object_component_ref idref="oc-101"/>
      </symbol>
      <symbol id="sm-3d8">
         <name>SpiWrite</name>
         <value>0xe36e</value>
         <object_component_ref idref="oc-120"/>
      </symbol>
      <symbol id="sm-3d9">
         <name>RXBufferIsEmpty</name>
         <value>0xef88</value>
         <object_component_ref idref="oc-ff"/>
      </symbol>
      <symbol id="sm-3da">
         <name>TXBufferIsEmpty</name>
         <value>0xef9c</value>
         <object_component_ref idref="oc-fe"/>
      </symbol>
      <symbol id="sm-3db">
         <name>SpiReadHeader</name>
         <value>0xef5e</value>
         <object_component_ref idref="oc-f7"/>
      </symbol>
      <symbol id="sm-3dc">
         <name>SSIContReadOperation</name>
         <value>0xeef8</value>
         <object_component_ref idref="oc-f8"/>
      </symbol>
      <symbol id="sm-3dd">
         <name>wlan_tx_buffer</name>
         <value>0xc22c</value>
         <object_component_ref idref="oc-8e"/>
      </symbol>
      <symbol id="sm-3de">
         <name>spi_buffer</name>
         <value>0xc200</value>
         <object_component_ref idref="oc-8e"/>
      </symbol>
      <symbol id="sm-3df">
         <name>SpiFirstWrite</name>
         <value>0xeaa0</value>
         <object_component_ref idref="oc-125"/>
      </symbol>
      <symbol id="sm-3e0">
         <name>SpiResumeSpi</name>
         <value>0xefde</value>
         <object_component_ref idref="oc-124"/>
      </symbol>
      <symbol id="sm-3e1">
         <name>SpiOpen</name>
         <value>0xeda2</value>
         <object_component_ref idref="oc-118"/>
      </symbol>
      <symbol id="sm-3e2">
         <name>init_spi</name>
         <value>0xed0e</value>
         <object_component_ref idref="oc-104"/>
      </symbol>
      <symbol id="sm-3e3">
         <name>SpiReadDataSynchronous</name>
         <value>0xe9fc</value>
         <object_component_ref idref="oc-100"/>
      </symbol>
      <symbol id="sm-408">
         <name>wlan_set_event_mask</name>
         <value>0xe7ea</value>
         <object_component_ref idref="oc-110"/>
      </symbol>
      <symbol id="sm-409">
         <name>tSLInformation</name>
         <value>0x1c8e</value>
         <object_component_ref idref="oc-92"/>
      </symbol>
      <symbol id="sm-40a">
         <name>SpiReceiveHandler</name>
         <value>0xef6c</value>
         <object_component_ref idref="oc-117"/>
      </symbol>
      <symbol id="sm-40b">
         <name>wlan_start</name>
         <value>0xe4ee</value>
         <object_component_ref idref="oc-10e"/>
      </symbol>
      <symbol id="sm-40c">
         <name>wlan_init</name>
         <value>0xec6a</value>
         <object_component_ref idref="oc-10d"/>
      </symbol>
      <symbol id="sm-40d">
         <name>wlan_smart_config_set_prefix</name>
         <value>0xe8c8</value>
         <object_component_ref idref="oc-10f"/>
      </symbol>
      <symbol id="sm-41f">
         <name>nvmem_write_patch</name>
         <value>0xe702</value>
         <object_component_ref idref="oc-fc"/>
      </symbol>
      <symbol id="sm-420">
         <name>nvmem_write</name>
         <value>0xe610</value>
         <object_component_ref idref="oc-112"/>
      </symbol>
      <symbol id="sm-433">
         <name>hci_command_send</name>
         <value>0xedd0</value>
         <object_component_ref idref="oc-11a"/>
      </symbol>
      <symbol id="sm-434">
         <name>hci_data_command_send</name>
         <value>0xec2e</value>
         <object_component_ref idref="oc-11d"/>
      </symbol>
      <symbol id="sm-435">
         <name>hci_patch_send</name>
         <value>0xe292</value>
         <object_component_ref idref="oc-12d"/>
      </symbol>
      <symbol id="sm-4a6">
         <name>hci_unsolicited_event_handler</name>
         <value>0xecda</value>
         <object_component_ref idref="oc-11e"/>
      </symbol>
      <symbol id="sm-4a7">
         <name>hci_unsol_handle_patch_request</name>
         <value>0xe438</value>
         <object_component_ref idref="oc-128"/>
      </symbol>
      <symbol id="sm-4a8">
         <name>SimpleLinkWaitEvent</name>
         <value>0xef0a</value>
         <object_component_ref idref="oc-11b"/>
      </symbol>
      <symbol id="sm-4a9">
         <name>socket_active_status</name>
         <value>0x1cf2</value>
         <object_component_ref idref="oc-9f"/>
      </symbol>
      <symbol id="sm-4aa">
         <name>hci_event_handler</name>
         <value>0xdc00</value>
         <object_component_ref idref="oc-121"/>
      </symbol>
      <symbol id="sm-4ab">
         <name>hci_unsol_event_handler</name>
         <value>0xe01c</value>
         <object_component_ref idref="oc-123"/>
      </symbol>
      <symbol id="sm-4ac">
         <name>set_socket_active_status</name>
         <value>0xe99c</value>
         <object_component_ref idref="oc-127"/>
      </symbol>
      <symbol id="sm-4bc">
         <name>UINT32_TO_STREAM_f</name>
         <value>0xee54</value>
         <object_component_ref idref="oc-11c"/>
      </symbol>
      <symbol id="sm-4bd">
         <name>UINT16_TO_STREAM_f</name>
         <value>0xef2e</value>
         <object_component_ref idref="oc-11f"/>
      </symbol>
      <symbol id="sm-4be">
         <name>STREAM_TO_UINT32_f</name>
         <value>0xeb32</value>
         <object_component_ref idref="oc-126"/>
      </symbol>
      <symbol id="sm-4bf">
         <name>STREAM_TO_UINT16_f</name>
         <value>0xeee4</value>
         <object_component_ref idref="oc-113"/>
      </symbol>
      <symbol id="sm-4d0">
         <name>_c_int00_noexit</name>
         <value>0xee2a</value>
         <object_component_ref idref="oc-78"/>
      </symbol>
      <symbol id="sm-4d1">
         <name>_c_int00</name>
         <value>0xee2a</value>
         <object_component_ref idref="oc-78"/>
      </symbol>
      <symbol id="sm-4d2">
         <name>_stack</name>
         <value>0x1f60</value>
         <object_component_ref idref="oc-ab"/>
      </symbol>
      <symbol id="sm-4d3">
         <name>__TI_dtors_ptr</name>
         <value>0x1cee</value>
         <object_component_ref idref="oc-a9"/>
      </symbol>
      <symbol id="sm-4d4">
         <name>__TI_cleanup_ptr</name>
         <value>0x1cea</value>
         <object_component_ref idref="oc-a9"/>
      </symbol>
      <symbol id="sm-4d5">
         <name>_reset_vector</name>
         <value>0xfffe</value>
         <object_component_ref idref="oc-ac"/>
      </symbol>
      <symbol id="sm-4f9">
         <name>__remu</name>
         <value>0xeece</value>
         <object_component_ref idref="oc-bf"/>
      </symbol>
      <symbol id="sm-4fa">
         <name>__divu</name>
         <value>0xeece</value>
         <object_component_ref idref="oc-bf"/>
      </symbol>
      <symbol id="sm-504">
         <name>_Errno</name>
         <value>0x1cf8</value>
         <object_component_ref idref="oc-c3"/>
      </symbol>
      <symbol id="sm-50f">
         <name>C$$EXIT</name>
         <value>0xeff2</value>
         <object_component_ref idref="oc-f5"/>
      </symbol>
      <symbol id="sm-510">
         <name>abort</name>
         <value>0xeff2</value>
         <object_component_ref idref="oc-f5"/>
      </symbol>
      <symbol id="sm-511">
         <name>__TI_exit</name>
         <value>0x1</value>
      </symbol>
      <symbol id="sm-51a">
         <name>I_LSL</name>
         <value>0xefb0</value>
         <object_component_ref idref="oc-cb"/>
      </symbol>
      <symbol id="sm-526">
         <name>L_LSL_3</name>
         <value>0xebe2</value>
         <object_component_ref idref="oc-12b"/>
      </symbol>
      <symbol id="sm-527">
         <name>L_LSL_2</name>
         <value>0xebe6</value>
         <object_component_ref idref="oc-12b"/>
      </symbol>
      <symbol id="sm-528">
         <name>L_LSL_1</name>
         <value>0xebea</value>
         <object_component_ref idref="oc-12b"/>
      </symbol>
      <symbol id="sm-529">
         <name>L_LSL_7</name>
         <value>0xebd2</value>
         <object_component_ref idref="oc-12b"/>
      </symbol>
      <symbol id="sm-52a">
         <name>L_LSL_6</name>
         <value>0xebd6</value>
         <object_component_ref idref="oc-12b"/>
      </symbol>
      <symbol id="sm-52b">
         <name>L_LSL_5</name>
         <value>0xebda</value>
         <object_component_ref idref="oc-12b"/>
      </symbol>
      <symbol id="sm-52c">
         <name>L_LSL_4</name>
         <value>0xebde</value>
         <object_component_ref idref="oc-12b"/>
      </symbol>
      <symbol id="sm-52d">
         <name>L_LSL_9</name>
         <value>0xebca</value>
         <object_component_ref idref="oc-12b"/>
      </symbol>
      <symbol id="sm-52e">
         <name>L_LSL_8</name>
         <value>0xebce</value>
         <object_component_ref idref="oc-12b"/>
      </symbol>
      <symbol id="sm-52f">
         <name>L_LSL</name>
         <value>0xef4e</value>
         <object_component_ref idref="oc-12c"/>
      </symbol>
      <symbol id="sm-530">
         <name>L_LSL_12</name>
         <value>0xebbe</value>
         <object_component_ref idref="oc-12b"/>
      </symbol>
      <symbol id="sm-531">
         <name>L_LSL_13</name>
         <value>0xebba</value>
         <object_component_ref idref="oc-12b"/>
      </symbol>
      <symbol id="sm-532">
         <name>L_LSL_10</name>
         <value>0xebc6</value>
         <object_component_ref idref="oc-12b"/>
      </symbol>
      <symbol id="sm-533">
         <name>L_LSL_11</name>
         <value>0xebc2</value>
         <object_component_ref idref="oc-12b"/>
      </symbol>
      <symbol id="sm-534">
         <name>L_LSL_14</name>
         <value>0xebb6</value>
         <object_component_ref idref="oc-12b"/>
      </symbol>
      <symbol id="sm-535">
         <name>L_LSL_15</name>
         <value>0xebb2</value>
         <object_component_ref idref="oc-12b"/>
      </symbol>
      <symbol id="sm-53d">
         <name>L_LSR_12</name>
         <value>0xebfc</value>
         <object_component_ref idref="oc-122"/>
      </symbol>
      <symbol id="sm-53e">
         <name>L_LSR_13</name>
         <value>0xebf8</value>
         <object_component_ref idref="oc-122"/>
      </symbol>
      <symbol id="sm-53f">
         <name>L_LSR_10</name>
         <value>0xec04</value>
         <object_component_ref idref="oc-122"/>
      </symbol>
      <symbol id="sm-540">
         <name>L_LSR_11</name>
         <value>0xec00</value>
         <object_component_ref idref="oc-122"/>
      </symbol>
      <symbol id="sm-541">
         <name>L_LSR_14</name>
         <value>0xebf4</value>
         <object_component_ref idref="oc-122"/>
      </symbol>
      <symbol id="sm-542">
         <name>L_LSR_15</name>
         <value>0xebf0</value>
         <object_component_ref idref="oc-122"/>
      </symbol>
      <symbol id="sm-543">
         <name>L_LSR_3</name>
         <value>0xec20</value>
         <object_component_ref idref="oc-122"/>
      </symbol>
      <symbol id="sm-544">
         <name>L_LSR_2</name>
         <value>0xec24</value>
         <object_component_ref idref="oc-122"/>
      </symbol>
      <symbol id="sm-545">
         <name>L_LSR_1</name>
         <value>0xec28</value>
         <object_component_ref idref="oc-122"/>
      </symbol>
      <symbol id="sm-546">
         <name>L_LSR_7</name>
         <value>0xec10</value>
         <object_component_ref idref="oc-122"/>
      </symbol>
      <symbol id="sm-547">
         <name>L_LSR_6</name>
         <value>0xec14</value>
         <object_component_ref idref="oc-122"/>
      </symbol>
      <symbol id="sm-548">
         <name>L_LSR_5</name>
         <value>0xec18</value>
         <object_component_ref idref="oc-122"/>
      </symbol>
      <symbol id="sm-549">
         <name>L_LSR_4</name>
         <value>0xec1c</value>
         <object_component_ref idref="oc-122"/>
      </symbol>
      <symbol id="sm-54a">
         <name>L_LSR_9</name>
         <value>0xec08</value>
         <object_component_ref idref="oc-122"/>
      </symbol>
      <symbol id="sm-54b">
         <name>L_LSR_8</name>
         <value>0xec0c</value>
         <object_component_ref idref="oc-122"/>
      </symbol>
      <symbol id="sm-557">
         <name>memcpy</name>
         <value>0xef1c</value>
         <object_component_ref idref="oc-f9"/>
      </symbol>
      <symbol id="sm-568">
         <name>_system_pre_init</name>
         <value>0xefee</value>
         <object_component_ref idref="oc-f2"/>
      </symbol>
      <symbol id="sm-574">
         <name>_nop</name>
         <value>0xeff8</value>
         <object_component_ref idref="oc-f1"/>
      </symbol>
      <symbol id="sm-575">
         <name>_lock</name>
         <value>0x1ce2</value>
         <object_component_ref idref="oc-e1"/>
      </symbol>
      <symbol id="sm-576">
         <name>_unlock</name>
         <value>0x1ce6</value>
         <object_component_ref idref="oc-e1"/>
      </symbol>
      <symbol id="sm-57e">
         <name>__TI_args_main</name>
         <value>0x1</value>
      </symbol>
      <symbol id="sm-58e">
         <name>_auto_init</name>
         <value>0xeaea</value>
         <object_component_ref idref="oc-f3"/>
      </symbol>
      <symbol id="sm-58f">
         <name>__TI_auto_init</name>
         <value>0x1</value>
      </symbol>
   </symbol_table>
   <title>Link successful</title>
</link_info>
