MSP430 Assembler PC v4.3.1 Wed Oct 01 17:44:02 2014

Tools Copyright (c) 2003-2014 Texas Instruments Incorporated
C:\Users\x0135533\AppData\Local\Temp\0597212                         PAGE    1

       1            ;******************************************************************************
       2            ;* MSP430 C/C++ Codegen                                             PC v4.3.1 *
       3            ;* Date/Time created: Wed Oct 01 17:44:02 2014                                *
       4            ;******************************************************************************
       5                    .compiler_opts --abi=coffabi --hll_source=on --mem_model:code=large --mem_model:data=small --o
       6            
       7            $C$DW$CU        .dwtag  DW_TAG_compile_unit
       8                    .dwattr $C$DW$CU, DW_AT_name("C:/ti/CC3000 SDK/MSP430FR5739/Basic WiFi Application/Basic WiFi 
       9                    .dwattr $C$DW$CU, DW_AT_producer("TI MSP430 C/C++ Codegen PC v4.3.1 Copyright (c) 2003-2014 Te
      10                    .dwattr $C$DW$CU, DW_AT_TI_version(0x01)
      11                    .dwattr $C$DW$CU, DW_AT_comp_dir("C:\ti\CC3000 SDK\MSP430FR5739\Basic WiFi Application\Basic W
      12            ;       c:\ti\ccsv6\tools\compiler\msp430_4.3.1\bin\opt430.exe C:\\Users\\x0135533\\AppData\\Local\\Te
      13            
      14            ;******************************************************************************
      15            ;* BUILD ATTRIBUTES                                                           *
      16            ;******************************************************************************
      17                    .battr "TI", Tag_File, 1, Tag_ABI_enum_size(3)
      18            
      19            ;******************************************************************************
      20            ;* TYPE INFORMATION                                                           *
      21            ;******************************************************************************
      22            $C$DW$T$2       .dwtag  DW_TAG_unspecified_type
      23                    .dwattr $C$DW$T$2, DW_AT_name("void")
      24            $C$DW$T$4       .dwtag  DW_TAG_base_type
      25                    .dwattr $C$DW$T$4, DW_AT_encoding(DW_ATE_boolean)
      26                    .dwattr $C$DW$T$4, DW_AT_name("bool")
      27                    .dwattr $C$DW$T$4, DW_AT_byte_size(0x01)
      28            $C$DW$T$5       .dwtag  DW_TAG_base_type
      29                    .dwattr $C$DW$T$5, DW_AT_encoding(DW_ATE_signed_char)
      30                    .dwattr $C$DW$T$5, DW_AT_name("signed char")
      31                    .dwattr $C$DW$T$5, DW_AT_byte_size(0x01)
      32            $C$DW$T$6       .dwtag  DW_TAG_base_type
      33                    .dwattr $C$DW$T$6, DW_AT_encoding(DW_ATE_unsigned_char)
      34                    .dwattr $C$DW$T$6, DW_AT_name("unsigned char")
      35                    .dwattr $C$DW$T$6, DW_AT_byte_size(0x01)
      36            $C$DW$T$7       .dwtag  DW_TAG_base_type
      37                    .dwattr $C$DW$T$7, DW_AT_encoding(DW_ATE_signed_char)
      38                    .dwattr $C$DW$T$7, DW_AT_name("wchar_t")
      39                    .dwattr $C$DW$T$7, DW_AT_byte_size(0x02)
      40            $C$DW$T$8       .dwtag  DW_TAG_base_type
      41                    .dwattr $C$DW$T$8, DW_AT_encoding(DW_ATE_signed)
      42                    .dwattr $C$DW$T$8, DW_AT_name("short")
      43                    .dwattr $C$DW$T$8, DW_AT_byte_size(0x02)
      44            $C$DW$T$9       .dwtag  DW_TAG_base_type
      45                    .dwattr $C$DW$T$9, DW_AT_encoding(DW_ATE_unsigned)
      46                    .dwattr $C$DW$T$9, DW_AT_name("unsigned short")
      47                    .dwattr $C$DW$T$9, DW_AT_byte_size(0x02)
      48            $C$DW$T$10      .dwtag  DW_TAG_base_type
      49                    .dwattr $C$DW$T$10, DW_AT_encoding(DW_ATE_signed)
      50                    .dwattr $C$DW$T$10, DW_AT_name("int")
      51                    .dwattr $C$DW$T$10, DW_AT_byte_size(0x02)
      52            $C$DW$T$11      .dwtag  DW_TAG_base_type
      53                    .dwattr $C$DW$T$11, DW_AT_encoding(DW_ATE_unsigned)
      54                    .dwattr $C$DW$T$11, DW_AT_name("unsigned int")
      55                    .dwattr $C$DW$T$11, DW_AT_byte_size(0x02)
MSP430 Assembler PC v4.3.1 Wed Oct 01 17:44:02 2014

Tools Copyright (c) 2003-2014 Texas Instruments Incorporated
C:\Users\x0135533\AppData\Local\Temp\0597212                         PAGE    2

      56            $C$DW$T$12      .dwtag  DW_TAG_base_type
      57                    .dwattr $C$DW$T$12, DW_AT_encoding(DW_ATE_signed)
      58                    .dwattr $C$DW$T$12, DW_AT_name("long")
      59                    .dwattr $C$DW$T$12, DW_AT_byte_size(0x04)
      60            $C$DW$T$13      .dwtag  DW_TAG_base_type
      61                    .dwattr $C$DW$T$13, DW_AT_encoding(DW_ATE_unsigned)
      62                    .dwattr $C$DW$T$13, DW_AT_name("unsigned long")
      63                    .dwattr $C$DW$T$13, DW_AT_byte_size(0x04)
      64            $C$DW$T$14      .dwtag  DW_TAG_base_type
      65                    .dwattr $C$DW$T$14, DW_AT_encoding(DW_ATE_signed)
      66                    .dwattr $C$DW$T$14, DW_AT_name("long long")
      67                    .dwattr $C$DW$T$14, DW_AT_byte_size(0x08)
      68            $C$DW$T$15      .dwtag  DW_TAG_base_type
      69                    .dwattr $C$DW$T$15, DW_AT_encoding(DW_ATE_unsigned)
      70                    .dwattr $C$DW$T$15, DW_AT_name("unsigned long long")
      71                    .dwattr $C$DW$T$15, DW_AT_byte_size(0x08)
      72            $C$DW$T$16      .dwtag  DW_TAG_base_type
      73                    .dwattr $C$DW$T$16, DW_AT_encoding(DW_ATE_float)
      74                    .dwattr $C$DW$T$16, DW_AT_name("float")
      75                    .dwattr $C$DW$T$16, DW_AT_byte_size(0x04)
      76            $C$DW$T$17      .dwtag  DW_TAG_base_type
      77                    .dwattr $C$DW$T$17, DW_AT_encoding(DW_ATE_float)
      78                    .dwattr $C$DW$T$17, DW_AT_name("double")
      79                    .dwattr $C$DW$T$17, DW_AT_byte_size(0x04)
      80            $C$DW$T$18      .dwtag  DW_TAG_base_type
      81                    .dwattr $C$DW$T$18, DW_AT_encoding(DW_ATE_float)
      82                    .dwattr $C$DW$T$18, DW_AT_name("long double")
      83                    .dwattr $C$DW$T$18, DW_AT_byte_size(0x04)
      84                    .dwendtag $C$DW$CU
      85            

No Assembly Errors, No Assembly Warnings
